Archive member included to satisfy reference by file (symbol)

/opt/st/stm32cubeclt_1.21.0/GNU-tools-for-STM32/bin/../lib/gcc/arm-none-eabi/14.3.1/../../../../arm-none-eabi/lib/thumb/v7e-m+fp/hard/libm.a(libm_a-wf_asin.o)
                              CMakeFiles/Robot_Myself.dir/Core/Src/core.c.obj (asinf)
/opt/st/stm32cubeclt_1.21.0/GNU-tools-for-STM32/bin/../lib/gcc/arm-none-eabi/14.3.1/../../../../arm-none-eabi/lib/thumb/v7e-m+fp/hard/libm.a(libm_a-wf_atan2.o)
                              CMakeFiles/Robot_Myself.dir/Core/Src/brushless_motor.c.obj (atan2f)
/opt/st/stm32cubeclt_1.21.0/GNU-tools-for-STM32/bin/../lib/gcc/arm-none-eabi/14.3.1/../../../../arm-none-eabi/lib/thumb/v7e-m+fp/hard/libm.a(libm_a-sf_cos.o)
                              CMakeFiles/Robot_Myself.dir/Core/Src/brushless_motor.c.obj (cosf)
/opt/st/stm32cubeclt_1.21.0/GNU-tools-for-STM32/bin/../lib/gcc/arm-none-eabi/14.3.1/../../../../arm-none-eabi/lib/thumb/v7e-m+fp/hard/libm.a(libm_a-sf_fabs.o)
                              /opt/st/stm32cubeclt_1.21.0/GNU-tools-for-STM32/bin/../lib/gcc/arm-none-eabi/14.3.1/../../../../arm-none-eabi/lib/thumb/v7e-m+fp/hard/libm.a(libm_a-wf_asin.o) (fabsf)
/opt/st/stm32cubeclt_1.21.0/GNU-tools-for-STM32/bin/../lib/gcc/arm-none-eabi/14.3.1/../../../../arm-none-eabi/lib/thumb/v7e-m+fp/hard/libm.a(libm_a-sf_sin.o)
                              CMakeFiles/Robot_Myself.dir/Core/Src/brushless_motor.c.obj (sinf)
/opt/st/stm32cubeclt_1.21.0/GNU-tools-for-STM32/bin/../lib/gcc/arm-none-eabi/14.3.1/../../../../arm-none-eabi/lib/thumb/v7e-m+fp/hard/libm.a(libm_a-sf_nan.o)
                              /opt/st/stm32cubeclt_1.21.0/GNU-tools-for-STM32/bin/../lib/gcc/arm-none-eabi/14.3.1/../../../../arm-none-eabi/lib/thumb/v7e-m+fp/hard/libm.a(libm_a-wf_asin.o) (nanf)
/opt/st/stm32cubeclt_1.21.0/GNU-tools-for-STM32/bin/../lib/gcc/arm-none-eabi/14.3.1/../../../../arm-none-eabi/lib/thumb/v7e-m+fp/hard/libm.a(libm_a-kf_cos.o)
                              /opt/st/stm32cubeclt_1.21.0/GNU-tools-for-STM32/bin/../lib/gcc/arm-none-eabi/14.3.1/../../../../arm-none-eabi/lib/thumb/v7e-m+fp/hard/libm.a(libm_a-sf_cos.o) (__kernel_cosf)
/opt/st/stm32cubeclt_1.21.0/GNU-tools-for-STM32/bin/../lib/gcc/arm-none-eabi/14.3.1/../../../../arm-none-eabi/lib/thumb/v7e-m+fp/hard/libm.a(libm_a-kf_sin.o)
                              /opt/st/stm32cubeclt_1.21.0/GNU-tools-for-STM32/bin/../lib/gcc/arm-none-eabi/14.3.1/../../../../arm-none-eabi/lib/thumb/v7e-m+fp/hard/libm.a(libm_a-sf_cos.o) (__kernel_sinf)
/opt/st/stm32cubeclt_1.21.0/GNU-tools-for-STM32/bin/../lib/gcc/arm-none-eabi/14.3.1/../../../../arm-none-eabi/lib/thumb/v7e-m+fp/hard/libm.a(libm_a-ef_asin.o)
                              /opt/st/stm32cubeclt_1.21.0/GNU-tools-for-STM32/bin/../lib/gcc/arm-none-eabi/14.3.1/../../../../arm-none-eabi/lib/thumb/v7e-m+fp/hard/libm.a(libm_a-wf_asin.o) (__ieee754_asinf)
/opt/st/stm32cubeclt_1.21.0/GNU-tools-for-STM32/bin/../lib/gcc/arm-none-eabi/14.3.1/../../../../arm-none-eabi/lib/thumb/v7e-m+fp/hard/libm.a(libm_a-ef_atan2.o)
                              /opt/st/stm32cubeclt_1.21.0/GNU-tools-for-STM32/bin/../lib/gcc/arm-none-eabi/14.3.1/../../../../arm-none-eabi/lib/thumb/v7e-m+fp/hard/libm.a(libm_a-wf_atan2.o) (__ieee754_atan2f)
/opt/st/stm32cubeclt_1.21.0/GNU-tools-for-STM32/bin/../lib/gcc/arm-none-eabi/14.3.1/../../../../arm-none-eabi/lib/thumb/v7e-m+fp/hard/libm.a(libm_a-ef_rem_pio2.o)
                              /opt/st/stm32cubeclt_1.21.0/GNU-tools-for-STM32/bin/../lib/gcc/arm-none-eabi/14.3.1/../../../../arm-none-eabi/lib/thumb/v7e-m+fp/hard/libm.a(libm_a-sf_cos.o) (__ieee754_rem_pio2f)
/opt/st/stm32cubeclt_1.21.0/GNU-tools-for-STM32/bin/../lib/gcc/arm-none-eabi/14.3.1/../../../../arm-none-eabi/lib/thumb/v7e-m+fp/hard/libm.a(libm_a-sf_atan.o)
                              /opt/st/stm32cubeclt_1.21.0/GNU-tools-for-STM32/bin/../lib/gcc/arm-none-eabi/14.3.1/../../../../arm-none-eabi/lib/thumb/v7e-m+fp/hard/libm.a(libm_a-ef_atan2.o) (atanf)
/opt/st/stm32cubeclt_1.21.0/GNU-tools-for-STM32/bin/../lib/gcc/arm-none-eabi/14.3.1/../../../../arm-none-eabi/lib/thumb/v7e-m+fp/hard/libm.a(libm_a-ef_sqrt.o)
                              /opt/st/stm32cubeclt_1.21.0/GNU-tools-for-STM32/bin/../lib/gcc/arm-none-eabi/14.3.1/../../../../arm-none-eabi/lib/thumb/v7e-m+fp/hard/libm.a(libm_a-ef_asin.o) (__ieee754_sqrtf)
/opt/st/stm32cubeclt_1.21.0/GNU-tools-for-STM32/bin/../lib/gcc/arm-none-eabi/14.3.1/../../../../arm-none-eabi/lib/thumb/v7e-m+fp/hard/libm.a(libm_a-kf_rem_pio2.o)
                              /opt/st/stm32cubeclt_1.21.0/GNU-tools-for-STM32/bin/../lib/gcc/arm-none-eabi/14.3.1/../../../../arm-none-eabi/lib/thumb/v7e-m+fp/hard/libm.a(libm_a-ef_rem_pio2.o) (__kernel_rem_pio2f)
/opt/st/stm32cubeclt_1.21.0/GNU-tools-for-STM32/bin/../lib/gcc/arm-none-eabi/14.3.1/../../../../arm-none-eabi/lib/thumb/v7e-m+fp/hard/libm.a(libm_a-sf_scalbn.o)
[...]
Memory Configuration

Name             Origin             Length             Attributes
RAM              0x20000000         0x00020000         xrw
CCMRAM           0x10000000         0x00010000         xrw
FLASH            0x08000000         0x00080000         xr
*default*        0x00000000         0xffffffff

Linker script and memory map

LOAD /opt/st/stm32cubeclt_1.21.0/GNU-tools-for-STM32/bin/../lib/gcc/arm-none-eabi/14.3.1/thumb/v7e-m+fp/hard/crti.o
LOAD /opt/st/stm32cubeclt_1.21.0/GNU-tools-for-STM32/bin/../lib/gcc/arm-none-eabi/14.3.1/thumb/v7e-m+fp/hard/crtbegin.o
LOAD /opt/st/stm32cubeclt_1.21.0/GNU-tools-for-STM32/bin/../lib/gcc/arm-none-eabi/14.3.1/../../../../arm-none-eabi/lib/thumb/v7e-m+fp/hard/crt0.o
LOAD cmake/stm32cubemx/CMakeFiles/STM32_Drivers.dir/__/__/Core/Src/system_stm32f4xx.c.obj
LOAD cmake/stm32cubemx/CMakeFiles/STM32_Drivers.dir/__/__/Drivers/STM32F4xx_HAL_Driver/Src/stm32f4xx_hal_tim.c.obj
LOAD cmake/stm32cubemx/CMakeFiles/STM32_Drivers.dir/__/__/Drivers/STM32F4xx_HAL_Driver/Src/stm32f4xx_hal_tim_ex.c.obj
LOAD cmake/stm32cubemx/CMakeFiles/STM32_Drivers.dir/__/__/Drivers/STM32F4xx_HAL_Driver/Src/stm32f4xx_hal_rcc.c.obj
LOAD cmake/stm32cubemx/CMakeFiles/STM32_Drivers.dir/__/__/Drivers/STM32F4xx_HAL_Driver/Src/stm32f4xx_hal_rcc_ex.c.obj
LOAD cmake/stm32cubemx/CMakeFiles/STM32_Drivers.dir/__/__/Drivers/STM32F4xx_HAL_Driver/Src/stm32f4xx_hal_flash.c.obj
LOAD cmake/stm32cubemx/CMakeFiles/STM32_Drivers.dir/__/__/Drivers/STM32F4xx_HAL_Driver/Src/stm32f4xx_hal_flash_ex.c.obj
LOAD cmake/stm32cubemx/CMakeFiles/STM32_Drivers.dir/__/__/Drivers/STM32F4xx_HAL_Driver/Src/stm32f4xx_hal_flash_ramfunc.c.obj
LOAD cmake/stm32cubemx/CMakeFiles/STM32_Drivers.dir/__/__/Drivers/STM32F4xx_HAL_Driver/Src/stm32f4xx_hal_gpio.c.obj
LOAD cmake/stm32cubemx/CMakeFiles/STM32_Drivers.dir/__/__/Drivers/STM32F4xx_HAL_Driver/Src/stm32f4xx_hal_dma_ex.c.obj
LOAD cmake/stm32cubemx/CMakeFiles/STM32_Drivers.dir/__/__/Drivers/STM32F4xx_HAL_Driver/Src/stm32f4xx_hal_dma.c.obj
LOAD cmake/stm32cubemx/CMakeFiles/STM32_Drivers.dir/__/__/Drivers/STM32F4xx_HAL_Driver/Src/stm32f4xx_hal_pwr.c.obj
LOAD cmake/stm32cubemx/CMakeFiles/STM32_Drivers.dir/__/__/Drivers/STM32F4xx_HAL_Driver/Src/stm32f4xx_hal_pwr_ex.c.obj
LOAD cmake/stm32cubemx/CMakeFiles/STM32_Drivers.dir/__/__/Drivers/STM32F4xx_HAL_Driver/Src/stm32f4xx_hal_cortex.c.obj
LOAD cmake/stm32cubemx/CMakeFiles/STM32_Drivers.dir/__/__/Drivers/STM32F4xx_HAL_Driver/Src/stm32f4xx_hal.c.obj
LOAD cmake/stm32cubemx/CMakeFiles/STM32_Drivers.dir/__/__/Drivers/STM32F4xx_HAL_Driver/Src/stm32f4xx_hal_exti.c.obj
LOAD cmake/stm32cubemx/CMakeFiles/STM32_Drivers.dir/__/__/Drivers/STM32F4xx_HAL_Driver/Src/stm32f4xx_hal_i2c.c.obj
LOAD cmake/stm32cubemx/CMakeFiles/STM32_Drivers.dir/__/__/Drivers/STM32F4xx_HAL_Driver/Src/stm32f4xx_hal_i2c_ex.c.obj
LOAD cmake/stm32cubemx/CMakeFiles/STM32_Drivers.dir/__/__/Drivers/STM32F4xx_HAL_Driver/Src/stm32f4xx_hal_uart.c.obj
LOAD cmake/stm32cubemx/CMakeFiles/FreeRTOS.dir/__/__/Middlewares/Third_Party/FreeRTOS/Source/croutine.c.obj
LOAD cmake/stm32cubemx/CMakeFiles/FreeRTOS.dir/__/__/Middlewares/Third_Party/FreeRTOS/Source/event_groups.c.obj
LOAD cmake/stm32cubemx/CMakeFiles/FreeRTOS.dir/__/__/Middlewares/Third_Party/FreeRTOS/Source/list.c.obj
LOAD cmake/stm32cubemx/CMakeFiles/FreeRTOS.dir/__/__/Middlewares/Third_Party/FreeRTOS/Source/queue.c.obj
LOAD cmake/stm32cubemx/CMakeFiles/FreeRTOS.dir/__/__/Middlewares/Third_Party/FreeRTOS/Source/stream_buffer.c.obj
LOAD cmake/stm32cubemx/CMakeFiles/FreeRTOS.dir/__/__/Middlewares/Third_Party/FreeRTOS/Source/tasks.c.obj
LOAD cmake/stm32cubemx/CMakeFiles/FreeRTOS.dir/__/__/Middlewares/Third_Party/FreeRTOS/Source/timers.c.obj
LOAD cmake/stm32cubemx/CMakeFiles/FreeRTOS.dir/__/__/Middlewares/Third_Party/FreeRTOS/Source/CMSIS_RTOS_V2/cmsis_os2.c.obj
LOAD cmake/stm32cubemx/CMakeFiles/FreeRTOS.dir/__/__/Middlewares/Third_Party/FreeRTOS/Source/portable/MemMang/heap_4.c.obj
LOAD cmake/stm32cubemx/CMakeFiles/FreeRTOS.dir/__/__/Middlewares/Third_Party/FreeRTOS/Source/portable/GCC/ARM_CM4F/port.c.obj
LOAD CMakeFiles/Robot_Myself.dir/Core/Src/main.c.obj
LOAD CMakeFiles/Robot_Myself.dir/Core/Src/gpio.c.obj
LOAD CMakeFiles/Robot_Myself.dir/Core/Src/freertos.c.obj
LOAD CMakeFiles/Robot_Myself.dir/Core/Src/dma.c.obj
LOAD CMakeFiles/Robot_Myself.dir/Core/Src/i2c.c.obj
LOAD CMakeFiles/Robot_Myself.dir/Core/Src/core.c.obj
LOAD CMakeFiles/Robot_Myself.dir/Core/Src/brushless_motor.c.obj
LOAD CMakeFiles/Robot_Myself.dir/Core/Src/steering_engine.c.obj
LOAD CMakeFiles/Robot_Myself.dir/Core/Src/inv_mpu.c.obj
LOAD CMakeFiles/Robot_Myself.dir/Core/Src/inv_mpu_dmp_motion_driver.c.obj
LOAD CMakeFiles/Robot_Myself.dir/Core/Src/tim.c.obj
LOAD CMakeFiles/Robot_Myself.dir/Core/Src/usart.c.obj
LOAD CMakeFiles/Robot_Myself.dir/Core/Src/stm32f4xx_it.c.obj
LOAD CMakeFiles/Robot_Myself.dir/Core/Src/stm32f4xx_hal_msp.c.obj
LOAD CMakeFiles/Robot_Myself.dir/Core/Src/stm32f4xx_hal_timebase_tim.c.obj
LOAD CMakeFiles/Robot_Myself.dir/Core/Src/sysmem.c.obj
LOAD CMakeFiles/Robot_Myself.dir/Core/Src/syscalls.c.obj
LOAD CMakeFiles/Robot_Myself.dir/startup_stm32f407xx.s.obj
LOAD /opt/st/stm32cubeclt_1.21.0/GNU-tools-for-STM32/bin/../lib/gcc/arm-none-eabi/14.3.1/../../../../arm-none-eabi/lib/thumb/v7e-m+fp/hard/libm.a
START GROUP
LOAD /opt/st/stm32cubeclt_1.21.0/GNU-tools-for-STM32/bin/../lib/gcc/arm-none-eabi/14.3.1/thumb/v7e-m+fp/hard/libgcc.a
LOAD /opt/st/stm32cubeclt_1.21.0/GNU-tools-for-STM32/bin/../lib/gcc/arm-none-eabi/14.3.1/../../../../arm-none-eabi/lib/thumb/v7e-m+fp/hard/libg_nano.a
LOAD /opt/st/stm32cubeclt_1.21.0/GNU-tools-for-STM32/bin/../lib/gcc/arm-none-eabi/14.3.1/../../../../arm-none-eabi/lib/thumb/v7e-m+fp/hard/libc_nano.a
END GROUP
START GROUP
LOAD /opt/st/stm32cubeclt_1.21.0/GNU-tools-for-STM32/bin/../lib/gcc/arm-none-eabi/14.3.1/thumb/v7e-m+fp/hard/libgcc.a
LOAD /opt/st/stm32cubeclt_1.21.0/GNU-tools-for-STM32/bin/../lib/gcc/arm-none-eabi/14.3.1/../../../../arm-none-eabi/lib/thumb/v7e-m+fp/hard/libc_nano.a
END GROUP
LOAD /opt/st/stm32cubeclt_1.21.0/GNU-tools-for-STM32/bin/../lib/gcc/arm-none-eabi/14.3.1/thumb/v7e-m+fp/hard/crtend.o
LOAD /opt/st/stm32cubeclt_1.21.0/GNU-tools-for-STM32/bin/../lib/gcc/arm-none-eabi/14.3.1/thumb/v7e-m+fp/hard/crtn.o
                0x20020000                        _estack = (ORIGIN (RAM) + LENGTH (RAM))
                0x2001fc00                        _sstack = (_estack - _Min_Stack_Size)
                0x00000200                        _Min_Heap_Size = 0x200
                0x00000400                        _Min_Stack_Size = 0x400

.isr_vector     0x08000000      0x188
                0x08000000                        . = ALIGN (0x4)
 *(.isr_vector)
 .isr_vector    0x08000000      0x188 CMakeFiles/Robot_Myself.dir/startup_stm32f407xx.s.obj
                0x08000000                g_pfnVectors
                0x08000188                        . = ALIGN (0x4)

.text           0x08000190    0x1040c
                0x08000190                        . = ALIGN (0x4)
 *(.text)
 .text          0x08000190       0x40 /opt/st/stm32cubeclt_1.21.0/GNU-tools-for-STM32/bin/../lib/gcc/arm-none-eabi/14.3.1/thumb/v7e-m+fp/hard/crtbegin.o
 .text          0x080001d0      0x378 /opt/st/stm32cubeclt_1.21.0/GNU-tools-for-STM32/bin/../lib/gcc/arm-none-eabi/14.3.1/thumb/v7e-m+fp/hard/libgcc.a(_arm_addsubdf3.o)
                0x080001d0                __aeabi_drsub
                0x080001d8                __aeabi_dsub
                0x080001d8                __subdf3
                0x080001dc                __adddf3
                0x080001dc                __aeabi_dadd
                0x08000454                __aeabi_ui2d
                0x08000454                __floatunsidf
                0x08000474                __floatsidf
                0x08000474                __aeabi_i2d
                0x08000498                __extendsfdf2
                0x08000498                __aeabi_f2d
                0x080004dc                __aeabi_ul2d
                0x080004dc                __floatundidf
                0x080004ec                __floatdidf
                0x080004ec                __aeabi_l2d
 .text          0x08000548       0x30 /opt/st/stm32cubeclt_1.21.0/GNU-tools-for-STM32/bin/../lib/gcc/arm-none-eabi/14.3.1/thumb/v7e-m+fp/hard/libgcc.a(_aeabi_uldivmod.o)
                0x08000548                __aeabi_uldivmod
 .text          0x08000578      0x2f8 /opt/st/stm32cubeclt_1.21.0/GNU-tools-for-STM32/bin/../lib/gcc/arm-none-eabi/14.3.1/thumb/v7e-m+fp/hard/libgcc.a(_udivmoddi4.o)
                0x08000578                __udivmoddi4
 .text          0x08000870        0x4 /opt/st/stm32cubeclt_1.21.0/GNU-tools-for-STM32/bin/../lib/gcc/arm-none-eabi/14.3.1/thumb/v7e-m+fp/hard/libgcc.a(_dvmd_tls.o)
                0x08000870                __aeabi_ldiv0
                0x08000870                __aeabi_idiv0
 .text          0x08000874       0x14 /opt/st/stm32cubeclt_1.21.0/GNU-tools-for-STM32/bin/../lib/gcc/arm-none-eabi/14.3.1/../../../../arm-none-eabi/lib/thumb/v7e-m+fp/hard/libg_nano.a(libc_a-strcmp.o)
                0x08000874                strcmp
 .text          0x08000888       0x10 /opt/st/stm32cubeclt_1.21.0/GNU-tools-for-STM32/bin/../lib/gcc/arm-none-eabi/14.3.1/../../../../arm-none-eabi/lib/thumb/v7e-m+fp/hard/libg_nano.a(libc_a-strlen.o)
                0x08000888                strlen
 *fill*         0x08000898        0x8 
 .text          0x080008a0       0xa0 /opt/st/stm32cubeclt_1.21.0/GNU-tools-for-STM32/bin/../lib/gcc/arm-none-eabi/14.3.1/../../../../arm-none-eabi/lib/thumb/v7e-m+fp/hard/libg_nano.a(libc_a-memchr.o)
                0x080008a0                memchr
 *(.text*)
 .text.SystemInit
                0x08000940       0x24 cmake/stm32cubemx/CMakeFiles/STM32_Drivers.dir/__/__/Core/Src/system_stm32f4xx.c.obj
                0x08000940                SystemInit
 .text.HAL_TIM_Base_Init
                0x08000964       0x9e cmake/stm32cubemx/CMakeFiles/STM32_Drivers.dir/__/__/Drivers/STM32F4xx_HAL_Driver/Src/stm32f4xx_hal_tim.c.obj
                0x08000964                HAL_TIM_Base_Init
 *fill*         0x08000a02        0x2 
 .text.HAL_TIM_Base_Start_IT
                0x08000a04       0xe0 cmake/stm32cubemx/CMakeFiles/STM32_Drivers.dir/__/__/Drivers/STM32F4xx_HAL_Driver/Src/stm32f4xx_hal_tim.c.obj
                0x08000a04                HAL_TIM_Base_Start_IT
 .text.HAL_TIM_PWM_Init
                0x08000ae4       0x9e cmake/stm32cubemx/CMakeFiles/STM32_Drivers.dir/__/__/Drivers/STM32F4xx_HAL_Driver/Src/stm32f4xx_hal_tim.c.obj
                0x08000ae4                HAL_TIM_PWM_Init
 .text.HAL_TIM_PWM_MspInit
                0x08000b82       0x14 cmake/stm32cubemx/CMakeFiles/STM32_Drivers.dir/__/__/Drivers/STM32F4xx_HAL_Driver/Src/stm32f4xx_hal_tim.c.obj
                0x08000b82                HAL_TIM_PWM_MspInit
 *fill*         0x08000b96        0x2 
 .text.HAL_TIM_PWM_Start
                0x08000b98      0x190 cmake/stm32cubemx/CMakeFiles/STM32_Drivers.dir/__/__/Drivers/STM32F4xx_HAL_Driver/Src/stm32f4xx_hal_tim.c.obj
                0x08000b98                HAL_TIM_PWM_Start
 .text.HAL_TIM_IRQHandler
                0x08000d28      0x1e0 cmake/stm32cubemx/CMakeFiles/STM32_Drivers.dir/__/__/Drivers/STM32F4xx_HAL_Driver/Src/stm32f4xx_hal_tim.c.obj
                0x08000d28                HAL_TIM_IRQHandler
 .text.HAL_TIM_PWM_ConfigChannel
                0x08000f08      0x184 cmake/stm32cubemx/CMakeFiles/STM32_Drivers.dir/__/__/Drivers/STM32F4xx_HAL_Driver/Src/stm32f4xx_hal_tim.c.obj
                0x08000f08                HAL_TIM_PWM_ConfigChannel
 .text.HAL_TIM_SlaveConfigSynchro
                0x0800108c       0x84 cmake/stm32cubemx/CMakeFiles/STM32_Drivers.dir/__/__/Drivers/STM32F4xx_HAL_Driver/Src/stm32f4xx_hal_tim.c.obj
                0x0800108c                HAL_TIM_SlaveConfigSynchro
 .text.HAL_TIM_OC_DelayElapsedCallback
                0x08001110       0x14 cmake/stm32cubemx/CMakeFiles/STM32_Drivers.dir/__/__/Drivers/STM32F4xx_HAL_Driver/Src/stm32f4xx_hal_tim.c.obj
                0x08001110                HAL_TIM_OC_DelayElapsedCallback
 .text.HAL_TIM_IC_CaptureCallback
                0x08001124       0x14 cmake/stm32cubemx/CMakeFiles/STM32_Drivers.dir/__/__/Drivers/STM32F4xx_HAL_Driver/Src/stm32f4xx_hal_tim.c.obj
                0x08001124                HAL_TIM_IC_CaptureCallback
 .text.HAL_TIM_PWM_PulseFinishedCallback
                0x08001138       0x14 cmake/stm32cubemx/CMakeFiles/STM32_Drivers.dir/__/__/Drivers/STM32F4xx_HAL_Driver/Src/stm32f4xx_hal_tim.c.obj
                0x08001138                HAL_TIM_PWM_PulseFinishedCallback
 .text.HAL_TIM_TriggerCallback
                0x0800114c       0x14 cmake/stm32cubemx/CMakeFiles/STM32_Drivers.dir/__/__/Drivers/STM32F4xx_HAL_Driver/Src/stm32f4xx_hal_tim.c.obj
                0x0800114c                HAL_TIM_TriggerCallback
 .text.TIM_Base_SetConfig
                0x08001160      0x14c cmake/stm32cubemx/CMakeFiles/STM32_Drivers.dir/__/__/Drivers/STM32F4xx_HAL_Driver/Src/stm32f4xx_hal_tim.c.obj
                0x08001160                TIM_Base_SetConfig
 .text.TIM_OC1_SetConfig
                0x080012ac       0xe0 cmake/stm32cubemx/CMakeFiles/STM32_Drivers.dir/__/__/Drivers/STM32F4xx_HAL_Driver/Src/stm32f4xx_hal_tim.c.obj
 .text.TIM_OC2_SetConfig
                0x0800138c       0xec cmake/stm32cubemx/CMakeFiles/STM32_Drivers.dir/__/__/Drivers/STM32F4xx_HAL_Driver/Src/stm32f4xx_hal_tim.c.obj
                0x0800138c                TIM_OC2_SetConfig
 .text.TIM_OC3_SetConfig
                0x08001478       0xe8 cmake/stm32cubemx/CMakeFiles/STM32_Drivers.dir/__/__/Drivers/STM32F4xx_HAL_Driver/Src/stm32f4xx_hal_tim.c.obj
 .text.TIM_OC4_SetConfig
                0x08001560       0xac cmake/stm32cubemx/CMakeFiles/STM32_Drivers.dir/__/__/Drivers/STM32F4xx_HAL_Driver/Src/stm32f4xx_hal_tim.c.obj
 .text.TIM_SlaveTimer_SetConfig
                0x0800160c      0x122 cmake/stm32cubemx/CMakeFiles/STM32_Drivers.dir/__/__/Drivers/STM32F4xx_HAL_Driver/Src/stm32f4xx_hal_tim.c.obj
 .text.TIM_TI1_ConfigInputStage
                0x0800172e       0x5e cmake/stm32cubemx/CMakeFiles/STM32_Drivers.dir/__/__/Drivers/STM32F4xx_HAL_Driver/Src/stm32f4xx_hal_tim.c.obj
 .text.TIM_TI2_ConfigInputStage
                0x0800178c       0x60 cmake/stm32cubemx/CMakeFiles/STM32_Drivers.dir/__/__/Drivers/STM32F4xx_HAL_Driver/Src/stm32f4xx_hal_tim.c.obj
 .text.TIM_ETR_SetConfig
                0x080017ec       0x40 cmake/stm32cubemx/CMakeFiles/STM32_Drivers.dir/__/__/Drivers/STM32F4xx_HAL_Driver/Src/stm32f4xx_hal_tim.c.obj
                0x080017ec                TIM_ETR_SetConfig
 .text.TIM_CCxChannelCmd
                0x0800182c       0x4a cmake/stm32cubemx/CMakeFiles/STM32_Drivers.dir/__/__/Drivers/STM32F4xx_HAL_Driver/Src/stm32f4xx_hal_tim.c.obj
                0x0800182c                TIM_CCxChannelCmd
 *fill*         0x08001876        0x2 
 .text.HAL_TIMEx_MasterConfigSynchronization
                0x08001878       0xf8 cmake/stm32cubemx/CMakeFiles/STM32_Drivers.dir/__/__/Drivers/STM32F4xx_HAL_Driver/Src/stm32f4xx_hal_tim_ex.c.obj
                0x08001878                HAL_TIMEx_MasterConfigSynchronization
 .text.HAL_TIMEx_CommutCallback
                0x08001970       0x14 cmake/stm32cubemx/CMakeFiles/STM32_Drivers.dir/__/__/Drivers/STM32F4xx_HAL_Driver/Src/stm32f4xx_hal_tim_ex.c.obj
                0x08001970                HAL_TIMEx_CommutCallback
 .text.HAL_TIMEx_BreakCallback
                0x08001984       0x14 cmake/stm32cubemx/CMakeFiles/STM32_Drivers.dir/__/__/Drivers/STM32F4xx_HAL_Driver/Src/stm32f4xx_hal_tim_ex.c.obj
                0x08001984                HAL_TIMEx_BreakCallback
 .text.HAL_RCC_OscConfig
                0x08001998      0x4f0 cmake/stm32cubemx/CMakeFiles/STM32_Drivers.dir/__/__/Drivers/STM32F4xx_HAL_Driver/Src/stm32f4xx_hal_rcc.c.obj
                0x08001998                HAL_RCC_OscConfig
 .text.HAL_RCC_ClockConfig
                0x08001e88      0x1cc cmake/stm32cubemx/CMakeFiles/STM32_Drivers.dir/__/__/Drivers/STM32F4xx_HAL_Driver/Src/stm32f4xx_hal_rcc.c.obj
                0x08001e88                HAL_RCC_ClockConfig
 .text.HAL_RCC_GetSysClockFreq
                0x08002054      0x188 cmake/stm32cubemx/CMakeFiles/STM32_Drivers.dir/__/__/Drivers/STM32F4xx_HAL_Driver/Src/stm32f4xx_hal_rcc.c.obj
                0x08002054                HAL_RCC_GetSysClockFreq
 .text.HAL_RCC_GetHCLKFreq
                0x080021dc       0x18 cmake/stm32cubemx/CMakeFiles/STM32_Drivers.dir/__/__/Drivers/STM32F4xx_HAL_Driver/Src/stm32f4xx_hal_rcc.c.obj
                0x080021dc                HAL_RCC_GetHCLKFreq
 .text.HAL_RCC_GetPCLK1Freq
                0x080021f4       0x28 cmake/stm32cubemx/CMakeFiles/STM32_Drivers.dir/__/__/Drivers/STM32F4xx_HAL_Driver/Src/stm32f4xx_hal_rcc.c.obj
                0x080021f4                HAL_RCC_GetPCLK1Freq
 .text.HAL_RCC_GetPCLK2Freq
                0x0800221c       0x28 cmake/stm32cubemx/CMakeFiles/STM32_Drivers.dir/__/__/Drivers/STM32F4xx_HAL_Driver/Src/stm32f4xx_hal_rcc.c.obj
                0x0800221c                HAL_RCC_GetPCLK2Freq
 .text.HAL_RCC_GetClockConfig
                0x08002244       0x64 cmake/stm32cubemx/CMakeFiles/STM32_Drivers.dir/__/__/Drivers/STM32F4xx_HAL_Driver/Src/stm32f4xx_hal_rcc.c.obj
                0x08002244                HAL_RCC_GetClockConfig
 .text.HAL_GPIO_Init
                0x080022a8      0x338 cmake/stm32cubemx/CMakeFiles/STM32_Drivers.dir/__/__/Drivers/STM32F4xx_HAL_Driver/Src/stm32f4xx_hal_gpio.c.obj
                0x080022a8                HAL_GPIO_Init
 .text.HAL_DMA_Init
                0x080025e0      0x15c cmake/stm32cubemx/CMakeFiles/STM32_Drivers.dir/__/__/Drivers/STM32F4xx_HAL_Driver/Src/stm32f4xx_hal_dma.c.obj
                0x080025e0                HAL_DMA_Init
 .text.HAL_DMA_Start_IT
                0x0800273c       0xb0 cmake/stm32cubemx/CMakeFiles/STM32_Drivers.dir/__/__/Drivers/STM32F4xx_HAL_Driver/Src/stm32f4xx_hal_dma.c.obj
                0x0800273c                HAL_DMA_Start_IT
 .text.HAL_DMA_IRQHandler
                0x080027ec      0x314 cmake/stm32cubemx/CMakeFiles/STM32_Drivers.dir/__/__/Drivers/STM32F4xx_HAL_Driver/Src/stm32f4xx_hal_dma.c.obj
                0x080027ec                HAL_DMA_IRQHandler
 .text.DMA_SetConfig
                0x08002b00       0x5c cmake/stm32cubemx/CMakeFiles/STM32_Drivers.dir/__/__/Drivers/STM32F4xx_HAL_Driver/Src/stm32f4xx_hal_dma.c.obj
 .text.DMA_CalcBaseAndBitshift
                0x08002b5c       0x6c cmake/stm32cubemx/CMakeFiles/STM32_Drivers.dir/__/__/Drivers/STM32F4xx_HAL_Driver/Src/stm32f4xx_hal_dma.c.obj
 .text.DMA_CheckFifoParam
                0x08002bc8       0xf8 cmake/stm32cubemx/CMakeFiles/STM32_Drivers.dir/__/__/Drivers/STM32F4xx_HAL_Driver/Src/stm32f4xx_hal_dma.c.obj
 .text.__NVIC_SetPriorityGrouping
                0x08002cc0       0x48 cmake/stm32cubemx/CMakeFiles/STM32_Drivers.dir/__/__/Drivers/STM32F4xx_HAL_Driver/Src/stm32f4xx_hal_cortex.c.obj
 .text.__NVIC_GetPriorityGrouping
                0x08002d08       0x1c cmake/stm32cubemx/CMakeFiles/STM32_Drivers.dir/__/__/Drivers/STM32F4xx_HAL_Driver/Src/stm32f4xx_hal_cortex.c.obj
 .text.__NVIC_EnableIRQ
                0x08002d24       0x3c cmake/stm32cubemx/CMakeFiles/STM32_Drivers.dir/__/__/Drivers/STM32F4xx_HAL_Driver/Src/stm32f4xx_hal_cortex.c.obj
 .text.__NVIC_SetPriority
                0x08002d60       0x54 cmake/stm32cubemx/CMakeFiles/STM32_Drivers.dir/__/__/Drivers/STM32F4xx_HAL_Driver/Src/stm32f4xx_hal_cortex.c.obj
 .text.NVIC_EncodePriority
                0x08002db4       0x66 cmake/stm32cubemx/CMakeFiles/STM32_Drivers.dir/__/__/Drivers/STM32F4xx_HAL_Driver/Src/stm32f4xx_hal_cortex.c.obj
 .text.HAL_NVIC_SetPriorityGrouping
                0x08002e1a       0x16 cmake/stm32cubemx/CMakeFiles/STM32_Drivers.dir/__/__/Drivers/STM32F4xx_HAL_Driver/Src/stm32f4xx_hal_cortex.c.obj
                0x08002e1a                HAL_NVIC_SetPriorityGrouping
 .text.HAL_NVIC_SetPriority
                0x08002e30       0x38 cmake/stm32cubemx/CMakeFiles/STM32_Drivers.dir/__/__/Drivers/STM32F4xx_HAL_Driver/Src/stm32f4xx_hal_cortex.c.obj
                0x08002e30                HAL_NVIC_SetPriority
 .text.HAL_NVIC_EnableIRQ
                0x08002e68       0x1c cmake/stm32cubemx/CMakeFiles/STM32_Drivers.dir/__/__/Drivers/STM32F4xx_HAL_Driver/Src/stm32f4xx_hal_cortex.c.obj
                0x08002e68                HAL_NVIC_EnableIRQ
 .text.HAL_Init
                0x08002e84       0x44 cmake/stm32cubemx/CMakeFiles/STM32_Drivers.dir/__/__/Drivers/STM32F4xx_HAL_Driver/Src/stm32f4xx_hal.c.obj
                0x08002e84                HAL_Init
 .text.HAL_IncTick
                0x08002ec8       0x28 cmake/stm32cubemx/CMakeFiles/STM32_Drivers.dir/__/__/Drivers/STM32F4xx_HAL_Driver/Src/stm32f4xx_hal.c.obj
                0x08002ec8                HAL_IncTick
 .text.HAL_GetTick
                0x08002ef0       0x18 cmake/stm32cubemx/CMakeFiles/STM32_Drivers.dir/__/__/Drivers/STM32F4xx_HAL_Driver/Src/stm32f4xx_hal.c.obj
                0x08002ef0                HAL_GetTick
 .text.HAL_Delay
                0x08002f08       0x48 cmake/stm32cubemx/CMakeFiles/STM32_Drivers.dir/__/__/Drivers/STM32F4xx_HAL_Driver/Src/stm32f4xx_hal.c.obj
                0x08002f08                HAL_Delay
 .text.HAL_I2C_Init
                0x08002f50      0x288 cmake/stm32cubemx/CMakeFiles/STM32_Drivers.dir/__/__/Drivers/STM32F4xx_HAL_Driver/Src/stm32f4xx_hal_i2c.c.obj
                0x08002f50                HAL_I2C_Init
 .text.HAL_I2C_Mem_Write
                0x080031d8      0x1f4 cmake/stm32cubemx/CMakeFiles/STM32_Drivers.dir/__/__/Drivers/STM32F4xx_HAL_Driver/Src/stm32f4xx_hal_i2c.c.obj
                0x080031d8                HAL_I2C_Mem_Write
 .text.HAL_I2C_Mem_Read
                0x080033cc      0x464 cmake/stm32cubemx/CMakeFiles/STM32_Drivers.dir/__/__/Drivers/STM32F4xx_HAL_Driver/Src/stm32f4xx_hal_i2c.c.obj
                0x080033cc                HAL_I2C_Mem_Read
 .text.HAL_I2C_IsDeviceReady
                0x08003830      0x25c cmake/stm32cubemx/CMakeFiles/STM32_Drivers.dir/__/__/Drivers/STM32F4xx_HAL_Driver/Src/stm32f4xx_hal_i2c.c.obj
                0x08003830                HAL_I2C_IsDeviceReady
 .text.I2C_RequestMemoryWrite
                0x08003a8c      0x12c cmake/stm32cubemx/CMakeFiles/STM32_Drivers.dir/__/__/Drivers/STM32F4xx_HAL_Driver/Src/stm32f4xx_hal_i2c.c.obj
 .text.I2C_RequestMemoryRead
                0x08003bb8      0x1d0 cmake/stm32cubemx/CMakeFiles/STM32_Drivers.dir/__/__/Drivers/STM32F4xx_HAL_Driver/Src/stm32f4xx_hal_i2c.c.obj
 .text.I2C_WaitOnFlagUntilTimeout
                0x08003d88       0xf4 cmake/stm32cubemx/CMakeFiles/STM32_Drivers.dir/__/__/Drivers/STM32F4xx_HAL_Driver/Src/stm32f4xx_hal_i2c.c.obj
 .text.I2C_WaitOnMasterAddressFlagUntilTimeout
                0x08003e7c      0x140 cmake/stm32cubemx/CMakeFiles/STM32_Drivers.dir/__/__/Drivers/STM32F4xx_HAL_Driver/Src/stm32f4xx_hal_i2c.c.obj
 .text.I2C_WaitOnTXEFlagUntilTimeout
                0x08003fbc       0x90 cmake/stm32cubemx/CMakeFiles/STM32_Drivers.dir/__/__/Drivers/STM32F4xx_HAL_Driver/Src/stm32f4xx_hal_i2c.c.obj
 .text.I2C_WaitOnBTFFlagUntilTimeout
                0x0800404c       0x90 cmake/stm32cubemx/CMakeFiles/STM32_Drivers.dir/__/__/Drivers/STM32F4xx_HAL_Driver/Src/stm32f4xx_hal_i2c.c.obj
 .text.I2C_WaitOnRXNEFlagUntilTimeout
                0x080040dc       0xba cmake/stm32cubemx/CMakeFiles/STM32_Drivers.dir/__/__/Drivers/STM32F4xx_HAL_Driver/Src/stm32f4xx_hal_i2c.c.obj
 .text.I2C_IsAcknowledgeFailed
                0x08004196       0x5e cmake/stm32cubemx/CMakeFiles/STM32_Drivers.dir/__/__/Drivers/STM32F4xx_HAL_Driver/Src/stm32f4xx_hal_i2c.c.obj
 .text.HAL_UART_Init
                0x080041f4       0xa0 cmake/stm32cubemx/CMakeFiles/STM32_Drivers.dir/__/__/Drivers/STM32F4xx_HAL_Driver/Src/stm32f4xx_hal_uart.c.obj
                0x080041f4                HAL_UART_Init
 .text.HAL_UART_Transmit
                0x08004294      0x116 cmake/stm32cubemx/CMakeFiles/STM32_Drivers.dir/__/__/Drivers/STM32F4xx_HAL_Driver/Src/stm32f4xx_hal_uart.c.obj
                0x08004294                HAL_UART_Transmit
 .text.HAL_UART_Receive
                0x080043aa      0x12e cmake/stm32cubemx/CMakeFiles/STM32_Drivers.dir/__/__/Drivers/STM32F4xx_HAL_Driver/Src/stm32f4xx_hal_uart.c.obj
                0x080043aa                HAL_UART_Receive
 .text.HAL_UART_Receive_DMA
                0x080044d8       0x4a cmake/stm32cubemx/CMakeFiles/STM32_Drivers.dir/__/__/Drivers/STM32F4xx_HAL_Driver/Src/stm32f4xx_hal_uart.c.obj
                0x080044d8                HAL_UART_Receive_DMA
 .text.HAL_UART_RxCpltCallback
                0x08004522       0x14 cmake/stm32cubemx/CMakeFiles/STM32_Drivers.dir/__/__/Drivers/STM32F4xx_HAL_Driver/Src/stm32f4xx_hal_uart.c.obj
                0x08004522                HAL_UART_RxCpltCallback
 .text.HAL_UART_RxHalfCpltCallback
                0x08004536       0x14 cmake/stm32cubemx/CMakeFiles/STM32_Drivers.dir/__/__/Drivers/STM32F4xx_HAL_Driver/Src/stm32f4xx_hal_uart.c.obj
                0x08004536                HAL_UART_RxHalfCpltCallback
 .text.HAL_UART_ErrorCallback
                0x0800454a       0x14 cmake/stm32cubemx/CMakeFiles/STM32_Drivers.dir/__/__/Drivers/STM32F4xx_HAL_Driver/Src/stm32f4xx_hal_uart.c.obj
                0x0800454a                HAL_UART_ErrorCallback
 .text.HAL_UARTEx_RxEventCallback
                0x0800455e       0x18 cmake/stm32cubemx/CMakeFiles/STM32_Drivers.dir/__/__/Drivers/STM32F4xx_HAL_Driver/Src/stm32f4xx_hal_uart.c.obj
                0x0800455e                HAL_UARTEx_RxEventCallback
 .text.UART_DMAReceiveCplt
                0x08004576      0x12c cmake/stm32cubemx/CMakeFiles/STM32_Drivers.dir/__/__/Drivers/STM32F4xx_HAL_Driver/Src/stm32f4xx_hal_uart.c.obj
 .text.UART_DMARxHalfCplt
                0x080046a2       0x3c cmake/stm32cubemx/CMakeFiles/STM32_Drivers.dir/__/__/Drivers/STM32F4xx_HAL_Driver/Src/stm32f4xx_hal_uart.c.obj
 .text.UART_DMAError
                0x080046de       0x94 cmake/stm32cubemx/CMakeFiles/STM32_Drivers.dir/__/__/Drivers/STM32F4xx_HAL_Driver/Src/stm32f4xx_hal_uart.c.obj
 .text.UART_WaitOnFlagUntilTimeout
                0x08004772       0xb2 cmake/stm32cubemx/CMakeFiles/STM32_Drivers.dir/__/__/Drivers/STM32F4xx_HAL_Driver/Src/stm32f4xx_hal_uart.c.obj
 .text.UART_Start_Receive_DMA
                0x08004824      0x14c cmake/stm32cubemx/CMakeFiles/STM32_Drivers.dir/__/__/Drivers/STM32F4xx_HAL_Driver/Src/stm32f4xx_hal_uart.c.obj
                0x08004824                UART_Start_Receive_DMA
 .text.UART_EndTxTransfer
                0x08004970       0x50 cmake/stm32cubemx/CMakeFiles/STM32_Drivers.dir/__/__/Drivers/STM32F4xx_HAL_Driver/Src/stm32f4xx_hal_uart.c.obj
 .text.UART_EndRxTransfer
                0x080049c0       0xc6 cmake/stm32cubemx/CMakeFiles/STM32_Drivers.dir/__/__/Drivers/STM32F4xx_HAL_Driver/Src/stm32f4xx_hal_uart.c.obj
 *fill*         0x08004a86        0x2 
 .text.UART_SetConfig
                0x08004a88      0x4e8 cmake/stm32cubemx/CMakeFiles/STM32_Drivers.dir/__/__/Drivers/STM32F4xx_HAL_Driver/Src/stm32f4xx_hal_uart.c.obj
 .text.vListInitialise
                0x08004f70       0x40 cmake/stm32cubemx/CMakeFiles/FreeRTOS.dir/__/__/Middlewares/Third_Party/FreeRTOS/Source/list.c.obj
                0x08004f70                vListInitialise
 .text.vListInitialiseItem
                0x08004fb0       0x1a cmake/stm32cubemx/CMakeFiles/FreeRTOS.dir/__/__/Middlewares/Third_Party/FreeRTOS/Source/list.c.obj
                0x08004fb0                vListInitialiseItem
 .text.vListInsertEnd
                0x08004fca       0x48 cmake/stm32cubemx/CMakeFiles/FreeRTOS.dir/__/__/Middlewares/Third_Party/FreeRTOS/Source/list.c.obj
                0x08004fca                vListInsertEnd
 .text.vListInsert
                0x08005012       0x72 cmake/stm32cubemx/CMakeFiles/FreeRTOS.dir/__/__/Middlewares/Third_Party/FreeRTOS/Source/list.c.obj
                0x08005012                vListInsert
 .text.uxListRemove
                0x08005084       0x54 cmake/stm32cubemx/CMakeFiles/FreeRTOS.dir/__/__/Middlewares/Third_Party/FreeRTOS/Source/list.c.obj
                0x08005084                uxListRemove
 .text.xQueueGenericReset
                0x080050d8       0xd4 cmake/stm32cubemx/CMakeFiles/FreeRTOS.dir/__/__/Middlewares/Third_Party/FreeRTOS/Source/queue.c.obj
                0x080050d8                xQueueGenericReset
 .text.xQueueGenericCreateStatic
                0x080051ac       0xfa cmake/stm32cubemx/CMakeFiles/FreeRTOS.dir/__/__/Middlewares/Third_Party/FreeRTOS/Source/queue.c.obj
                0x080051ac                xQueueGenericCreateStatic
 .text.xQueueGenericCreate
                0x080052a6       0x76 cmake/stm32cubemx/CMakeFiles/FreeRTOS.dir/__/__/Middlewares/Third_Party/FreeRTOS/Source/queue.c.obj
                0x080052a6                xQueueGenericCreate
 .text.prvInitialiseNewQueue
                0x0800531c       0x46 cmake/stm32cubemx/CMakeFiles/FreeRTOS.dir/__/__/Middlewares/Third_Party/FreeRTOS/Source/queue.c.obj
 *fill*         0x08005362        0x2 
 .text.xQueueGenericSend
                0x08005364      0x204 cmake/stm32cubemx/CMakeFiles/FreeRTOS.dir/__/__/Middlewares/Third_Party/FreeRTOS/Source/queue.c.obj
                0x08005364                xQueueGenericSend
 .text.xQueueGenericSendFromISR
                0x08005568      0x13c cmake/stm32cubemx/CMakeFiles/FreeRTOS.dir/__/__/Middlewares/Third_Party/FreeRTOS/Source/queue.c.obj
                0x08005568                xQueueGenericSendFromISR
 .text.xQueueReceive
                0x080056a4      0x1c4 cmake/stm32cubemx/CMakeFiles/FreeRTOS.dir/__/__/Middlewares/Third_Party/FreeRTOS/Source/queue.c.obj
                0x080056a4                xQueueReceive
 .text.xQueueReceiveFromISR
                0x08005868      0x104 cmake/stm32cubemx/CMakeFiles/FreeRTOS.dir/__/__/Middlewares/Third_Party/FreeRTOS/Source/queue.c.obj
                0x08005868                xQueueReceiveFromISR
 .text.prvCopyDataToQueue
                0x0800596c       0xd4 cmake/stm32cubemx/CMakeFiles/FreeRTOS.dir/__/__/Middlewares/Third_Party/FreeRTOS/Source/queue.c.obj
 .text.prvCopyDataFromQueue
                0x08005a40       0x4c cmake/stm32cubemx/CMakeFiles/FreeRTOS.dir/__/__/Middlewares/Third_Party/FreeRTOS/Source/queue.c.obj
 .text.prvUnlockQueue
                0x08005a8c       0xa4 cmake/stm32cubemx/CMakeFiles/FreeRTOS.dir/__/__/Middlewares/Third_Party/FreeRTOS/Source/queue.c.obj
 .text.prvIsQueueEmpty
                0x08005b30       0x2c cmake/stm32cubemx/CMakeFiles/FreeRTOS.dir/__/__/Middlewares/Third_Party/FreeRTOS/Source/queue.c.obj
 .text.prvIsQueueFull
                0x08005b5c       0x30 cmake/stm32cubemx/CMakeFiles/FreeRTOS.dir/__/__/Middlewares/Third_Party/FreeRTOS/Source/queue.c.obj
 .text.vQueueAddToRegistry
                0x08005b8c       0x54 cmake/stm32cubemx/CMakeFiles/FreeRTOS.dir/__/__/Middlewares/Third_Party/FreeRTOS/Source/queue.c.obj
                0x08005b8c                vQueueAddToRegistry
 .text.vQueueWaitForMessageRestricted
                0x08005be0       0x68 cmake/stm32cubemx/CMakeFiles/FreeRTOS.dir/__/__/Middlewares/Third_Party/FreeRTOS/Source/queue.c.obj
                0x08005be0                vQueueWaitForMessageRestricted
 .text.xTaskCreateStatic
                0x08005c48       0xc0 cmake/stm32cubemx/CMakeFiles/FreeRTOS.dir/__/__/Middlewares/Third_Party/FreeRTOS/Source/tasks.c.obj
                0x08005c48                xTaskCreateStatic
 .text.xTaskCreate
                0x08005d08       0x8a cmake/stm32cubemx/CMakeFiles/FreeRTOS.dir/__/__/Middlewares/Third_Party/FreeRTOS/Source/tasks.c.obj
                0x08005d08                xTaskCreate
 .text.prvInitialiseNewTask
                0x08005d92      0x120 cmake/stm32cubemx/CMakeFiles/FreeRTOS.dir/__/__/Middlewares/Third_Party/FreeRTOS/Source/tasks.c.obj
 *fill*         0x08005eb2        0x2 
 .text.prvAddNewTaskToReadyList
                0x08005eb4       0xe0 cmake/stm32cubemx/CMakeFiles/FreeRTOS.dir/__/__/Middlewares/Third_Party/FreeRTOS/Source/tasks.c.obj
 .text.vTaskDelay
                0x08005f94       0x6c cmake/stm32cubemx/CMakeFiles/FreeRTOS.dir/__/__/Middlewares/Third_Party/FreeRTOS/Source/tasks.c.obj
                0x08005f94                vTaskDelay
 .text.vTaskStartScheduler
                0x08006000       0xd0 cmake/stm32cubemx/CMakeFiles/FreeRTOS.dir/__/__/Middlewares/Third_Party/FreeRTOS/Source/tasks.c.obj
                0x08006000                vTaskStartScheduler
 .text.vTaskSuspendAll
                0x080060d0       0x1c cmake/stm32cubemx/CMakeFiles/FreeRTOS.dir/__/__/Middlewares/Third_Party/FreeRTOS/Source/tasks.c.obj
                0x080060d0                vTaskSuspendAll
 .text.xTaskResumeAll
                0x080060ec      0x13c cmake/stm32cubemx/CMakeFiles/FreeRTOS.dir/__/__/Middlewares/Third_Party/FreeRTOS/Source/tasks.c.obj
                0x080060ec                xTaskResumeAll
 .text.xTaskGetTickCount
                0x08006228       0x20 cmake/stm32cubemx/CMakeFiles/FreeRTOS.dir/__/__/Middlewares/Third_Party/FreeRTOS/Source/tasks.c.obj
                0x08006228                xTaskGetTickCount
 .text.xTaskIncrementTick
                0x08006248      0x174 cmake/stm32cubemx/CMakeFiles/FreeRTOS.dir/__/__/Middlewares/Third_Party/FreeRTOS/Source/tasks.c.obj
                0x08006248                xTaskIncrementTick
 .text.vTaskSwitchContext
                0x080063bc       0xbc cmake/stm32cubemx/CMakeFiles/FreeRTOS.dir/__/__/Middlewares/Third_Party/FreeRTOS/Source/tasks.c.obj
                0x080063bc                vTaskSwitchContext
 .text.vTaskPlaceOnEventList
                0x08006478       0x4c cmake/stm32cubemx/CMakeFiles/FreeRTOS.dir/__/__/Middlewares/Third_Party/FreeRTOS/Source/tasks.c.obj
                0x08006478                vTaskPlaceOnEventList
 .text.vTaskPlaceOnEventListRestricted
                0x080064c4       0x58 cmake/stm32cubemx/CMakeFiles/FreeRTOS.dir/__/__/Middlewares/Third_Party/FreeRTOS/Source/tasks.c.obj
                0x080064c4                vTaskPlaceOnEventListRestricted
 .text.xTaskRemoveFromEventList
                0x0800651c       0xc8 cmake/stm32cubemx/CMakeFiles/FreeRTOS.dir/__/__/Middlewares/Third_Party/FreeRTOS/Source/tasks.c.obj
                0x0800651c                xTaskRemoveFromEventList
 .text.vTaskInternalSetTimeOutState
                0x080065e4       0x2c cmake/stm32cubemx/CMakeFiles/FreeRTOS.dir/__/__/Middlewares/Third_Party/FreeRTOS/Source/tasks.c.obj
                0x080065e4                vTaskInternalSetTimeOutState
 .text.xTaskCheckForTimeOut
                0x08006610       0xc8 cmake/stm32cubemx/CMakeFiles/FreeRTOS.dir/__/__/Middlewares/Third_Party/FreeRTOS/Source/tasks.c.obj
                0x08006610                xTaskCheckForTimeOut
 .text.vTaskMissedYield
                0x080066d8       0x18 cmake/stm32cubemx/CMakeFiles/FreeRTOS.dir/__/__/Middlewares/Third_Party/FreeRTOS/Source/tasks.c.obj
                0x080066d8                vTaskMissedYield
 .text.prvIdleTask
                0x080066f0       0x30 cmake/stm32cubemx/CMakeFiles/FreeRTOS.dir/__/__/Middlewares/Third_Party/FreeRTOS/Source/tasks.c.obj
 .text.prvInitialiseTaskLists
                0x08006720       0x80 cmake/stm32cubemx/CMakeFiles/FreeRTOS.dir/__/__/Middlewares/Third_Party/FreeRTOS/Source/tasks.c.obj
 .text.prvCheckTasksWaitingTermination
                0x080067a0       0x5c cmake/stm32cubemx/CMakeFiles/FreeRTOS.dir/__/__/Middlewares/Third_Party/FreeRTOS/Source/tasks.c.obj
 .text.prvDeleteTCB
                0x080067fc       0x60 cmake/stm32cubemx/CMakeFiles/FreeRTOS.dir/__/__/Middlewares/Third_Party/FreeRTOS/Source/tasks.c.obj
 .text.prvResetNextTaskUnblockTime
                0x0800685c       0x40 cmake/stm32cubemx/CMakeFiles/FreeRTOS.dir/__/__/Middlewares/Third_Party/FreeRTOS/Source/tasks.c.obj
 .text.xTaskGetSchedulerState
                0x0800689c       0x3c cmake/stm32cubemx/CMakeFiles/FreeRTOS.dir/__/__/Middlewares/Third_Party/FreeRTOS/Source/tasks.c.obj
                0x0800689c                xTaskGetSchedulerState
 .text.xTaskPriorityDisinherit
                0x080068d8       0xe0 cmake/stm32cubemx/CMakeFiles/FreeRTOS.dir/__/__/Middlewares/Third_Party/FreeRTOS/Source/tasks.c.obj
                0x080068d8                xTaskPriorityDisinherit
 .text.prvAddCurrentTaskToDelayedList
                0x080069b8       0xa8 cmake/stm32cubemx/CMakeFiles/FreeRTOS.dir/__/__/Middlewares/Third_Party/FreeRTOS/Source/tasks.c.obj
 .text.xTimerCreateTimerTask
                0x08006a60       0x94 cmake/stm32cubemx/CMakeFiles/FreeRTOS.dir/__/__/Middlewares/Third_Party/FreeRTOS/Source/timers.c.obj
                0x08006a60                xTimerCreateTimerTask
 .text.xTimerGenericCommand
                0x08006af4       0x9c cmake/stm32cubemx/CMakeFiles/FreeRTOS.dir/__/__/Middlewares/Third_Party/FreeRTOS/Source/timers.c.obj
                0x08006af4                xTimerGenericCommand
 .text.prvProcessExpiredTimer
                0x08006b90       0x9c cmake/stm32cubemx/CMakeFiles/FreeRTOS.dir/__/__/Middlewares/Third_Party/FreeRTOS/Source/timers.c.obj
 .text.prvTimerTask
                0x08006c2c       0x26 cmake/stm32cubemx/CMakeFiles/FreeRTOS.dir/__/__/Middlewares/Third_Party/FreeRTOS/Source/timers.c.obj
 *fill*         0x08006c52        0x2 
 .text.prvProcessTimerOrBlockTask
                0x08006c54       0x9c cmake/stm32cubemx/CMakeFiles/FreeRTOS.dir/__/__/Middlewares/Third_Party/FreeRTOS/Source/timers.c.obj
 .text.prvGetNextExpireTime
                0x08006cf0       0x48 cmake/stm32cubemx/CMakeFiles/FreeRTOS.dir/__/__/Middlewares/Third_Party/FreeRTOS/Source/timers.c.obj
 .text.prvSampleTimeNow
                0x08006d38       0x40 cmake/stm32cubemx/CMakeFiles/FreeRTOS.dir/__/__/Middlewares/Third_Party/FreeRTOS/Source/timers.c.obj
 .text.prvInsertTimerInActiveList
                0x08006d78       0x84 cmake/stm32cubemx/CMakeFiles/FreeRTOS.dir/__/__/Middlewares/Third_Party/FreeRTOS/Source/timers.c.obj
 .text.prvProcessReceivedCommands
                0x08006dfc      0x1cc cmake/stm32cubemx/CMakeFiles/FreeRTOS.dir/__/__/Middlewares/Third_Party/FreeRTOS/Source/timers.c.obj
 .text.prvSwitchTimerLists
                0x08006fc8       0xcc cmake/stm32cubemx/CMakeFiles/FreeRTOS.dir/__/__/Middlewares/Third_Party/FreeRTOS/Source/timers.c.obj
 .text.prvCheckForValidListAndQueue
                0x08007094       0x80 cmake/stm32cubemx/CMakeFiles/FreeRTOS.dir/__/__/Middlewares/Third_Party/FreeRTOS/Source/timers.c.obj
 .text.__NVIC_SetPriority
                0x08007114       0x54 cmake/stm32cubemx/CMakeFiles/FreeRTOS.dir/__/__/Middlewares/Third_Party/FreeRTOS/Source/CMSIS_RTOS_V2/cmsis_os2.c.obj
 .text.SysTick_Handler
                0x08007168       0x20 cmake/stm32cubemx/CMakeFiles/FreeRTOS.dir/__/__/Middlewares/Third_Party/FreeRTOS/Source/CMSIS_RTOS_V2/cmsis_os2.c.obj
                0x08007168                SysTick_Handler
 .text.SVC_Setup
                0x08007188       0x12 cmake/stm32cubemx/CMakeFiles/FreeRTOS.dir/__/__/Middlewares/Third_Party/FreeRTOS/Source/CMSIS_RTOS_V2/cmsis_os2.c.obj
 *fill*         0x0800719a        0x2 
 .text.osKernelInitialize
                0x0800719c       0x48 cmake/stm32cubemx/CMakeFiles/FreeRTOS.dir/__/__/Middlewares/Third_Party/FreeRTOS/Source/CMSIS_RTOS_V2/cmsis_os2.c.obj
                0x0800719c                osKernelInitialize
 .text.osKernelStart
                0x080071e4       0x4c cmake/stm32cubemx/CMakeFiles/FreeRTOS.dir/__/__/Middlewares/Third_Party/FreeRTOS/Source/CMSIS_RTOS_V2/cmsis_os2.c.obj
                0x080071e4                osKernelStart
 .text.osThreadNew
                0x08007230      0x124 cmake/stm32cubemx/CMakeFiles/FreeRTOS.dir/__/__/Middlewares/Third_Party/FreeRTOS/Source/CMSIS_RTOS_V2/cmsis_os2.c.obj
                0x08007230                osThreadNew
 .text.osDelay  0x08007354       0x36 cmake/stm32cubemx/CMakeFiles/FreeRTOS.dir/__/__/Middlewares/Third_Party/FreeRTOS/Source/CMSIS_RTOS_V2/cmsis_os2.c.obj
                0x08007354                osDelay
 .text.osMessageQueueNew
                0x0800738a       0xe6 cmake/stm32cubemx/CMakeFiles/FreeRTOS.dir/__/__/Middlewares/Third_Party/FreeRTOS/Source/CMSIS_RTOS_V2/cmsis_os2.c.obj
                0x0800738a                osMessageQueueNew
 .text.osMessageQueuePut
                0x08007470       0xc0 cmake/stm32cubemx/CMakeFiles/FreeRTOS.dir/__/__/Middlewares/Third_Party/FreeRTOS/Source/CMSIS_RTOS_V2/cmsis_os2.c.obj
                0x08007470                osMessageQueuePut
 .text.osMessageQueueGet
                0x08007530       0xbc cmake/stm32cubemx/CMakeFiles/FreeRTOS.dir/__/__/Middlewares/Third_Party/FreeRTOS/Source/CMSIS_RTOS_V2/cmsis_os2.c.obj
                0x08007530                osMessageQueueGet
 .text.vApplicationGetIdleTaskMemory
                0x080075ec       0x34 cmake/stm32cubemx/CMakeFiles/FreeRTOS.dir/__/__/Middlewares/Third_Party/FreeRTOS/Source/CMSIS_RTOS_V2/cmsis_os2.c.obj
                0x080075ec                vApplicationGetIdleTaskMemory
 .text.vApplicationGetTimerTaskMemory
                0x08007620       0x34 cmake/stm32cubemx/CMakeFiles/FreeRTOS.dir/__/__/Middlewares/Third_Party/FreeRTOS/Source/CMSIS_RTOS_V2/cmsis_os2.c.obj
                0x08007620                vApplicationGetTimerTaskMemory
 .text.pvPortMalloc
                0x08007654      0x19c cmake/stm32cubemx/CMakeFiles/FreeRTOS.dir/__/__/Middlewares/Third_Party/FreeRTOS/Source/portable/MemMang/heap_4.c.obj
                0x08007654                pvPortMalloc
 .text.vPortFree
                0x080077f0       0xc8 cmake/stm32cubemx/CMakeFiles/FreeRTOS.dir/__/__/Middlewares/Third_Party/FreeRTOS/Source/portable/MemMang/heap_4.c.obj
                0x080077f0                vPortFree
 .text.prvHeapInit
                0x080078b8       0xc4 cmake/stm32cubemx/CMakeFiles/FreeRTOS.dir/__/__/Middlewares/Third_Party/FreeRTOS/Source/portable/MemMang/heap_4.c.obj
 .text.prvInsertBlockIntoFreeList
                0x0800797c       0xb4 cmake/stm32cubemx/CMakeFiles/FreeRTOS.dir/__/__/Middlewares/Third_Party/FreeRTOS/Source/portable/MemMang/heap_4.c.obj
 .text.pxPortInitialiseStack
                0x08007a30       0x68 cmake/stm32cubemx/CMakeFiles/FreeRTOS.dir/__/__/Middlewares/Third_Party/FreeRTOS/Source/portable/GCC/ARM_CM4F/port.c.obj
                0x08007a30                pxPortInitialiseStack
 .text.prvTaskExitError
                0x08007a98       0x5c cmake/stm32cubemx/CMakeFiles/FreeRTOS.dir/__/__/Middlewares/Third_Party/FreeRTOS/Source/portable/GCC/ARM_CM4F/port.c.obj
 *fill*         0x08007af4        0xc 
 .text.SVC_Handler
                0x08007b00       0x28 cmake/stm32cubemx/CMakeFiles/FreeRTOS.dir/__/__/Middlewares/Third_Party/FreeRTOS/Source/portable/GCC/ARM_CM4F/port.c.obj
                0x08007b00                SVC_Handler
 .text.prvPortStartFirstTask
                0x08007b28       0x28 cmake/stm32cubemx/CMakeFiles/FreeRTOS.dir/__/__/Middlewares/Third_Party/FreeRTOS/Source/portable/GCC/ARM_CM4F/port.c.obj
 .text.xPortStartScheduler
                0x08007b50      0x148 cmake/stm32cubemx/CMakeFiles/FreeRTOS.dir/__/__/Middlewares/Third_Party/FreeRTOS/Source/portable/GCC/ARM_CM4F/port.c.obj
                0x08007b50                xPortStartScheduler
 .text.vPortEnterCritical
                0x08007c98       0x64 cmake/stm32cubemx/CMakeFiles/FreeRTOS.dir/__/__/Middlewares/Third_Party/FreeRTOS/Source/portable/GCC/ARM_CM4F/port.c.obj
                0x08007c98                vPortEnterCritical
 .text.vPortExitCritical
                0x08007cfc       0x54 cmake/stm32cubemx/CMakeFiles/FreeRTOS.dir/__/__/Middlewares/Third_Party/FreeRTOS/Source/portable/GCC/ARM_CM4F/port.c.obj
                0x08007cfc                vPortExitCritical
 .text.PendSV_Handler
                0x08007d50       0x68 cmake/stm32cubemx/CMakeFiles/FreeRTOS.dir/__/__/Middlewares/Third_Party/FreeRTOS/Source/portable/GCC/ARM_CM4F/port.c.obj
                0x08007d50                PendSV_Handler
 .text.xPortSysTickHandler
                0x08007db8       0x44 cmake/stm32cubemx/CMakeFiles/FreeRTOS.dir/__/__/Middlewares/Third_Party/FreeRTOS/Source/portable/GCC/ARM_CM4F/port.c.obj
                0x08007db8                xPortSysTickHandler
 .text.vPortSetupTimerInterrupt
                0x08007dfc       0x48 cmake/stm32cubemx/CMakeFiles/FreeRTOS.dir/__/__/Middlewares/Third_Party/FreeRTOS/Source/portable/GCC/ARM_CM4F/port.c.obj
                0x08007dfc                vPortSetupTimerInterrupt
 .text.vPortEnableVFP
                0x08007e44       0x14 cmake/stm32cubemx/CMakeFiles/FreeRTOS.dir/__/__/Middlewares/Third_Party/FreeRTOS/Source/portable/GCC/ARM_CM4F/port.c.obj
 .text.vPortValidateInterruptPriority
                0x08007e58       0x84 cmake/stm32cubemx/CMakeFiles/FreeRTOS.dir/__/__/Middlewares/Third_Party/FreeRTOS/Source/portable/GCC/ARM_CM4F/port.c.obj
                0x08007e58                vPortValidateInterruptPriority
 .text.main     0x08007edc       0x44 CMakeFiles/Robot_Myself.dir/Core/Src/main.c.obj
                0x08007edc                main
 .text.SystemClock_Config
                0x08007f20       0xd4 CMakeFiles/Robot_Myself.dir/Core/Src/main.c.obj
                0x08007f20                SystemClock_Config
 .text.HAL_TIM_PeriodElapsedCallback
                0x08007ff4       0x24 CMakeFiles/Robot_Myself.dir/Core/Src/main.c.obj
                0x08007ff4                HAL_TIM_PeriodElapsedCallback
 .text.Error_Handler
                0x08008018        0xc CMakeFiles/Robot_Myself.dir/Core/Src/main.c.obj
                0x08008018                Error_Handler
 .text.MX_GPIO_Init
                0x08008024       0xa4 CMakeFiles/Robot_Myself.dir/Core/Src/gpio.c.obj
                0x08008024                MX_GPIO_Init
 .text.MX_FREERTOS_Init
                0x080080c8       0xa8 CMakeFiles/Robot_Myself.dir/Core/Src/freertos.c.obj
                0x080080c8                MX_FREERTOS_Init
 .text.StartDefaultTask
                0x08008170       0x10 CMakeFiles/Robot_Myself.dir/Core/Src/freertos.c.obj
                0x08008170                StartDefaultTask
 .text.StartTask02
                0x08008180      0x250 CMakeFiles/Robot_Myself.dir/Core/Src/freertos.c.obj
                0x08008180                StartTask02
 .text.StartTask03
                0x080083d0       0x20 CMakeFiles/Robot_Myself.dir/Core/Src/freertos.c.obj
                0x080083d0                StartTask03
 .text.StartTask04
                0x080083f0       0x64 CMakeFiles/Robot_Myself.dir/Core/Src/freertos.c.obj
                0x080083f0                StartTask04
 .text.ParsePercentCommand
                0x08008454       0x62 CMakeFiles/Robot_Myself.dir/Core/Src/freertos.c.obj
 *fill*         0x080084b6        0x2 
 .text.ParseDirectionCommand
                0x080084b8       0xd4 CMakeFiles/Robot_Myself.dir/Core/Src/freertos.c.obj
 .text.ParseDirectionSpeedCommand
                0x0800858c      0x128 CMakeFiles/Robot_Myself.dir/Core/Src/freertos.c.obj
 .text.ParseSteeringCommand
                0x080086b4       0xdc CMakeFiles/Robot_Myself.dir/Core/Src/freertos.c.obj
 .text.ParsePitchOffsetCommand
                0x08008790       0xc8 CMakeFiles/Robot_Myself.dir/Core/Src/freertos.c.obj
 .text.ParsePidCommand
                0x08008858      0x104 CMakeFiles/Robot_Myself.dir/Core/Src/freertos.c.obj
 .text.ParsePitchQueryCommand
                0x0800895c       0xfc CMakeFiles/Robot_Myself.dir/Core/Src/freertos.c.obj
 .text.ProcessUartCommandByte
                0x08008a58      0x480 CMakeFiles/Robot_Myself.dir/Core/Src/freertos.c.obj
 .text.PollUartSpeedCommandDma
                0x08008ed8       0x6c CMakeFiles/Robot_Myself.dir/Core/Src/freertos.c.obj
 .text.MX_DMA_Init
                0x08008f44       0x40 CMakeFiles/Robot_Myself.dir/Core/Src/dma.c.obj
                0x08008f44                MX_DMA_Init
 .text.MX_I2C1_Init
                0x08008f84       0x5c CMakeFiles/Robot_Myself.dir/Core/Src/i2c.c.obj
                0x08008f84                MX_I2C1_Init
 .text.MX_I2C2_Init
                0x08008fe0       0x5c CMakeFiles/Robot_Myself.dir/Core/Src/i2c.c.obj
                0x08008fe0                MX_I2C2_Init
 .text.MX_I2C3_Init
                0x0800903c       0x5c CMakeFiles/Robot_Myself.dir/Core/Src/i2c.c.obj
                0x0800903c                MX_I2C3_Init
 .text.HAL_I2C_MspInit
                0x08009098      0x1a8 CMakeFiles/Robot_Myself.dir/Core/Src/i2c.c.obj
                0x08009098                HAL_I2C_MspInit
 .text.Core_Clamp
                0x08009240       0x52 CMakeFiles/Robot_Myself.dir/Core/Src/core.c.obj
 *fill*         0x08009292        0x2 
 .text.Core_NormalizeAngle
                0x08009294       0x98 CMakeFiles/Robot_Myself.dir/Core/Src/core.c.obj
 .text.Core_QuaternionToPitchRad
                0x0800932c       0xe4 CMakeFiles/Robot_Myself.dir/Core/Src/core.c.obj
 .text.Core_InitMpu
                0x08009410      0x268 CMakeFiles/Robot_Myself.dir/Core/Src/core.c.obj
 .text.Core_ControlInit
                0x08009678       0xb4 CMakeFiles/Robot_Myself.dir/Core/Src/core.c.obj
                0x08009678                Core_ControlInit
 .text.Core_ImuUpdate1ms
                0x0800972c      0x130 CMakeFiles/Robot_Myself.dir/Core/Src/core.c.obj
                0x0800972c                Core_ImuUpdate1ms
 .text.Core_BalanceStep1ms
                0x0800985c      0x130 CMakeFiles/Robot_Myself.dir/Core/Src/core.c.obj
                0x0800985c                Core_BalanceStep1ms
 .text.Core_GetPitchDeg
                0x0800998c       0x1c CMakeFiles/Robot_Myself.dir/Core/Src/core.c.obj
                0x0800998c                Core_GetPitchDeg
 .text.Core_SetPitchOffsetRad
                0x080099a8       0x38 CMakeFiles/Robot_Myself.dir/Core/Src/core.c.obj
                0x080099a8                Core_SetPitchOffsetRad
 .text.Core_GetPitchOffsetRad
                0x080099e0       0x1c CMakeFiles/Robot_Myself.dir/Core/Src/core.c.obj
                0x080099e0                Core_GetPitchOffsetRad
 .text.Core_SetBalancePid
                0x080099fc       0x54 CMakeFiles/Robot_Myself.dir/Core/Src/core.c.obj
                0x080099fc                Core_SetBalancePid
 .text.Core_GetBalancePid
                0x08009a50       0x50 CMakeFiles/Robot_Myself.dir/Core/Src/core.c.obj
                0x08009a50                Core_GetBalancePid
 .text.BLDC_IsRawAngleLikelyValid
                0x08009aa0       0x32 CMakeFiles/Robot_Myself.dir/Core/Src/brushless_motor.c.obj
 .text.BLDC_Clamp
                0x08009ad2       0x52 CMakeFiles/Robot_Myself.dir/Core/Src/brushless_motor.c.obj
 .text.BLDC_NormalizeAngle
                0x08009b24       0x68 CMakeFiles/Robot_Myself.dir/Core/Src/brushless_motor.c.obj
 .text.BLDC_StopPwmOutput
                0x08009b8c       0x2c CMakeFiles/Robot_Myself.dir/Core/Src/brushless_motor.c.obj
 .text.BLDC_StopPwmOutput2
                0x08009bb8       0x2c CMakeFiles/Robot_Myself.dir/Core/Src/brushless_motor.c.obj
 .text.BLDC_PIController
                0x08009be4       0x6a CMakeFiles/Robot_Myself.dir/Core/Src/brushless_motor.c.obj
 *fill*         0x08009c4e        0x2 
 .text.BLDC_IsPositiveNegativeFlip
                0x08009c50       0x98 CMakeFiles/Robot_Myself.dir/Core/Src/brushless_motor.c.obj
 .text.BLDC_ReadRawAngleFromI2C
                0x08009ce8       0x6a CMakeFiles/Robot_Myself.dir/Core/Src/brushless_motor.c.obj
 *fill*         0x08009d52        0x2 
 .text.BLDC_DetectSensorConfig
                0x08009d54      0x114 CMakeFiles/Robot_Myself.dir/Core/Src/brushless_motor.c.obj
 .text.BLDC_PrintI2cBusDevices
                0x08009e68       0x88 CMakeFiles/Robot_Myself.dir/Core/Src/brushless_motor.c.obj
 .text.BLDC_PrintI2CDeviceInfo
                0x08009ef0       0xdc CMakeFiles/Robot_Myself.dir/Core/Src/brushless_motor.c.obj
                0x08009ef0                BLDC_PrintI2CDeviceInfo
 .text.BLDC_ReadMechanicalAngle
                0x08009fcc       0xa8 CMakeFiles/Robot_Myself.dir/Core/Src/brushless_motor.c.obj
 .text.BLDC_InvParkTransform
                0x0800a074       0x7a CMakeFiles/Robot_Myself.dir/Core/Src/brushless_motor.c.obj
 *fill*         0x0800a0ee        0x2 
 .text.BLDC_SetSpwmFromAlphaBeta
                0x0800a0f0      0x174 CMakeFiles/Robot_Myself.dir/Core/Src/brushless_motor.c.obj
 .text.BLDC_CalibrateM1ElectricalZero
                0x0800a264      0x180 CMakeFiles/Robot_Myself.dir/Core/Src/brushless_motor.c.obj
 .text.BLDC_EstimateSpeedRps
                0x0800a3e4       0x9c CMakeFiles/Robot_Myself.dir/Core/Src/brushless_motor.c.obj
 .text.BLDC_Init
                0x0800a480      0x1bc CMakeFiles/Robot_Myself.dir/Core/Src/brushless_motor.c.obj
                0x0800a480                BLDC_Init
 .text.BLDC_SetTargetSpeedRps
                0x0800a63c       0x68 CMakeFiles/Robot_Myself.dir/Core/Src/brushless_motor.c.obj
                0x0800a63c                BLDC_SetTargetSpeedRps
 .text.BLDC_SetTargetSpeed2Rps
                0x0800a6a4       0x20 CMakeFiles/Robot_Myself.dir/Core/Src/brushless_motor.c.obj
                0x0800a6a4                BLDC_SetTargetSpeed2Rps
 .text.BLDC_ControlStep_1ms
                0x0800a6c4      0x644 CMakeFiles/Robot_Myself.dir/Core/Src/brushless_motor.c.obj
                0x0800a6c4                BLDC_ControlStep_1ms
 .text.BLDC_GetMeasuredSpeedRps
                0x0800ad08       0x1c CMakeFiles/Robot_Myself.dir/Core/Src/brushless_motor.c.obj
                0x0800ad08                BLDC_GetMeasuredSpeedRps
 .text.SteeringPercentToPulse
                0x0800ad24       0x34 CMakeFiles/Robot_Myself.dir/Core/Src/steering_engine.c.obj
 .text.SteeringEngine_Init
                0x0800ad58       0x6c CMakeFiles/Robot_Myself.dir/Core/Src/steering_engine.c.obj
                0x0800ad58                SteeringEngine_Init
 .text.SteeringEngine_SetPercent
                0x0800adc4       0x94 CMakeFiles/Robot_Myself.dir/Core/Src/steering_engine.c.obj
                0x0800adc4                SteeringEngine_SetPercent
 .text.SteeringEngine_SetSteeringPercent
                0x0800ae58       0x68 CMakeFiles/Robot_Myself.dir/Core/Src/steering_engine.c.obj
                0x0800ae58                SteeringEngine_SetSteeringPercent
 .text.stm32_i2c_write
                0x0800aec0       0xb8 CMakeFiles/Robot_Myself.dir/Core/Src/inv_mpu.c.obj
 .text.stm32_i2c_read
                0x0800af78       0xb8 CMakeFiles/Robot_Myself.dir/Core/Src/inv_mpu.c.obj
 .text.reg_int_cb
                0x0800b030       0x16 CMakeFiles/Robot_Myself.dir/Core/Src/inv_mpu.c.obj
 *fill*         0x0800b046        0x2 
 .text.set_int_enable
                0x0800b048       0xb4 CMakeFiles/Robot_Myself.dir/Core/Src/inv_mpu.c.obj
 .text.mpu_init
                0x0800b0fc      0x224 CMakeFiles/Robot_Myself.dir/Core/Src/inv_mpu.c.obj
                0x0800b0fc                mpu_init
 .text.mpu_lp_accel_mode
                0x0800b320       0xfc CMakeFiles/Robot_Myself.dir/Core/Src/inv_mpu.c.obj
                0x0800b320                mpu_lp_accel_mode
 .text.mpu_reset_fifo
                0x0800b41c      0x208 CMakeFiles/Robot_Myself.dir/Core/Src/inv_mpu.c.obj
                0x0800b41c                mpu_reset_fifo
 .text.mpu_set_gyro_fsr
                0x0800b624       0xa8 CMakeFiles/Robot_Myself.dir/Core/Src/inv_mpu.c.obj
                0x0800b624                mpu_set_gyro_fsr
 .text.mpu_get_accel_fsr
                0x0800b6cc       0x74 CMakeFiles/Robot_Myself.dir/Core/Src/inv_mpu.c.obj
                0x0800b6cc                mpu_get_accel_fsr
 .text.mpu_set_accel_fsr
                0x0800b740       0xd0 CMakeFiles/Robot_Myself.dir/Core/Src/inv_mpu.c.obj
                0x0800b740                mpu_set_accel_fsr
 .text.mpu_set_lpf
                0x0800b810       0x9c CMakeFiles/Robot_Myself.dir/Core/Src/inv_mpu.c.obj
                0x0800b810                mpu_set_lpf
 .text.mpu_set_sample_rate
                0x0800b8ac       0xcc CMakeFiles/Robot_Myself.dir/Core/Src/inv_mpu.c.obj
                0x0800b8ac                mpu_set_sample_rate
 .text.mpu_configure_fifo
                0x0800b978       0xa4 CMakeFiles/Robot_Myself.dir/Core/Src/inv_mpu.c.obj
                0x0800b978                mpu_configure_fifo
 .text.mpu_set_sensors
                0x0800ba1c      0x10c CMakeFiles/Robot_Myself.dir/Core/Src/inv_mpu.c.obj
                0x0800ba1c                mpu_set_sensors
 .text.mpu_read_fifo_stream
                0x0800bb28      0x100 CMakeFiles/Robot_Myself.dir/Core/Src/inv_mpu.c.obj
                0x0800bb28                mpu_read_fifo_stream
 .text.mpu_set_bypass
                0x0800bc28      0x18c CMakeFiles/Robot_Myself.dir/Core/Src/inv_mpu.c.obj
                0x0800bc28                mpu_set_bypass
 .text.mpu_set_int_latched
                0x0800bdb4       0x88 CMakeFiles/Robot_Myself.dir/Core/Src/inv_mpu.c.obj
                0x0800bdb4                mpu_set_int_latched
 .text.mpu_write_mem
                0x0800be3c       0xa4 CMakeFiles/Robot_Myself.dir/Core/Src/inv_mpu.c.obj
                0x0800be3c                mpu_write_mem
 .text.mpu_read_mem
                0x0800bee0       0xa4 CMakeFiles/Robot_Myself.dir/Core/Src/inv_mpu.c.obj
                0x0800bee0                mpu_read_mem
 .text.mpu_load_firmware
                0x0800bf84       0xfc CMakeFiles/Robot_Myself.dir/Core/Src/inv_mpu.c.obj
                0x0800bf84                mpu_load_firmware
 .text.mpu_set_dmp_state
                0x0800c080       0xa8 CMakeFiles/Robot_Myself.dir/Core/Src/inv_mpu.c.obj
                0x0800c080                mpu_set_dmp_state
 .text.stm32_get_ms
                0x0800c128       0x28 CMakeFiles/Robot_Myself.dir/Core/Src/inv_mpu_dmp_motion_driver.c.obj
 .text.dmp_load_motion_driver_firmware
                0x0800c150       0x20 CMakeFiles/Robot_Myself.dir/Core/Src/inv_mpu_dmp_motion_driver.c.obj
                0x0800c150                dmp_load_motion_driver_firmware
 .text.dmp_set_orientation
                0x0800c170      0x1d8 CMakeFiles/Robot_Myself.dir/Core/Src/inv_mpu_dmp_motion_driver.c.obj
                0x0800c170                dmp_set_orientation
 .text.dmp_set_fifo_rate
                0x0800c348       0x90 CMakeFiles/Robot_Myself.dir/Core/Src/inv_mpu_dmp_motion_driver.c.obj
                0x0800c348                dmp_set_fifo_rate
 .text.dmp_set_tap_thresh
                0x0800c3d8      0x26c CMakeFiles/Robot_Myself.dir/Core/Src/inv_mpu_dmp_motion_driver.c.obj
                0x0800c3d8                dmp_set_tap_thresh
 .text.dmp_set_tap_axes
                0x0800c644       0x64 CMakeFiles/Robot_Myself.dir/Core/Src/inv_mpu_dmp_motion_driver.c.obj
                0x0800c644                dmp_set_tap_axes
 .text.dmp_set_tap_count
                0x0800c6a8       0x42 CMakeFiles/Robot_Myself.dir/Core/Src/inv_mpu_dmp_motion_driver.c.obj
                0x0800c6a8                dmp_set_tap_count
 *fill*         0x0800c6ea        0x2 
 .text.dmp_set_tap_time
                0x0800c6ec       0x44 CMakeFiles/Robot_Myself.dir/Core/Src/inv_mpu_dmp_motion_driver.c.obj
                0x0800c6ec                dmp_set_tap_time
 .text.dmp_set_tap_time_multi
                0x0800c730       0x44 CMakeFiles/Robot_Myself.dir/Core/Src/inv_mpu_dmp_motion_driver.c.obj
                0x0800c730                dmp_set_tap_time_multi
 .text.dmp_set_shake_reject_thresh
                0x0800c774       0x60 CMakeFiles/Robot_Myself.dir/Core/Src/inv_mpu_dmp_motion_driver.c.obj
                0x0800c774                dmp_set_shake_reject_thresh
 .text.dmp_set_shake_reject_time
                0x0800c7d4       0x44 CMakeFiles/Robot_Myself.dir/Core/Src/inv_mpu_dmp_motion_driver.c.obj
                0x0800c7d4                dmp_set_shake_reject_time
 .text.dmp_set_shake_reject_timeout
                0x0800c818       0x44 CMakeFiles/Robot_Myself.dir/Core/Src/inv_mpu_dmp_motion_driver.c.obj
                0x0800c818                dmp_set_shake_reject_timeout
 .text.dmp_enable_feature
                0x0800c85c      0x250 CMakeFiles/Robot_Myself.dir/Core/Src/inv_mpu_dmp_motion_driver.c.obj
                0x0800c85c                dmp_enable_feature
 .text.dmp_enable_gyro_cal
                0x0800caac       0x60 CMakeFiles/Robot_Myself.dir/Core/Src/inv_mpu_dmp_motion_driver.c.obj
                0x0800caac                dmp_enable_gyro_cal
 .text.dmp_enable_lp_quat
                0x0800cb0c       0x4e CMakeFiles/Robot_Myself.dir/Core/Src/inv_mpu_dmp_motion_driver.c.obj
                0x0800cb0c                dmp_enable_lp_quat
 .text.dmp_enable_6x_lp_quat
                0x0800cb5a       0x4e CMakeFiles/Robot_Myself.dir/Core/Src/inv_mpu_dmp_motion_driver.c.obj
                0x0800cb5a                dmp_enable_6x_lp_quat
 .text.decode_gesture
                0x0800cba8       0x88 CMakeFiles/Robot_Myself.dir/Core/Src/inv_mpu_dmp_motion_driver.c.obj
 .text.dmp_read_fifo
                0x0800cc30      0x2e4 CMakeFiles/Robot_Myself.dir/Core/Src/inv_mpu_dmp_motion_driver.c.obj
                0x0800cc30                dmp_read_fifo
 .text.MX_TIM2_Init
                0x0800cf14      0x134 CMakeFiles/Robot_Myself.dir/Core/Src/tim.c.obj
                0x0800cf14                MX_TIM2_Init
 .text.MX_TIM3_Init
                0x0800d048      0x11c CMakeFiles/Robot_Myself.dir/Core/Src/tim.c.obj
                0x0800d048                MX_TIM3_Init
 .text.MX_TIM4_Init
                0x0800d164      0x11c CMakeFiles/Robot_Myself.dir/Core/Src/tim.c.obj
                0x0800d164                MX_TIM4_Init
 .text.HAL_TIM_Base_MspInit
                0x0800d280       0x98 CMakeFiles/Robot_Myself.dir/Core/Src/tim.c.obj
                0x0800d280                HAL_TIM_Base_MspInit
 .text.HAL_TIM_MspPostInit
                0x0800d318      0x1c8 CMakeFiles/Robot_Myself.dir/Core/Src/tim.c.obj
                0x0800d318                HAL_TIM_MspPostInit
 .text.MX_USART2_UART_Init
                0x0800d4e0       0x54 CMakeFiles/Robot_Myself.dir/Core/Src/usart.c.obj
                0x0800d4e0                MX_USART2_UART_Init
 .text.HAL_UART_MspInit
                0x0800d534       0xf4 CMakeFiles/Robot_Myself.dir/Core/Src/usart.c.obj
                0x0800d534                HAL_UART_MspInit
 .text.NMI_Handler
                0x0800d628        0x8 CMakeFiles/Robot_Myself.dir/Core/Src/stm32f4xx_it.c.obj
                0x0800d628                NMI_Handler
 .text.HardFault_Handler
                0x0800d630       0x54 CMakeFiles/Robot_Myself.dir/Core/Src/stm32f4xx_it.c.obj
                0x0800d630                HardFault_Handler
 .text.MemManage_Handler
                0x0800d684        0x8 CMakeFiles/Robot_Myself.dir/Core/Src/stm32f4xx_it.c.obj
                0x0800d684                MemManage_Handler
 .text.BusFault_Handler
                0x0800d68c        0x8 CMakeFiles/Robot_Myself.dir/Core/Src/stm32f4xx_it.c.obj
                0x0800d68c                BusFault_Handler
 .text.UsageFault_Handler
                0x0800d694        0x8 CMakeFiles/Robot_Myself.dir/Core/Src/stm32f4xx_it.c.obj
                0x0800d694                UsageFault_Handler
 .text.DebugMon_Handler
                0x0800d69c        0xe CMakeFiles/Robot_Myself.dir/Core/Src/stm32f4xx_it.c.obj
                0x0800d69c                DebugMon_Handler
 *fill*         0x0800d6aa        0x2 
 .text.DMA1_Stream5_IRQHandler
                0x0800d6ac       0x14 CMakeFiles/Robot_Myself.dir/Core/Src/stm32f4xx_it.c.obj
                0x0800d6ac                DMA1_Stream5_IRQHandler
 .text.TIM1_UP_TIM10_IRQHandler
                0x0800d6c0       0x14 CMakeFiles/Robot_Myself.dir/Core/Src/stm32f4xx_it.c.obj
                0x0800d6c0                TIM1_UP_TIM10_IRQHandler
 .text.HAL_MspInit
                0x0800d6d4       0x58 CMakeFiles/Robot_Myself.dir/Core/Src/stm32f4xx_hal_msp.c.obj
                0x0800d6d4                HAL_MspInit
 .text.HAL_InitTick
                0x0800d72c       0xe8 CMakeFiles/Robot_Myself.dir/Core/Src/stm32f4xx_hal_timebase_tim.c.obj
                0x0800d72c                HAL_InitTick
 .text._sbrk    0x0800d814       0x6c CMakeFiles/Robot_Myself.dir/Core/Src/sysmem.c.obj
                0x0800d814                _sbrk
 .text._read    0x0800d880       0x3a CMakeFiles/Robot_Myself.dir/Core/Src/syscalls.c.obj
                0x0800d880                _read
 .text._write   0x0800d8ba       0x38 CMakeFiles/Robot_Myself.dir/Core/Src/syscalls.c.obj
                0x0800d8ba                _write
 .text._close   0x0800d8f2       0x18 CMakeFiles/Robot_Myself.dir/Core/Src/syscalls.c.obj
                0x0800d8f2                _close
 .text._fstat   0x0800d90a       0x20 CMakeFiles/Robot_Myself.dir/Core/Src/syscalls.c.obj
                0x0800d90a                _fstat
 .text._isatty  0x0800d92a       0x16 CMakeFiles/Robot_Myself.dir/Core/Src/syscalls.c.obj
                0x0800d92a                _isatty
 .text._lseek   0x0800d940       0x1a CMakeFiles/Robot_Myself.dir/Core/Src/syscalls.c.obj
                0x0800d940                _lseek
 *fill*         0x0800d95a        0x2 
 .text.__io_putchar
                0x0800d95c       0x2c CMakeFiles/Robot_Myself.dir/Core/Src/syscalls.c.obj
                0x0800d95c                __io_putchar
 .text.__io_getchar
                0x0800d988       0x34 CMakeFiles/Robot_Myself.dir/Core/Src/syscalls.c.obj
                0x0800d988                __io_getchar
 .text.Reset_Handler
                0x0800d9bc       0x50 CMakeFiles/Robot_Myself.dir/startup_stm32f407xx.s.obj
                0x0800d9bc                Reset_Handler
 .text.Default_Handler
                0x0800da0c        0x2 CMakeFiles/Robot_Myself.dir/startup_stm32f407xx.s.obj
                0x0800da0c                RTC_Alarm_IRQHandler
                0x0800da0c                HASH_RNG_IRQHandler
                0x0800da0c                EXTI2_IRQHandler
                0x0800da0c                TIM8_CC_IRQHandler
                0x0800da0c                TIM1_CC_IRQHandler
                0x0800da0c                DMA2_Stream5_IRQHandler
                0x0800da0c                PVD_IRQHandler
                0x0800da0c                SDIO_IRQHandler
                0x0800da0c                TAMP_STAMP_IRQHandler
                0x0800da0c                CAN2_RX1_IRQHandler
                0x0800da0c                EXTI3_IRQHandler
                0x0800da0c                TIM8_TRG_COM_TIM14_IRQHandler
                0x0800da0c                TIM8_UP_TIM13_IRQHandler
                0x0800da0c                I2C3_ER_IRQHandler
                0x0800da0c                EXTI0_IRQHandler
                0x0800da0c                I2C2_EV_IRQHandler
                0x0800da0c                DMA1_Stream2_IRQHandler
                0x0800da0c                CAN1_RX0_IRQHandler
                0x0800da0c                FPU_IRQHandler
                0x0800da0c                OTG_HS_WKUP_IRQHandler
                0x0800da0c                CAN2_SCE_IRQHandler
                0x0800da0c                DMA2_Stream2_IRQHandler
                0x0800da0c                SPI1_IRQHandler
                0x0800da0c                TIM6_DAC_IRQHandler
                0x0800da0c                TIM1_BRK_TIM9_IRQHandler
                0x0800da0c                DCMI_IRQHandler
                0x0800da0c                CAN2_RX0_IRQHandler
                0x0800da0c                DMA2_Stream3_IRQHandler
                0x0800da0c                USART6_IRQHandler
                0x0800da0c                USART3_IRQHandler
                0x0800da0c                CAN1_RX1_IRQHandler
                0x0800da0c                UART5_IRQHandler
                0x0800da0c                DMA2_Stream0_IRQHandler
                0x0800da0c                TIM4_IRQHandler
                0x0800da0c                I2C1_EV_IRQHandler
                0x0800da0c                DMA1_Stream6_IRQHandler
                0x0800da0c                DMA1_Stream1_IRQHandler
                0x0800da0c                UART4_IRQHandler
                0x0800da0c                TIM3_IRQHandler
                0x0800da0c                RCC_IRQHandler
                0x0800da0c                TIM8_BRK_TIM12_IRQHandler
                0x0800da0c                Default_Handler
                0x0800da0c                EXTI15_10_IRQHandler
                0x0800da0c                ADC_IRQHandler
                0x0800da0c                DMA1_Stream7_IRQHandler
                0x0800da0c                TIM7_IRQHandler
                0x0800da0c                CAN2_TX_IRQHandler
                0x0800da0c                TIM5_IRQHandler
                0x0800da0c                DMA2_Stream7_IRQHandler
                0x0800da0c                I2C3_EV_IRQHandler
                0x0800da0c                EXTI9_5_IRQHandler
                0x0800da0c                RTC_WKUP_IRQHandler
                0x0800da0c                ETH_WKUP_IRQHandler
                0x0800da0c                SPI2_IRQHandler
                0x0800da0c                OTG_HS_EP1_IN_IRQHandler
                0x0800da0c                DMA1_Stream0_IRQHandler
                0x0800da0c                CAN1_TX_IRQHandler
                0x0800da0c                EXTI4_IRQHandler
                0x0800da0c                FSMC_IRQHandler
                0x0800da0c                ETH_IRQHandler
                0x0800da0c                OTG_HS_EP1_OUT_IRQHandler
                0x0800da0c                WWDG_IRQHandler
                0x0800da0c                TIM2_IRQHandler
                0x0800da0c                OTG_FS_WKUP_IRQHandler
                0x0800da0c                TIM1_TRG_COM_TIM11_IRQHandler
                0x0800da0c                OTG_HS_IRQHandler
                0x0800da0c                EXTI1_IRQHandler
                0x0800da0c                USART2_IRQHandler
                0x0800da0c                I2C2_ER_IRQHandler
                0x0800da0c                DMA2_Stream1_IRQHandler
                0x0800da0c                CAN1_SCE_IRQHandler
                0x0800da0c                FLASH_IRQHandler
                0x0800da0c                DMA2_Stream4_IRQHandler
                0x0800da0c                USART1_IRQHandler
                0x0800da0c                OTG_FS_IRQHandler
                0x0800da0c                SPI3_IRQHandler
                0x0800da0c                DMA1_Stream4_IRQHandler
                0x0800da0c                I2C1_ER_IRQHandler
                0x0800da0c                DMA2_Stream6_IRQHandler
                0x0800da0c                DMA1_Stream3_IRQHandler
 *fill*         0x0800da0e        0x2 
 .text.asinf    0x0800da10       0x58 /opt/st/stm32cubeclt_1.21.0/GNU-tools-for-STM32/bin/../lib/gcc/arm-none-eabi/14.3.1/../../../../arm-none-eabi/lib/thumb/v7e-m+fp/hard/libm.a(libm_a-wf_asin.o)
                0x0800da10                asinf
 .text.atan2f   0x0800da68        0x4 /opt/st/stm32cubeclt_1.21.0/GNU-tools-for-STM32/bin/../lib/gcc/arm-none-eabi/14.3.1/../../../../arm-none-eabi/lib/thumb/v7e-m+fp/hard/libm.a(libm_a-wf_atan2.o)
                0x0800da68                atan2f
 .text.cosf     0x0800da6c       0x70 /opt/st/stm32cubeclt_1.21.0/GNU-tools-for-STM32/bin/../lib/gcc/arm-none-eabi/14.3.1/../../../../arm-none-eabi/lib/thumb/v7e-m+fp/hard/libm.a(libm_a-sf_cos.o)
                0x0800da6c                cosf
 .text.fabsf    0x0800dadc       0x10 /opt/st/stm32cubeclt_1.21.0/GNU-tools-for-STM32/bin/../lib/gcc/arm-none-eabi/14.3.1/../../../../arm-none-eabi/lib/thumb/v7e-m+fp/hard/libm.a(libm_a-sf_fabs.o)
                0x0800dadc                fabsf
 .text.sinf     0x0800daec       0x74 /opt/st/stm32cubeclt_1.21.0/GNU-tools-for-STM32/bin/../lib/gcc/arm-none-eabi/14.3.1/../../../../arm-none-eabi/lib/thumb/v7e-m+fp/hard/libm.a(libm_a-sf_sin.o)
                0x0800daec                sinf
 .text.nanf     0x0800db60        0xc /opt/st/stm32cubeclt_1.21.0/GNU-tools-for-STM32/bin/../lib/gcc/arm-none-eabi/14.3.1/../../../../arm-none-eabi/lib/thumb/v7e-m+fp/hard/libm.a(libm_a-sf_nan.o)
                0x0800db60                nanf
 .text.__kernel_cosf
                0x0800db6c      0x104 /opt/st/stm32cubeclt_1.21.0/GNU-tools-for-STM32/bin/../lib/gcc/arm-none-eabi/14.3.1/../../../../arm-none-eabi/lib/thumb/v7e-m+fp/hard/libm.a(libm_a-kf_cos.o)
                0x0800db6c                __kernel_cosf
 .text.__kernel_sinf
                0x0800dc70       0x90 /opt/st/stm32cubeclt_1.21.0/GNU-tools-for-STM32/bin/../lib/gcc/arm-none-eabi/14.3.1/../../../../arm-none-eabi/lib/thumb/v7e-m+fp/hard/libm.a(libm_a-kf_sin.o)
                0x0800dc70                __kernel_sinf
 .text.__ieee754_asinf
                0x0800dd00      0x1f4 /opt/st/stm32cubeclt_1.21.0/GNU-tools-for-STM32/bin/../lib/gcc/arm-none-eabi/14.3.1/../../../../arm-none-eabi/lib/thumb/v7e-m+fp/hard/libm.a(libm_a-ef_asin.o)
                0x0800dd00                __ieee754_asinf
 .text.__ieee754_atan2f
                0x0800def4      0x14c /opt/st/stm32cubeclt_1.21.0/GNU-tools-for-STM32/bin/../lib/gcc/arm-none-eabi/14.3.1/../../../../arm-none-eabi/lib/thumb/v7e-m+fp/hard/libm.a(libm_a-ef_atan2.o)
                0x0800def4                __ieee754_atan2f
 .text.__ieee754_rem_pio2f
                0x0800e040      0x26c /opt/st/stm32cubeclt_1.21.0/GNU-tools-for-STM32/bin/../lib/gcc/arm-none-eabi/14.3.1/../../../../arm-none-eabi/lib/thumb/v7e-m+fp/hard/libm.a(libm_a-ef_rem_pio2.o)
                0x0800e040                __ieee754_rem_pio2f
 .text.atanf    0x0800e2ac      0x1a4 /opt/st/stm32cubeclt_1.21.0/GNU-tools-for-STM32/bin/../lib/gcc/arm-none-eabi/14.3.1/../../../../arm-none-eabi/lib/thumb/v7e-m+fp/hard/libm.a(libm_a-sf_atan.o)
                0x0800e2ac                atanf
 .text.__ieee754_sqrtf
                0x0800e450        0x8 /opt/st/stm32cubeclt_1.21.0/GNU-tools-for-STM32/bin/../lib/gcc/arm-none-eabi/14.3.1/../../../../arm-none-eabi/lib/thumb/v7e-m+fp/hard/libm.a(libm_a-ef_sqrt.o)
                0x0800e450                __ieee754_sqrtf
 .text.__kernel_rem_pio2f
                0x0800e458      0x68c /opt/st/stm32cubeclt_1.21.0/GNU-tools-for-STM32/bin/../lib/gcc/arm-none-eabi/14.3.1/../../../../arm-none-eabi/lib/thumb/v7e-m+fp/hard/libm.a(libm_a-kf_rem_pio2.o)
                0x0800e458                __kernel_rem_pio2f
 .text.scalbnf  0x0800eae4       0xdc /opt/st/stm32cubeclt_1.21.0/GNU-tools-for-STM32/bin/../lib/gcc/arm-none-eabi/14.3.1/../../../../arm-none-eabi/lib/thumb/v7e-m+fp/hard/libm.a(libm_a-sf_scalbn.o)
                0x0800eae4                scalbnf
 .text.floorf   0x0800ebc0       0x94 /opt/st/stm32cubeclt_1.21.0/GNU-tools-for-STM32/bin/../lib/gcc/arm-none-eabi/14.3.1/../../../../arm-none-eabi/lib/thumb/v7e-m+fp/hard/libm.a(libm_a-sf_floor.o)
                0x0800ebc0                floorf
 .text._strtol_l.isra.0
                0x0800ec54       0xf4 /opt/st/stm32cubeclt_1.21.0/GNU-tools-for-STM32/bin/../lib/gcc/arm-none-eabi/14.3.1/../../../../arm-none-eabi/lib/thumb/v7e-m+fp/hard/libg_nano.a(libc_a-strtol.o)
 .text._strtol_r
                0x0800ed48        0x4 /opt/st/stm32cubeclt_1.21.0/GNU-tools-for-STM32/bin/../lib/gcc/arm-none-eabi/14.3.1/../../../../arm-none-eabi/lib/thumb/v7e-m+fp/hard/libg_nano.a(libc_a-strtol.o)
                0x0800ed48                _strtol_r
 .text.strtol   0x0800ed4c       0x14 /opt/st/stm32cubeclt_1.21.0/GNU-tools-for-STM32/bin/../lib/gcc/arm-none-eabi/14.3.1/../../../../arm-none-eabi/lib/thumb/v7e-m+fp/hard/libg_nano.a(libc_a-strtol.o)
                0x0800ed4c                strtol
 .text.std      0x0800ed60       0x6c /opt/st/stm32cubeclt_1.21.0/GNU-tools-for-STM32/bin/../lib/gcc/arm-none-eabi/14.3.1/../../../../arm-none-eabi/lib/thumb/v7e-m+fp/hard/libg_nano.a(libc_a-findfp.o)
 .text.stdio_exit_handler
                0x0800edcc       0x18 /opt/st/stm32cubeclt_1.21.0/GNU-tools-for-STM32/bin/../lib/gcc/arm-none-eabi/14.3.1/../../../../arm-none-eabi/lib/thumb/v7e-m+fp/hard/libg_nano.a(libc_a-findfp.o)
 .text.cleanup_stdio
                0x0800ede4       0x40 /opt/st/stm32cubeclt_1.21.0/GNU-tools-for-STM32/bin/../lib/gcc/arm-none-eabi/14.3.1/../../../../arm-none-eabi/lib/thumb/v7e-m+fp/hard/libg_nano.a(libc_a-findfp.o)
 .text.global_stdio_init.part.0
                0x0800ee24       0x40 /opt/st/stm32cubeclt_1.21.0/GNU-tools-for-STM32/bin/../lib/gcc/arm-none-eabi/14.3.1/../../../../arm-none-eabi/lib/thumb/v7e-m+fp/hard/libg_nano.a(libc_a-findfp.o)
 .text.__sfp_lock_acquire
                0x0800ee64        0xc /opt/st/stm32cubeclt_1.21.0/GNU-tools-for-STM32/bin/../lib/gcc/arm-none-eabi/14.3.1/../../../../arm-none-eabi/lib/thumb/v7e-m+fp/hard/libg_nano.a(libc_a-findfp.o)
                0x0800ee64                __sfp_lock_acquire
 .text.__sfp_lock_release
                0x0800ee70        0xc /opt/st/stm32cubeclt_1.21.0/GNU-tools-for-STM32/bin/../lib/gcc/arm-none-eabi/14.3.1/../../../../arm-none-eabi/lib/thumb/v7e-m+fp/hard/libg_nano.a(libc_a-findfp.o)
                0x0800ee70                __sfp_lock_release
 .text.__sinit  0x0800ee7c       0x30 /opt/st/stm32cubeclt_1.21.0/GNU-tools-for-STM32/bin/../lib/gcc/arm-none-eabi/14.3.1/../../../../arm-none-eabi/lib/thumb/v7e-m+fp/hard/libg_nano.a(libc_a-findfp.o)
                0x0800ee7c                __sinit
 .text._fwalk_sglue
                0x0800eeac       0x3c /opt/st/stm32cubeclt_1.21.0/GNU-tools-for-STM32/bin/../lib/gcc/arm-none-eabi/14.3.1/../../../../arm-none-eabi/lib/thumb/v7e-m+fp/hard/libg_nano.a(libc_a-fwalk.o)
                0x0800eeac                _fwalk_sglue
 .text.printf   0x0800eee8       0x24 /opt/st/stm32cubeclt_1.21.0/GNU-tools-for-STM32/bin/../lib/gcc/arm-none-eabi/14.3.1/../../../../arm-none-eabi/lib/thumb/v7e-m+fp/hard/libg_nano.a(libc_a-printf.o)
                0x0800eee8                printf
                0x0800eee8                iprintf
 .text._puts_r  0x0800ef0c       0xaa /opt/st/stm32cubeclt_1.21.0/GNU-tools-for-STM32/bin/../lib/gcc/arm-none-eabi/14.3.1/../../../../arm-none-eabi/lib/thumb/v7e-m+fp/hard/libg_nano.a(libc_a-puts.o)
                0x0800ef0c                _puts_r
 *fill*         0x0800efb6        0x2 
 .text.puts     0x0800efb8       0x10 /opt/st/stm32cubeclt_1.21.0/GNU-tools-for-STM32/bin/../lib/gcc/arm-none-eabi/14.3.1/../../../../arm-none-eabi/lib/thumb/v7e-m+fp/hard/libg_nano.a(libc_a-puts.o)
                0x0800efb8                puts
 .text.sscanf   0x0800efc8       0x58 /opt/st/stm32cubeclt_1.21.0/GNU-tools-for-STM32/bin/../lib/gcc/arm-none-eabi/14.3.1/../../../../arm-none-eabi/lib/thumb/v7e-m+fp/hard/libg_nano.a(libc_a-sscanf.o)
                0x0800efc8                sscanf
                0x0800efc8                siscanf
 .text.__sread  0x0800f020       0x22 /opt/st/stm32cubeclt_1.21.0/GNU-tools-for-STM32/bin/../lib/gcc/arm-none-eabi/14.3.1/../../../../arm-none-eabi/lib/thumb/v7e-m+fp/hard/libg_nano.a(libc_a-stdio.o)
                0x0800f020                __sread
 .text.__seofread
                0x0800f042        0x4 /opt/st/stm32cubeclt_1.21.0/GNU-tools-for-STM32/bin/../lib/gcc/arm-none-eabi/14.3.1/../../../../arm-none-eabi/lib/thumb/v7e-m+fp/hard/libg_nano.a(libc_a-stdio.o)
                0x0800f042                __seofread
 .text.__swrite
                0x0800f046       0x38 /opt/st/stm32cubeclt_1.21.0/GNU-tools-for-STM32/bin/../lib/gcc/arm-none-eabi/14.3.1/../../../../arm-none-eabi/lib/thumb/v7e-m+fp/hard/libg_nano.a(libc_a-stdio.o)
                0x0800f046                __swrite
 .text.__sseek  0x0800f07e       0x26 /opt/st/stm32cubeclt_1.21.0/GNU-tools-for-STM32/bin/../lib/gcc/arm-none-eabi/14.3.1/../../../../arm-none-eabi/lib/thumb/v7e-m+fp/hard/libg_nano.a(libc_a-stdio.o)
                0x0800f07e                __sseek
 .text.__sclose
                0x0800f0a4        0x8 /opt/st/stm32cubeclt_1.21.0/GNU-tools-for-STM32/bin/../lib/gcc/arm-none-eabi/14.3.1/../../../../arm-none-eabi/lib/thumb/v7e-m+fp/hard/libg_nano.a(libc_a-stdio.o)
                0x0800f0a4                __sclose
 .text.__swbuf_r
                0x0800f0ac       0x7c /opt/st/stm32cubeclt_1.21.0/GNU-tools-for-STM32/bin/../lib/gcc/arm-none-eabi/14.3.1/../../../../arm-none-eabi/lib/thumb/v7e-m+fp/hard/libg_nano.a(libc_a-wbuf.o)
                0x0800f0ac                __swbuf_r
 .text.__swsetup_r
                0x0800f128       0xa8 /opt/st/stm32cubeclt_1.21.0/GNU-tools-for-STM32/bin/../lib/gcc/arm-none-eabi/14.3.1/../../../../arm-none-eabi/lib/thumb/v7e-m+fp/hard/libg_nano.a(libc_a-wsetup.o)
                0x0800f128                __swsetup_r
 .text.memcmp   0x0800f1d0       0x20 /opt/st/stm32cubeclt_1.21.0/GNU-tools-for-STM32/bin/../lib/gcc/arm-none-eabi/14.3.1/../../../../arm-none-eabi/lib/thumb/v7e-m+fp/hard/libg_nano.a(libc_a-memcmp.o)
                0x0800f1d0                memcmp
 .text.memset   0x0800f1f0       0x10 /opt/st/stm32cubeclt_1.21.0/GNU-tools-for-STM32/bin/../lib/gcc/arm-none-eabi/14.3.1/../../../../arm-none-eabi/lib/thumb/v7e-m+fp/hard/libg_nano.a(libc_a-memset.o)
                0x0800f1f0                memset
 .text._close_r
                0x0800f200       0x20 /opt/st/stm32cubeclt_1.21.0/GNU-tools-for-STM32/bin/../lib/gcc/arm-none-eabi/14.3.1/../../../../arm-none-eabi/lib/thumb/v7e-m+fp/hard/libg_nano.a(libc_a-closer.o)
                0x0800f200                _close_r
 .text._lseek_r
                0x0800f220       0x24 /opt/st/stm32cubeclt_1.21.0/GNU-tools-for-STM32/bin/../lib/gcc/arm-none-eabi/14.3.1/../../../../arm-none-eabi/lib/thumb/v7e-m+fp/hard/libg_nano.a(libc_a-lseekr.o)
                0x0800f220                _lseek_r
 .text._read_r  0x0800f244       0x24 /opt/st/stm32cubeclt_1.21.0/GNU-tools-for-STM32/bin/../lib/gcc/arm-none-eabi/14.3.1/../../../../arm-none-eabi/lib/thumb/v7e-m+fp/hard/libg_nano.a(libc_a-readr.o)
                0x0800f244                _read_r
 .text._write_r
                0x0800f268       0x24 /opt/st/stm32cubeclt_1.21.0/GNU-tools-for-STM32/bin/../lib/gcc/arm-none-eabi/14.3.1/../../../../arm-none-eabi/lib/thumb/v7e-m+fp/hard/libg_nano.a(libc_a-writer.o)
                0x0800f268                _write_r
 .text.__errno  0x0800f28c        0xc /opt/st/stm32cubeclt_1.21.0/GNU-tools-for-STM32/bin/../lib/gcc/arm-none-eabi/14.3.1/../../../../arm-none-eabi/lib/thumb/v7e-m+fp/hard/libg_nano.a(libc_a-errno.o)
                0x0800f28c                __errno
 .text.__libc_init_array
                0x0800f298       0x48 /opt/st/stm32cubeclt_1.21.0/GNU-tools-for-STM32/bin/../lib/gcc/arm-none-eabi/14.3.1/../../../../arm-none-eabi/lib/thumb/v7e-m+fp/hard/libg_nano.a(libc_a-init.o)
                0x0800f298                __libc_init_array
 .text.__retarget_lock_init_recursive
                0x0800f2e0        0x2 /opt/st/stm32cubeclt_1.21.0/GNU-tools-for-STM32/bin/../lib/gcc/arm-none-eabi/14.3.1/../../../../arm-none-eabi/lib/thumb/v7e-m+fp/hard/libg_nano.a(libc_a-lock.o)
                0x0800f2e0                __retarget_lock_init_recursive
 .text.__retarget_lock_acquire_recursive
                0x0800f2e2        0x2 /opt/st/stm32cubeclt_1.21.0/GNU-tools-for-STM32/bin/../lib/gcc/arm-none-eabi/14.3.1/../../../../arm-none-eabi/lib/thumb/v7e-m+fp/hard/libg_nano.a(libc_a-lock.o)
                0x0800f2e2                __retarget_lock_acquire_recursive
 .text.__retarget_lock_release_recursive
                0x0800f2e4        0x2 /opt/st/stm32cubeclt_1.21.0/GNU-tools-for-STM32/bin/../lib/gcc/arm-none-eabi/14.3.1/../../../../arm-none-eabi/lib/thumb/v7e-m+fp/hard/libg_nano.a(libc_a-lock.o)
                0x0800f2e4                __retarget_lock_release_recursive
 .text.memcpy   0x0800f2e6       0x1c /opt/st/stm32cubeclt_1.21.0/GNU-tools-for-STM32/bin/../lib/gcc/arm-none-eabi/14.3.1/../../../../arm-none-eabi/lib/thumb/v7e-m+fp/hard/libg_nano.a(libc_a-memcpy-stub.o)
                0x0800f2e6                memcpy
 *fill*         0x0800f302        0x2 
 .text._free_r  0x0800f304       0x94 /opt/st/stm32cubeclt_1.21.0/GNU-tools-for-STM32/bin/../lib/gcc/arm-none-eabi/14.3.1/../../../../arm-none-eabi/lib/thumb/v7e-m+fp/hard/libg_nano.a(libc_a-freer.o)
                0x0800f304                _free_r
 .text.sbrk_aligned
                0x0800f398       0x44 /opt/st/stm32cubeclt_1.21.0/GNU-tools-for-STM32/bin/../lib/gcc/arm-none-eabi/14.3.1/../../../../arm-none-eabi/lib/thumb/v7e-m+fp/hard/libg_nano.a(libc_a-mallocr.o)
 .text._malloc_r
                0x0800f3dc      0x100 /opt/st/stm32cubeclt_1.21.0/GNU-tools-for-STM32/bin/../lib/gcc/arm-none-eabi/14.3.1/../../../../arm-none-eabi/lib/thumb/v7e-m+fp/hard/libg_nano.a(libc_a-mallocr.o)
                0x0800f3dc                _malloc_r
 .text.__malloc_lock
                0x0800f4dc        0xc /opt/st/stm32cubeclt_1.21.0/GNU-tools-for-STM32/bin/../lib/gcc/arm-none-eabi/14.3.1/../../../../arm-none-eabi/lib/thumb/v7e-m+fp/hard/libg_nano.a(libc_a-mlock.o)
                0x0800f4dc                __malloc_lock
 .text.__malloc_unlock
                0x0800f4e8        0xc /opt/st/stm32cubeclt_1.21.0/GNU-tools-for-STM32/bin/../lib/gcc/arm-none-eabi/14.3.1/../../../../arm-none-eabi/lib/thumb/v7e-m+fp/hard/libg_nano.a(libc_a-mlock.o)
                0x0800f4e8                __malloc_unlock
 .text._sungetc_r
                0x0800f4f4       0x7a /opt/st/stm32cubeclt_1.21.0/GNU-tools-for-STM32/bin/../lib/gcc/arm-none-eabi/14.3.1/../../../../arm-none-eabi/lib/thumb/v7e-m+fp/hard/libg_nano.a(libc_a-nano-svfscanf.o)
                0x0800f4f4                _sungetc_r
 .text.__ssrefill_r
                0x0800f56e       0x3a /opt/st/stm32cubeclt_1.21.0/GNU-tools-for-STM32/bin/../lib/gcc/arm-none-eabi/14.3.1/../../../../arm-none-eabi/lib/thumb/v7e-m+fp/hard/libg_nano.a(libc_a-nano-svfscanf.o)
                0x0800f56e                __ssrefill_r
 .text.__ssvfscanf_r
                0x0800f5a8      0x2fc /opt/st/stm32cubeclt_1.21.0/GNU-tools-for-STM32/bin/../lib/gcc/arm-none-eabi/14.3.1/../../../../arm-none-eabi/lib/thumb/v7e-m+fp/hard/libg_nano.a(libc_a-nano-svfscanf.o)
                0x0800f5a8                __ssvfscanf_r
                0x0800f5a8                __ssvfiscanf_r
 .text.__sfputc_r
                0x0800f8a4       0x2e /opt/st/stm32cubeclt_1.21.0/GNU-tools-for-STM32/bin/../lib/gcc/arm-none-eabi/14.3.1/../../../../arm-none-eabi/lib/thumb/v7e-m+fp/hard/libg_nano.a(libc_a-nano-vfprintf.o)
 .text.__sfputs_r
                0x0800f8d2       0x24 /opt/st/stm32cubeclt_1.21.0/GNU-tools-for-STM32/bin/../lib/gcc/arm-none-eabi/14.3.1/../../../../arm-none-eabi/lib/thumb/v7e-m+fp/hard/libg_nano.a(libc_a-nano-vfprintf.o)
                0x0800f8d2                __sfputs_r
 *fill*         0x0800f8f6        0x2 
 .text._vfprintf_r
                0x0800f8f8      0x228 /opt/st/stm32cubeclt_1.21.0/GNU-tools-for-STM32/bin/../lib/gcc/arm-none-eabi/14.3.1/../../../../arm-none-eabi/lib/thumb/v7e-m+fp/hard/libg_nano.a(libc_a-nano-vfprintf.o)
                0x0800f8f8                _vfiprintf_r
                0x0800f8f8                _vfprintf_r
 .text._printf_common
                0x0800fb20       0xda /opt/st/stm32cubeclt_1.21.0/GNU-tools-for-STM32/bin/../lib/gcc/arm-none-eabi/14.3.1/../../../../arm-none-eabi/lib/thumb/v7e-m+fp/hard/libg_nano.a(libc_a-nano-vfprintf_i.o)
                0x0800fb20                _printf_common
 *fill*         0x0800fbfa        0x2 
 .text._printf_i
                0x0800fbfc      0x24c /opt/st/stm32cubeclt_1.21.0/GNU-tools-for-STM32/bin/../lib/gcc/arm-none-eabi/14.3.1/../../../../arm-none-eabi/lib/thumb/v7e-m+fp/hard/libg_nano.a(libc_a-nano-vfprintf_i.o)
                0x0800fbfc                _printf_i
 .text._scanf_chars
                0x0800fe48       0xb4 /opt/st/stm32cubeclt_1.21.0/GNU-tools-for-STM32/bin/../lib/gcc/arm-none-eabi/14.3.1/../../../../arm-none-eabi/lib/thumb/v7e-m+fp/hard/libg_nano.a(libc_a-nano-vfscanf_i.o)
                0x0800fe48                _scanf_chars
 .text._scanf_i
                0x0800fefc      0x1e4 /opt/st/stm32cubeclt_1.21.0/GNU-tools-for-STM32/bin/../lib/gcc/arm-none-eabi/14.3.1/../../../../arm-none-eabi/lib/thumb/v7e-m+fp/hard/libg_nano.a(libc_a-nano-vfscanf_i.o)
                0x0800fefc                _scanf_i
 .text.__sflush_r
                0x080100e0      0x104 /opt/st/stm32cubeclt_1.21.0/GNU-tools-for-STM32/bin/../lib/gcc/arm-none-eabi/14.3.1/../../../../arm-none-eabi/lib/thumb/v7e-m+fp/hard/libg_nano.a(libc_a-fflush.o)
                0x080100e0                __sflush_r
 .text._fflush_r
                0x080101e4       0x50 /opt/st/stm32cubeclt_1.21.0/GNU-tools-for-STM32/bin/../lib/gcc/arm-none-eabi/14.3.1/../../../../arm-none-eabi/lib/thumb/v7e-m+fp/hard/libg_nano.a(libc_a-fflush.o)
                0x080101e4                _fflush_r
 .text.__swhatbuf_r
                0x08010234       0x48 /opt/st/stm32cubeclt_1.21.0/GNU-tools-for-STM32/bin/../lib/gcc/arm-none-eabi/14.3.1/../../../../arm-none-eabi/lib/thumb/v7e-m+fp/hard/libg_nano.a(libc_a-makebuf.o)
                0x08010234                __swhatbuf_r
 .text.__smakebuf_r
                0x0801027c       0x72 /opt/st/stm32cubeclt_1.21.0/GNU-tools-for-STM32/bin/../lib/gcc/arm-none-eabi/14.3.1/../../../../arm-none-eabi/lib/thumb/v7e-m+fp/hard/libg_nano.a(libc_a-makebuf.o)
                0x0801027c                __smakebuf_r
 .text.__sccl   0x080102ee       0x72 /opt/st/stm32cubeclt_1.21.0/GNU-tools-for-STM32/bin/../lib/gcc/arm-none-eabi/14.3.1/../../../../arm-none-eabi/lib/thumb/v7e-m+fp/hard/libg_nano.a(libc_a-sccl.o)
                0x080102ee                __sccl
 .text.__submore
                0x08010360       0x74 /opt/st/stm32cubeclt_1.21.0/GNU-tools-for-STM32/bin/../lib/gcc/arm-none-eabi/14.3.1/../../../../arm-none-eabi/lib/thumb/v7e-m+fp/hard/libg_nano.a(libc_a-ungetc.o)
                0x08010360                __submore
 .text._fstat_r
                0x080103d4       0x24 /opt/st/stm32cubeclt_1.21.0/GNU-tools-for-STM32/bin/../lib/gcc/arm-none-eabi/14.3.1/../../../../arm-none-eabi/lib/thumb/v7e-m+fp/hard/libg_nano.a(libc_a-fstatr.o)
                0x080103d4                _fstat_r
 .text._isatty_r
                0x080103f8       0x20 /opt/st/stm32cubeclt_1.21.0/GNU-tools-for-STM32/bin/../lib/gcc/arm-none-eabi/14.3.1/../../../../arm-none-eabi/lib/thumb/v7e-m+fp/hard/libg_nano.a(libc_a-isattyr.o)
                0x080103f8                _isatty_r
 .text._sbrk_r  0x08010418       0x20 /opt/st/stm32cubeclt_1.21.0/GNU-tools-for-STM32/bin/../lib/gcc/arm-none-eabi/14.3.1/../../../../arm-none-eabi/lib/thumb/v7e-m+fp/hard/libg_nano.a(libc_a-sbrkr.o)
                0x08010418                _sbrk_r
 .text._realloc_r
                0x08010438       0x5c /opt/st/stm32cubeclt_1.21.0/GNU-tools-for-STM32/bin/../lib/gcc/arm-none-eabi/14.3.1/../../../../arm-none-eabi/lib/thumb/v7e-m+fp/hard/libg_nano.a(libc_a-reallocr.o)
                0x08010438                _realloc_r
 .text._strtoul_l.isra.0
                0x08010494       0xdc /opt/st/stm32cubeclt_1.21.0/GNU-tools-for-STM32/bin/../lib/gcc/arm-none-eabi/14.3.1/../../../../arm-none-eabi/lib/thumb/v7e-m+fp/hard/libg_nano.a(libc_a-strtoul.o)
 .text._strtoul_r
                0x08010570        0x4 /opt/st/stm32cubeclt_1.21.0/GNU-tools-for-STM32/bin/../lib/gcc/arm-none-eabi/14.3.1/../../../../arm-none-eabi/lib/thumb/v7e-m+fp/hard/libg_nano.a(libc_a-strtoul.o)
                0x08010570                _strtoul_r
 .text._malloc_usable_size_r
                0x08010574       0x10 /opt/st/stm32cubeclt_1.21.0/GNU-tools-for-STM32/bin/../lib/gcc/arm-none-eabi/14.3.1/../../../../arm-none-eabi/lib/thumb/v7e-m+fp/hard/libg_nano.a(libc_a-msizer.o)
                0x08010574                _malloc_usable_size_r
 *(.glue_7)
 .glue_7        0x08010584        0x0 linker stubs
 *(.glue_7t)
 .glue_7t       0x08010584        0x0 linker stubs
 *(.eh_frame)
 .eh_frame      0x08010584        0x0 /opt/st/stm32cubeclt_1.21.0/GNU-tools-for-STM32/bin/../lib/gcc/arm-none-eabi/14.3.1/thumb/v7e-m+fp/hard/crtbegin.o
 *(.init)
 .init          0x08010584        0x4 /opt/st/stm32cubeclt_1.21.0/GNU-tools-for-STM32/bin/../lib/gcc/arm-none-eabi/14.3.1/thumb/v7e-m+fp/hard/crti.o
                0x08010584                _init
 .init          0x08010588        0x8 /opt/st/stm32cubeclt_1.21.0/GNU-tools-for-STM32/bin/../lib/gcc/arm-none-eabi/14.3.1/thumb/v7e-m+fp/hard/crtn.o
 *(.fini)
 .fini          0x08010590        0x4 /opt/st/stm32cubeclt_1.21.0/GNU-tools-for-STM32/bin/../lib/gcc/arm-none-eabi/14.3.1/thumb/v7e-m+fp/hard/crti.o
                0x08010590                _fini
 .fini          0x08010594        0x8 /opt/st/stm32cubeclt_1.21.0/GNU-tools-for-STM32/bin/../lib/gcc/arm-none-eabi/14.3.1/thumb/v7e-m+fp/hard/crtn.o
                0x0801059c                        . = ALIGN (0x4)
                0x0801059c                        _etext = .

.vfp11_veneer   0x0801059c        0x0
 .vfp11_veneer  0x0801059c        0x0 linker stubs

.v4_bx          0x0801059c        0x0
 .v4_bx         0x0801059c        0x0 linker stubs

.iplt           0x0801059c        0x0
 .iplt          0x0801059c        0x0 /opt/st/stm32cubeclt_1.21.0/GNU-tools-for-STM32/bin/../lib/gcc/arm-none-eabi/14.3.1/thumb/v7e-m+fp/hard/crtbegin.o

.rodata         0x0801059c     0x1bc0
                0x0801059c                        . = ALIGN (0x4)
 *(.rodata)
 .rodata        0x0801059c        0x5 cmake/stm32cubemx/CMakeFiles/FreeRTOS.dir/__/__/Middlewares/Third_Party/FreeRTOS/Source/tasks.c.obj
 *fill*         0x080105a1        0x3 
 .rodata        0x080105a4        0xd cmake/stm32cubemx/CMakeFiles/FreeRTOS.dir/__/__/Middlewares/Third_Party/FreeRTOS/Source/timers.c.obj
 *fill*         0x080105b1        0x3 
 .rodata        0x080105b4      0x565 CMakeFiles/Robot_Myself.dir/Core/Src/freertos.c.obj
 *fill*         0x08010b19        0x3 
 .rodata        0x08010b1c      0x1b2 CMakeFiles/Robot_Myself.dir/Core/Src/core.c.obj
 *fill*         0x08010cce        0x2 
 .rodata        0x08010cd0      0x190 CMakeFiles/Robot_Myself.dir/Core/Src/brushless_motor.c.obj
 .rodata        0x08010e60       0x4b CMakeFiles/Robot_Myself.dir/Core/Src/inv_mpu_dmp_motion_driver.c.obj
 *fill*         0x08010eab        0x1 
 .rodata        0x08010eac        0xc /opt/st/stm32cubeclt_1.21.0/GNU-tools-for-STM32/bin/../lib/gcc/arm-none-eabi/14.3.1/../../../../arm-none-eabi/lib/thumb/v7e-m+fp/hard/libg_nano.a(libc_a-nano-vfscanf_i.o)
 *(.rodata*)
 .rodata.AHBPrescTable
                0x08010eb8       0x10 cmake/stm32cubemx/CMakeFiles/STM32_Drivers.dir/__/__/Core/Src/system_stm32f4xx.c.obj
                0x08010eb8                AHBPrescTable
 .rodata.APBPrescTable
                0x08010ec8        0x8 cmake/stm32cubemx/CMakeFiles/STM32_Drivers.dir/__/__/Core/Src/system_stm32f4xx.c.obj
                0x08010ec8                APBPrescTable
 .rodata.flagBitshiftOffset.0
                0x08010ed0        0x8 cmake/stm32cubemx/CMakeFiles/STM32_Drivers.dir/__/__/Drivers/STM32F4xx_HAL_Driver/Src/stm32f4xx_hal_dma.c.obj