Archive member included to satisfy reference by file (symbol)

/usr/share/arm-gnu-toolchain-15.2.rel1-x86_64-arm-none-eabi/bin/../lib/gcc/arm-none-eabi/15.2.1/../../../../arm-none-eabi/lib/thumb/v7e-m+fp/hard/libm.a(libm_a-wf_asin.o)
                              CMakeFiles/Robot_Myself.dir/Core/Src/core.c.obj (asinf)
/usr/share/arm-gnu-toolchain-15.2.rel1-x86_64-arm-none-eabi/bin/../lib/gcc/arm-none-eabi/15.2.1/../../../../arm-none-eabi/lib/thumb/v7e-m+fp/hard/libm.a(libm_a-wf_atan2.o)
                              CMakeFiles/Robot_Myself.dir/Core/Src/brushless_motor.c.obj (atan2f)
/usr/share/arm-gnu-toolchain-15.2.rel1-x86_64-arm-none-eabi/bin/../lib/gcc/arm-none-eabi/15.2.1/../../../../arm-none-eabi/lib/thumb/v7e-m+fp/hard/libm.a(libm_a-sf_cos.o)
                              CMakeFiles/Robot_Myself.dir/Core/Src/brushless_motor.c.obj (cosf)
/usr/share/arm-gnu-toolchain-15.2.rel1-x86_64-arm-none-eabi/bin/../lib/gcc/arm-none-eabi/15.2.1/../../../../arm-none-eabi/lib/thumb/v7e-m+fp/hard/libm.a(libm_a-sf_fabs.o)
                              /usr/share/arm-gnu-toolchain-15.2.rel1-x86_64-arm-none-eabi/bin/../lib/gcc/arm-none-eabi/15.2.1/../../../../arm-none-eabi/lib/thumb/v7e-m+fp/hard/libm.a(libm_a-wf_asin.o) (fabsf)
/usr/share/arm-gnu-toolchain-15.2.rel1-x86_64-arm-none-eabi/bin/../lib/gcc/arm-none-eabi/15.2.1/../../../../arm-none-eabi/lib/thumb/v7e-m+fp/hard/libm.a(libm_a-sf_sin.o)
                              CMakeFiles/Robot_Myself.dir/Core/Src/brushless_motor.c.obj (sinf)
/usr/share/arm-gnu-toolchain-15.2.rel1-x86_64-arm-none-eabi/bin/../lib/gcc/arm-none-eabi/15.2.1/../../../../arm-none-eabi/lib/thumb/v7e-m+fp/hard/libm.a(libm_a-sf_nan.o)
                              /usr/share/arm-gnu-toolchain-15.2.rel1-x86_64-arm-none-eabi/bin/../lib/gcc/arm-none-eabi/15.2.1/../../../../arm-none-eabi/lib/thumb/v7e-m+fp/hard/libm.a(libm_a-wf_asin.o) (nanf)
/usr/share/arm-gnu-toolchain-15.2.rel1-x86_64-arm-none-eabi/bin/../lib/gcc/arm-none-eabi/15.2.1/../../../../arm-none-eabi/lib/thumb/v7e-m+fp/hard/libm.a(libm_a-kf_cos.o)
                              /usr/share/arm-gnu-toolchain-15.2.rel1-x86_64-arm-none-eabi/bin/../lib/gcc/arm-none-eabi/15.2.1/../../../../arm-none-eabi/lib/thumb/v7e-m+fp/hard/libm.a(libm_a-sf_cos.o) (__kernel_cosf)
/usr/share/arm-gnu-toolchain-15.2.rel1-x86_64-arm-none-eabi/bin/../lib/gcc/arm-none-eabi/15.2.1/../../../../arm-none-eabi/lib/thumb/v7e-m+fp/hard/libm.a(libm_a-kf_sin.o)
                              /usr/share/arm-gnu-toolchain-15.2.rel1-x86_64-arm-none-eabi/bin/../lib/gcc/arm-none-eabi/15.2.1/../../../../arm-none-eabi/lib/thumb/v7e-m+fp/hard/libm.a(libm_a-sf_cos.o) (__kernel_sinf)
/usr/share/arm-gnu-toolchain-15.2.rel1-x86_64-arm-none-eabi/bin/../lib/gcc/arm-none-eabi/15.2.1/../../../../arm-none-eabi/lib/thumb/v7e-m+fp/hard/libm.a(libm_a-ef_asin.o)
                              /usr/share/arm-gnu-toolchain-15.2.rel1-x86_64-arm-none-eabi/bin/../lib/gcc/arm-none-eabi/15.2.1/../../../../arm-none-eabi/lib/thumb/v7e-m+fp/hard/libm.a(libm_a-wf_asin.o) (__ieee754_asinf)
/usr/share/arm-gnu-toolchain-15.2.rel1-x86_64-arm-none-eabi/bin/../lib/gcc/arm-none-eabi/15.2.1/../../../../arm-none-eabi/lib/thumb/v7e-m+fp/hard/libm.a(libm_a-ef_atan2.o)
                              /usr/share/arm-gnu-toolchain-15.2.rel1-x86_64-arm-none-eabi/bin/../lib/gcc/arm-none-eabi/15.2.1/../../../../arm-none-eabi/lib/thumb/v7e-m+fp/hard/libm.a(libm_a-wf_atan2.o) (__ieee754_atan2f)
/usr/share/arm-gnu-toolchain-15.2.rel1-x86_64-arm-none-eabi/bin/../lib/gcc/arm-none-eabi/15.2.1/../../../../arm-none-eabi/lib/thumb/v7e-m+fp/hard/libm.a(libm_a-ef_rem_pio2.o)
                              /usr/share/arm-gnu-toolchain-15.2.rel1-x86_64-arm-none-eabi/bin/../lib/gcc/arm-none-eabi/15.2.1/../../../../arm-none-eabi/lib/thumb/v7e-m+fp/hard/libm.a(libm_a-sf_cos.o) (__ieee754_rem_pio2f)
/usr/share/arm-gnu-toolchain-15.2.rel1-x86_64-arm-none-eabi/bin/../lib/gcc/arm-none-eabi/15.2.1/../../../../arm-none-eabi/lib/thumb/v7e-m+fp/hard/libm.a(libm_a-sf_atan.o)
                              /usr/share/arm-gnu-toolchain-15.2.rel1-x86_64-arm-none-eabi/bin/../lib/gcc/arm-none-eabi/15.2.1/../../../../arm-none-eabi/lib/thumb/v7e-m+fp/hard/libm.a(libm_a-ef_atan2.o) (atanf)
/usr/share/arm-gnu-toolchain-15.2.rel1-x86_64-arm-none-eabi/bin/../lib/gcc/arm-none-eabi/15.2.1/../../../../arm-none-eabi/lib/thumb/v7e-m+fp/hard/libm.a(libm_a-ef_sqrt.o)
                              /usr/share/arm-gnu-toolchain-15.2.rel1-x86_64-arm-none-eabi/bin/../lib/gcc/arm-none-eabi/15.2.1/../../../../arm-none-eabi/lib/thumb/v7e-m+fp/hard/libm.a(libm_a-ef_asin.o) (__ieee754_sqrtf)
/usr/share/arm-gnu-toolchain-15.2.rel1-x86_64-arm-none-eabi/bin/../lib/gcc/arm-none-eabi/15.2.1/../../../../arm-none-eabi/lib/thumb/v7e-m+fp/hard/libm.a(libm_a-kf_rem_pio2.o)
[...]
Memory Configuration

Name             Origin             Length             Attributes
RAM              0x20000000         0x00020000         xrw
CCMRAM           0x10000000         0x00010000         xrw
FLASH            0x08000000         0x00080000         xr
*default*        0x00000000         0xffffffff

Linker script and memory map

LOAD /usr/share/arm-gnu-toolchain-15.2.rel1-x86_64-arm-none-eabi/bin/../lib/gcc/arm-none-eabi/15.2.1/thumb/v7e-m+fp/hard/crti.o
LOAD /usr/share/arm-gnu-toolchain-15.2.rel1-x86_64-arm-none-eabi/bin/../lib/gcc/arm-none-eabi/15.2.1/thumb/v7e-m+fp/hard/crtbegin.o
LOAD /usr/share/arm-gnu-toolchain-15.2.rel1-x86_64-arm-none-eabi/bin/../lib/gcc/arm-none-eabi/15.2.1/../../../../arm-none-eabi/lib/thumb/v7e-m+fp/hard/crt0.o
LOAD cmake/stm32cubemx/CMakeFiles/STM32_Drivers.dir/__/__/Core/Src/system_stm32f4xx.c.obj
LOAD cmake/stm32cubemx/CMakeFiles/STM32_Drivers.dir/__/__/Drivers/STM32F4xx_HAL_Driver/Src/stm32f4xx_hal_tim.c.obj
LOAD cmake/stm32cubemx/CMakeFiles/STM32_Drivers.dir/__/__/Drivers/STM32F4xx_HAL_Driver/Src/stm32f4xx_hal_tim_ex.c.obj
LOAD cmake/stm32cubemx/CMakeFiles/STM32_Drivers.dir/__/__/Drivers/STM32F4xx_HAL_Driver/Src/stm32f4xx_hal_rcc.c.obj
LOAD cmake/stm32cubemx/CMakeFiles/STM32_Drivers.dir/__/__/Drivers/STM32F4xx_HAL_Driver/Src/stm32f4xx_hal_rcc_ex.c.obj
LOAD cmake/stm32cubemx/CMakeFiles/STM32_Drivers.dir/__/__/Drivers/STM32F4xx_HAL_Driver/Src/stm32f4xx_hal_flash.c.obj
LOAD cmake/stm32cubemx/CMakeFiles/STM32_Drivers.dir/__/__/Drivers/STM32F4xx_HAL_Driver/Src/stm32f4xx_hal_flash_ex.c.obj
LOAD cmake/stm32cubemx/CMakeFiles/STM32_Drivers.dir/__/__/Drivers/STM32F4xx_HAL_Driver/Src/stm32f4xx_hal_flash_ramfunc.c.obj
LOAD cmake/stm32cubemx/CMakeFiles/STM32_Drivers.dir/__/__/Drivers/STM32F4xx_HAL_Driver/Src/stm32f4xx_hal_gpio.c.obj
LOAD cmake/stm32cubemx/CMakeFiles/STM32_Drivers.dir/__/__/Drivers/STM32F4xx_HAL_Driver/Src/stm32f4xx_hal_dma_ex.c.obj
LOAD cmake/stm32cubemx/CMakeFiles/STM32_Drivers.dir/__/__/Drivers/STM32F4xx_HAL_Driver/Src/stm32f4xx_hal_dma.c.obj
LOAD cmake/stm32cubemx/CMakeFiles/STM32_Drivers.dir/__/__/Drivers/STM32F4xx_HAL_Driver/Src/stm32f4xx_hal_pwr.c.obj
LOAD cmake/stm32cubemx/CMakeFiles/STM32_Drivers.dir/__/__/Drivers/STM32F4xx_HAL_Driver/Src/stm32f4xx_hal_pwr_ex.c.obj
LOAD cmake/stm32cubemx/CMakeFiles/STM32_Drivers.dir/__/__/Drivers/STM32F4xx_HAL_Driver/Src/stm32f4xx_hal_cortex.c.obj
LOAD cmake/stm32cubemx/CMakeFiles/STM32_Drivers.dir/__/__/Drivers/STM32F4xx_HAL_Driver/Src/stm32f4xx_hal.c.obj
LOAD cmake/stm32cubemx/CMakeFiles/STM32_Drivers.dir/__/__/Drivers/STM32F4xx_HAL_Driver/Src/stm32f4xx_hal_exti.c.obj
LOAD cmake/stm32cubemx/CMakeFiles/STM32_Drivers.dir/__/__/Drivers/STM32F4xx_HAL_Driver/Src/stm32f4xx_hal_i2c.c.obj
LOAD cmake/stm32cubemx/CMakeFiles/STM32_Drivers.dir/__/__/Drivers/STM32F4xx_HAL_Driver/Src/stm32f4xx_hal_i2c_ex.c.obj
LOAD cmake/stm32cubemx/CMakeFiles/STM32_Drivers.dir/__/__/Drivers/STM32F4xx_HAL_Driver/Src/stm32f4xx_hal_uart.c.obj
LOAD cmake/stm32cubemx/CMakeFiles/FreeRTOS.dir/__/__/Middlewares/Third_Party/FreeRTOS/Source/croutine.c.obj
LOAD cmake/stm32cubemx/CMakeFiles/FreeRTOS.dir/__/__/Middlewares/Third_Party/FreeRTOS/Source/event_groups.c.obj
LOAD cmake/stm32cubemx/CMakeFiles/FreeRTOS.dir/__/__/Middlewares/Third_Party/FreeRTOS/Source/list.c.obj
LOAD cmake/stm32cubemx/CMakeFiles/FreeRTOS.dir/__/__/Middlewares/Third_Party/FreeRTOS/Source/queue.c.obj
LOAD cmake/stm32cubemx/CMakeFiles/FreeRTOS.dir/__/__/Middlewares/Third_Party/FreeRTOS/Source/stream_buffer.c.obj
LOAD cmake/stm32cubemx/CMakeFiles/FreeRTOS.dir/__/__/Middlewares/Third_Party/FreeRTOS/Source/tasks.c.obj
LOAD cmake/stm32cubemx/CMakeFiles/FreeRTOS.dir/__/__/Middlewares/Third_Party/FreeRTOS/Source/timers.c.obj
LOAD cmake/stm32cubemx/CMakeFiles/FreeRTOS.dir/__/__/Middlewares/Third_Party/FreeRTOS/Source/CMSIS_RTOS_V2/cmsis_os2.c.obj
LOAD cmake/stm32cubemx/CMakeFiles/FreeRTOS.dir/__/__/Middlewares/Third_Party/FreeRTOS/Source/portable/MemMang/heap_4.c.obj
LOAD cmake/stm32cubemx/CMakeFiles/FreeRTOS.dir/__/__/Middlewares/Third_Party/FreeRTOS/Source/portable/GCC/ARM_CM4F/port.c.obj
LOAD CMakeFiles/Robot_Myself.dir/Core/Src/main.c.obj
LOAD CMakeFiles/Robot_Myself.dir/Core/Src/gpio.c.obj
LOAD CMakeFiles/Robot_Myself.dir/Core/Src/freertos.c.obj
LOAD CMakeFiles/Robot_Myself.dir/Core/Src/dma.c.obj
LOAD CMakeFiles/Robot_Myself.dir/Core/Src/i2c.c.obj
LOAD CMakeFiles/Robot_Myself.dir/Core/Src/core.c.obj
LOAD CMakeFiles/Robot_Myself.dir/Core/Src/brushless_motor.c.obj
LOAD CMakeFiles/Robot_Myself.dir/Core/Src/steering_engine.c.obj
LOAD CMakeFiles/Robot_Myself.dir/Core/Src/inv_mpu.c.obj
LOAD CMakeFiles/Robot_Myself.dir/Core/Src/inv_mpu_dmp_motion_driver.c.obj
LOAD CMakeFiles/Robot_Myself.dir/Core/Src/tim.c.obj
LOAD CMakeFiles/Robot_Myself.dir/Core/Src/usart.c.obj
LOAD CMakeFiles/Robot_Myself.dir/Core/Src/stm32f4xx_it.c.obj
LOAD CMakeFiles/Robot_Myself.dir/Core/Src/stm32f4xx_hal_msp.c.obj
LOAD CMakeFiles/Robot_Myself.dir/Core/Src/stm32f4xx_hal_timebase_tim.c.obj
LOAD CMakeFiles/Robot_Myself.dir/Core/Src/sysmem.c.obj
LOAD CMakeFiles/Robot_Myself.dir/Core/Src/syscalls.c.obj
LOAD CMakeFiles/Robot_Myself.dir/startup_stm32f407xx.s.obj
LOAD /usr/share/arm-gnu-toolchain-15.2.rel1-x86_64-arm-none-eabi/bin/../lib/gcc/arm-none-eabi/15.2.1/../../../../arm-none-eabi/lib/thumb/v7e-m+fp/hard/libm.a
START GROUP
LOAD /usr/share/arm-gnu-toolchain-15.2.rel1-x86_64-arm-none-eabi/bin/../lib/gcc/arm-none-eabi/15.2.1/thumb/v7e-m+fp/hard/libgcc.a
LOAD /usr/share/arm-gnu-toolchain-15.2.rel1-x86_64-arm-none-eabi/bin/../lib/gcc/arm-none-eabi/15.2.1/../../../../arm-none-eabi/lib/thumb/v7e-m+fp/hard/libg_nano.a
LOAD /usr/share/arm-gnu-toolchain-15.2.rel1-x86_64-arm-none-eabi/bin/../lib/gcc/arm-none-eabi/15.2.1/../../../../arm-none-eabi/lib/thumb/v7e-m+fp/hard/libc_nano.a
END GROUP
START GROUP
LOAD /usr/share/arm-gnu-toolchain-15.2.rel1-x86_64-arm-none-eabi/bin/../lib/gcc/arm-none-eabi/15.2.1/thumb/v7e-m+fp/hard/libgcc.a
LOAD /usr/share/arm-gnu-toolchain-15.2.rel1-x86_64-arm-none-eabi/bin/../lib/gcc/arm-none-eabi/15.2.1/../../../../arm-none-eabi/lib/thumb/v7e-m+fp/hard/libc_nano.a
END GROUP
LOAD /usr/share/arm-gnu-toolchain-15.2.rel1-x86_64-arm-none-eabi/bin/../lib/gcc/arm-none-eabi/15.2.1/thumb/v7e-m+fp/hard/crtend.o
LOAD /usr/share/arm-gnu-toolchain-15.2.rel1-x86_64-arm-none-eabi/bin/../lib/gcc/arm-none-eabi/15.2.1/thumb/v7e-m+fp/hard/crtn.o
                0x20020000                        _estack = (ORIGIN (RAM) + LENGTH (RAM))
                0x2001fc00                        _sstack = (_estack - _Min_Stack_Size)
                0x00000200                        _Min_Heap_Size = 0x200
                0x00000400                        _Min_Stack_Size = 0x400

.isr_vector     0x08000000      0x188
                0x08000000                        . = ALIGN (0x4)
 *(.isr_vector)
 .isr_vector    0x08000000      0x188 CMakeFiles/Robot_Myself.dir/startup_stm32f407xx.s.obj
                0x08000000                g_pfnVectors
                0x08000188                        . = ALIGN (0x4)

.text           0x08000190    0x10ec4
                0x08000190                        . = ALIGN (0x4)
 *(.text)
 .text          0x08000190      0x378 /usr/share/arm-gnu-toolchain-15.2.rel1-x86_64-arm-none-eabi/bin/../lib/gcc/arm-none-eabi/15.2.1/thumb/v7e-m+fp/hard/libgcc.a(_arm_addsubdf3.o)
                0x08000190                __aeabi_drsub
                0x08000198                __aeabi_dsub
                0x08000198                __subdf3
                0x0800019c                __adddf3
                0x0800019c                __aeabi_dadd
                0x08000414                __aeabi_ui2d
                0x08000414                __floatunsidf
                0x08000434                __floatsidf
                0x08000434                __aeabi_i2d
                0x08000458                __extendsfdf2
                0x08000458                __aeabi_f2d
                0x0800049c                __aeabi_ul2d
                0x0800049c                __floatundidf
                0x080004ac                __floatdidf
                0x080004ac                __aeabi_l2d
 .text          0x08000508       0x30 /usr/share/arm-gnu-toolchain-15.2.rel1-x86_64-arm-none-eabi/bin/../lib/gcc/arm-none-eabi/15.2.1/thumb/v7e-m+fp/hard/libgcc.a(_aeabi_uldivmod.o)
                0x08000508                __aeabi_uldivmod
 .text          0x08000538        0x4 /usr/share/arm-gnu-toolchain-15.2.rel1-x86_64-arm-none-eabi/bin/../lib/gcc/arm-none-eabi/15.2.1/thumb/v7e-m+fp/hard/libgcc.a(_dvmd_tls.o)
                0x08000538                __aeabi_ldiv0
                0x08000538                __aeabi_idiv0
 .text          0x0800053c       0x14 /usr/share/arm-gnu-toolchain-15.2.rel1-x86_64-arm-none-eabi/bin/../lib/gcc/arm-none-eabi/15.2.1/../../../../arm-none-eabi/lib/thumb/v7e-m+fp/hard/libg_nano.a(libc_a-strcmp.o)
                0x0800053c                strcmp
 .text          0x08000550       0x10 /usr/share/arm-gnu-toolchain-15.2.rel1-x86_64-arm-none-eabi/bin/../lib/gcc/arm-none-eabi/15.2.1/../../../../arm-none-eabi/lib/thumb/v7e-m+fp/hard/libg_nano.a(libc_a-strlen.o)
                0x08000550                strlen
 .text          0x08000560       0xa0 /usr/share/arm-gnu-toolchain-15.2.rel1-x86_64-arm-none-eabi/bin/../lib/gcc/arm-none-eabi/15.2.1/../../../../arm-none-eabi/lib/thumb/v7e-m+fp/hard/libg_nano.a(libc_a-memchr.o)
                0x08000560                memchr
 *(.text*)
 .text.deregister_tm_clones
                0x08000600       0x1c /usr/share/arm-gnu-toolchain-15.2.rel1-x86_64-arm-none-eabi/bin/../lib/gcc/arm-none-eabi/15.2.1/thumb/v7e-m+fp/hard/crtbegin.o
 .text.register_tm_clones
                0x0800061c       0x24 /usr/share/arm-gnu-toolchain-15.2.rel1-x86_64-arm-none-eabi/bin/../lib/gcc/arm-none-eabi/15.2.1/thumb/v7e-m+fp/hard/crtbegin.o
 .text.__do_global_dtors_aux
                0x08000640       0x28 /usr/share/arm-gnu-toolchain-15.2.rel1-x86_64-arm-none-eabi/bin/../lib/gcc/arm-none-eabi/15.2.1/thumb/v7e-m+fp/hard/crtbegin.o
 .text.frame_dummy
                0x08000668       0x24 /usr/share/arm-gnu-toolchain-15.2.rel1-x86_64-arm-none-eabi/bin/../lib/gcc/arm-none-eabi/15.2.1/thumb/v7e-m+fp/hard/crtbegin.o
 .text.SystemInit
                0x0800068c       0x20 cmake/stm32cubemx/CMakeFiles/STM32_Drivers.dir/__/__/Core/Src/system_stm32f4xx.c.obj
                0x0800068c                SystemInit
 .text.HAL_TIM_Base_Init
                0x080006ac       0x9e cmake/stm32cubemx/CMakeFiles/STM32_Drivers.dir/__/__/Drivers/STM32F4xx_HAL_Driver/Src/stm32f4xx_hal_tim.c.obj
                0x080006ac                HAL_TIM_Base_Init
 *fill*         0x0800074a        0x2 
 .text.HAL_TIM_Base_Start_IT
                0x0800074c       0xdc cmake/stm32cubemx/CMakeFiles/STM32_Drivers.dir/__/__/Drivers/STM32F4xx_HAL_Driver/Src/stm32f4xx_hal_tim.c.obj
                0x0800074c                HAL_TIM_Base_Start_IT
 .text.HAL_TIM_PWM_Init
                0x08000828       0x9e cmake/stm32cubemx/CMakeFiles/STM32_Drivers.dir/__/__/Drivers/STM32F4xx_HAL_Driver/Src/stm32f4xx_hal_tim.c.obj
                0x08000828                HAL_TIM_PWM_Init
 .text.HAL_TIM_PWM_MspInit
                0x080008c6       0x12 cmake/stm32cubemx/CMakeFiles/STM32_Drivers.dir/__/__/Drivers/STM32F4xx_HAL_Driver/Src/stm32f4xx_hal_tim.c.obj
                0x080008c6                HAL_TIM_PWM_MspInit
 .text.HAL_TIM_PWM_Start
                0x080008d8      0x190 cmake/stm32cubemx/CMakeFiles/STM32_Drivers.dir/__/__/Drivers/STM32F4xx_HAL_Driver/Src/stm32f4xx_hal_tim.c.obj
                0x080008d8                HAL_TIM_PWM_Start
 .text.HAL_TIM_IRQHandler
                0x08000a68      0x1e0 cmake/stm32cubemx/CMakeFiles/STM32_Drivers.dir/__/__/Drivers/STM32F4xx_HAL_Driver/Src/stm32f4xx_hal_tim.c.obj
                0x08000a68                HAL_TIM_IRQHandler
 .text.HAL_TIM_PWM_ConfigChannel
                0x08000c48      0x16c cmake/stm32cubemx/CMakeFiles/STM32_Drivers.dir/__/__/Drivers/STM32F4xx_HAL_Driver/Src/stm32f4xx_hal_tim.c.obj
                0x08000c48                HAL_TIM_PWM_ConfigChannel
 .text.HAL_TIM_SlaveConfigSynchro
                0x08000db4       0x84 cmake/stm32cubemx/CMakeFiles/STM32_Drivers.dir/__/__/Drivers/STM32F4xx_HAL_Driver/Src/stm32f4xx_hal_tim.c.obj
                0x08000db4                HAL_TIM_SlaveConfigSynchro
 .text.HAL_TIM_OC_DelayElapsedCallback
                0x08000e38       0x12 cmake/stm32cubemx/CMakeFiles/STM32_Drivers.dir/__/__/Drivers/STM32F4xx_HAL_Driver/Src/stm32f4xx_hal_tim.c.obj
                0x08000e38                HAL_TIM_OC_DelayElapsedCallback
 .text.HAL_TIM_IC_CaptureCallback
                0x08000e4a       0x12 cmake/stm32cubemx/CMakeFiles/STM32_Drivers.dir/__/__/Drivers/STM32F4xx_HAL_Driver/Src/stm32f4xx_hal_tim.c.obj
                0x08000e4a                HAL_TIM_IC_CaptureCallback
 .text.HAL_TIM_PWM_PulseFinishedCallback
                0x08000e5c       0x12 cmake/stm32cubemx/CMakeFiles/STM32_Drivers.dir/__/__/Drivers/STM32F4xx_HAL_Driver/Src/stm32f4xx_hal_tim.c.obj
                0x08000e5c                HAL_TIM_PWM_PulseFinishedCallback
 .text.HAL_TIM_TriggerCallback
                0x08000e6e       0x12 cmake/stm32cubemx/CMakeFiles/STM32_Drivers.dir/__/__/Drivers/STM32F4xx_HAL_Driver/Src/stm32f4xx_hal_tim.c.obj
                0x08000e6e                HAL_TIM_TriggerCallback
 .text.TIM_Base_SetConfig
                0x08000e80      0x148 cmake/stm32cubemx/CMakeFiles/STM32_Drivers.dir/__/__/Drivers/STM32F4xx_HAL_Driver/Src/stm32f4xx_hal_tim.c.obj
                0x08000e80                TIM_Base_SetConfig
 .text.TIM_OC1_SetConfig
                0x08000fc8       0xe0 cmake/stm32cubemx/CMakeFiles/STM32_Drivers.dir/__/__/Drivers/STM32F4xx_HAL_Driver/Src/stm32f4xx_hal_tim.c.obj
 .text.TIM_OC2_SetConfig
                0x080010a8       0xe8 cmake/stm32cubemx/CMakeFiles/STM32_Drivers.dir/__/__/Drivers/STM32F4xx_HAL_Driver/Src/stm32f4xx_hal_tim.c.obj
                0x080010a8                TIM_OC2_SetConfig
 .text.TIM_OC3_SetConfig
                0x08001190       0xe8 cmake/stm32cubemx/CMakeFiles/STM32_Drivers.dir/__/__/Drivers/STM32F4xx_HAL_Driver/Src/stm32f4xx_hal_tim.c.obj
 .text.TIM_OC4_SetConfig
                0x08001278       0xa8 cmake/stm32cubemx/CMakeFiles/STM32_Drivers.dir/__/__/Drivers/STM32F4xx_HAL_Driver/Src/stm32f4xx_hal_tim.c.obj
 .text.TIM_SlaveTimer_SetConfig
                0x08001320      0x122 cmake/stm32cubemx/CMakeFiles/STM32_Drivers.dir/__/__/Drivers/STM32F4xx_HAL_Driver/Src/stm32f4xx_hal_tim.c.obj
 .text.TIM_TI1_ConfigInputStage
                0x08001442       0x5c cmake/stm32cubemx/CMakeFiles/STM32_Drivers.dir/__/__/Drivers/STM32F4xx_HAL_Driver/Src/stm32f4xx_hal_tim.c.obj
 .text.TIM_TI2_ConfigInputStage
                0x0800149e       0x5e cmake/stm32cubemx/CMakeFiles/STM32_Drivers.dir/__/__/Drivers/STM32F4xx_HAL_Driver/Src/stm32f4xx_hal_tim.c.obj
 .text.TIM_ETR_SetConfig
                0x080014fc       0x3e cmake/stm32cubemx/CMakeFiles/STM32_Drivers.dir/__/__/Drivers/STM32F4xx_HAL_Driver/Src/stm32f4xx_hal_tim.c.obj
                0x080014fc                TIM_ETR_SetConfig
 .text.TIM_CCxChannelCmd
                0x0800153a       0x48 cmake/stm32cubemx/CMakeFiles/STM32_Drivers.dir/__/__/Drivers/STM32F4xx_HAL_Driver/Src/stm32f4xx_hal_tim.c.obj
                0x0800153a                TIM_CCxChannelCmd
 *fill*         0x08001582        0x2 
 .text.HAL_TIMEx_MasterConfigSynchronization
                0x08001584       0xf4 cmake/stm32cubemx/CMakeFiles/STM32_Drivers.dir/__/__/Drivers/STM32F4xx_HAL_Driver/Src/stm32f4xx_hal_tim_ex.c.obj
                0x08001584                HAL_TIMEx_MasterConfigSynchronization
 .text.HAL_TIMEx_CommutCallback
                0x08001678       0x12 cmake/stm32cubemx/CMakeFiles/STM32_Drivers.dir/__/__/Drivers/STM32F4xx_HAL_Driver/Src/stm32f4xx_hal_tim_ex.c.obj
                0x08001678                HAL_TIMEx_CommutCallback
 .text.HAL_TIMEx_BreakCallback
                0x0800168a       0x12 cmake/stm32cubemx/CMakeFiles/STM32_Drivers.dir/__/__/Drivers/STM32F4xx_HAL_Driver/Src/stm32f4xx_hal_tim_ex.c.obj
                0x0800168a                HAL_TIMEx_BreakCallback
 .text.HAL_RCC_OscConfig
                0x0800169c      0x4f0 cmake/stm32cubemx/CMakeFiles/STM32_Drivers.dir/__/__/Drivers/STM32F4xx_HAL_Driver/Src/stm32f4xx_hal_rcc.c.obj
                0x0800169c                HAL_RCC_OscConfig
 .text.HAL_RCC_ClockConfig
                0x08001b8c      0x1cc cmake/stm32cubemx/CMakeFiles/STM32_Drivers.dir/__/__/Drivers/STM32F4xx_HAL_Driver/Src/stm32f4xx_hal_rcc.c.obj
                0x08001b8c                HAL_RCC_ClockConfig
 .text.HAL_RCC_GetSysClockFreq
                0x08001d58      0x188 cmake/stm32cubemx/CMakeFiles/STM32_Drivers.dir/__/__/Drivers/STM32F4xx_HAL_Driver/Src/stm32f4xx_hal_rcc.c.obj
                0x08001d58                HAL_RCC_GetSysClockFreq
 .text.HAL_RCC_GetHCLKFreq
                0x08001ee0       0x14 cmake/stm32cubemx/CMakeFiles/STM32_Drivers.dir/__/__/Drivers/STM32F4xx_HAL_Driver/Src/stm32f4xx_hal_rcc.c.obj
                0x08001ee0                HAL_RCC_GetHCLKFreq
 .text.HAL_RCC_GetPCLK1Freq
                0x08001ef4       0x28 cmake/stm32cubemx/CMakeFiles/STM32_Drivers.dir/__/__/Drivers/STM32F4xx_HAL_Driver/Src/stm32f4xx_hal_rcc.c.obj
                0x08001ef4                HAL_RCC_GetPCLK1Freq
 .text.HAL_RCC_GetPCLK2Freq
                0x08001f1c       0x28 cmake/stm32cubemx/CMakeFiles/STM32_Drivers.dir/__/__/Drivers/STM32F4xx_HAL_Driver/Src/stm32f4xx_hal_rcc.c.obj
                0x08001f1c                HAL_RCC_GetPCLK2Freq
 .text.HAL_RCC_GetClockConfig
                0x08001f44       0x60 cmake/stm32cubemx/CMakeFiles/STM32_Drivers.dir/__/__/Drivers/STM32F4xx_HAL_Driver/Src/stm32f4xx_hal_rcc.c.obj
                0x08001f44                HAL_RCC_GetClockConfig
 .text.HAL_GPIO_Init
                0x08001fa4      0x334 cmake/stm32cubemx/CMakeFiles/STM32_Drivers.dir/__/__/Drivers/STM32F4xx_HAL_Driver/Src/stm32f4xx_hal_gpio.c.obj
                0x08001fa4                HAL_GPIO_Init
 .text.HAL_DMA_Init
                0x080022d8      0x15c cmake/stm32cubemx/CMakeFiles/STM32_Drivers.dir/__/__/Drivers/STM32F4xx_HAL_Driver/Src/stm32f4xx_hal_dma.c.obj
                0x080022d8                HAL_DMA_Init
 .text.HAL_DMA_Start_IT
                0x08002434       0xb0 cmake/stm32cubemx/CMakeFiles/STM32_Drivers.dir/__/__/Drivers/STM32F4xx_HAL_Driver/Src/stm32f4xx_hal_dma.c.obj
                0x08002434                HAL_DMA_Start_IT
 .text.HAL_DMA_IRQHandler
                0x080024e4      0x314 cmake/stm32cubemx/CMakeFiles/STM32_Drivers.dir/__/__/Drivers/STM32F4xx_HAL_Driver/Src/stm32f4xx_hal_dma.c.obj
                0x080024e4                HAL_DMA_IRQHandler
 .text.DMA_SetConfig
                0x080027f8       0x5a cmake/stm32cubemx/CMakeFiles/STM32_Drivers.dir/__/__/Drivers/STM32F4xx_HAL_Driver/Src/stm32f4xx_hal_dma.c.obj
 *fill*         0x08002852        0x2 
 .text.DMA_CalcBaseAndBitshift
                0x08002854       0x68 cmake/stm32cubemx/CMakeFiles/STM32_Drivers.dir/__/__/Drivers/STM32F4xx_HAL_Driver/Src/stm32f4xx_hal_dma.c.obj
 .text.DMA_CheckFifoParam
                0x080028bc      0x10a cmake/stm32cubemx/CMakeFiles/STM32_Drivers.dir/__/__/Drivers/STM32F4xx_HAL_Driver/Src/stm32f4xx_hal_dma.c.obj
 *fill*         0x080029c6        0x2 
 .text.__NVIC_SetPriorityGrouping
                0x080029c8       0x48 cmake/stm32cubemx/CMakeFiles/STM32_Drivers.dir/__/__/Drivers/STM32F4xx_HAL_Driver/Src/stm32f4xx_hal_cortex.c.obj
 .text.__NVIC_GetPriorityGrouping
                0x08002a10       0x1c cmake/stm32cubemx/CMakeFiles/STM32_Drivers.dir/__/__/Drivers/STM32F4xx_HAL_Driver/Src/stm32f4xx_hal_cortex.c.obj
 .text.__NVIC_EnableIRQ
                0x08002a2c       0x38 cmake/stm32cubemx/CMakeFiles/STM32_Drivers.dir/__/__/Drivers/STM32F4xx_HAL_Driver/Src/stm32f4xx_hal_cortex.c.obj
 .text.__NVIC_SetPriority
                0x08002a64       0x54 cmake/stm32cubemx/CMakeFiles/STM32_Drivers.dir/__/__/Drivers/STM32F4xx_HAL_Driver/Src/stm32f4xx_hal_cortex.c.obj
 .text.NVIC_EncodePriority
                0x08002ab8       0x6e cmake/stm32cubemx/CMakeFiles/STM32_Drivers.dir/__/__/Drivers/STM32F4xx_HAL_Driver/Src/stm32f4xx_hal_cortex.c.obj
 .text.HAL_NVIC_SetPriorityGrouping
                0x08002b26       0x16 cmake/stm32cubemx/CMakeFiles/STM32_Drivers.dir/__/__/Drivers/STM32F4xx_HAL_Driver/Src/stm32f4xx_hal_cortex.c.obj
                0x08002b26                HAL_NVIC_SetPriorityGrouping
 .text.HAL_NVIC_SetPriority
                0x08002b3c       0x38 cmake/stm32cubemx/CMakeFiles/STM32_Drivers.dir/__/__/Drivers/STM32F4xx_HAL_Driver/Src/stm32f4xx_hal_cortex.c.obj
                0x08002b3c                HAL_NVIC_SetPriority
 .text.HAL_NVIC_EnableIRQ
                0x08002b74       0x1c cmake/stm32cubemx/CMakeFiles/STM32_Drivers.dir/__/__/Drivers/STM32F4xx_HAL_Driver/Src/stm32f4xx_hal_cortex.c.obj
                0x08002b74                HAL_NVIC_EnableIRQ
 .text.HAL_Init
                0x08002b90       0x44 cmake/stm32cubemx/CMakeFiles/STM32_Drivers.dir/__/__/Drivers/STM32F4xx_HAL_Driver/Src/stm32f4xx_hal.c.obj
                0x08002b90                HAL_Init
 .text.HAL_IncTick
                0x08002bd4       0x24 cmake/stm32cubemx/CMakeFiles/STM32_Drivers.dir/__/__/Drivers/STM32F4xx_HAL_Driver/Src/stm32f4xx_hal.c.obj
                0x08002bd4                HAL_IncTick
 .text.HAL_GetTick
                0x08002bf8       0x14 cmake/stm32cubemx/CMakeFiles/STM32_Drivers.dir/__/__/Drivers/STM32F4xx_HAL_Driver/Src/stm32f4xx_hal.c.obj
                0x08002bf8                HAL_GetTick
 .text.HAL_Delay
                0x08002c0c       0x48 cmake/stm32cubemx/CMakeFiles/STM32_Drivers.dir/__/__/Drivers/STM32F4xx_HAL_Driver/Src/stm32f4xx_hal.c.obj
                0x08002c0c                HAL_Delay
 .text.HAL_I2C_Init
                0x08002c54      0x288 cmake/stm32cubemx/CMakeFiles/STM32_Drivers.dir/__/__/Drivers/STM32F4xx_HAL_Driver/Src/stm32f4xx_hal_i2c.c.obj
                0x08002c54                HAL_I2C_Init
 .text.HAL_I2C_Mem_Write
                0x08002edc      0x1f4 cmake/stm32cubemx/CMakeFiles/STM32_Drivers.dir/__/__/Drivers/STM32F4xx_HAL_Driver/Src/stm32f4xx_hal_i2c.c.obj
                0x08002edc                HAL_I2C_Mem_Write
 .text.HAL_I2C_Mem_Read
                0x080030d0      0x464 cmake/stm32cubemx/CMakeFiles/STM32_Drivers.dir/__/__/Drivers/STM32F4xx_HAL_Driver/Src/stm32f4xx_hal_i2c.c.obj
                0x080030d0                HAL_I2C_Mem_Read
 .text.HAL_I2C_IsDeviceReady
                0x08003534      0x248 cmake/stm32cubemx/CMakeFiles/STM32_Drivers.dir/__/__/Drivers/STM32F4xx_HAL_Driver/Src/stm32f4xx_hal_i2c.c.obj
                0x08003534                HAL_I2C_IsDeviceReady
 .text.HAL_I2C_GetError
                0x0800377c       0x16 cmake/stm32cubemx/CMakeFiles/STM32_Drivers.dir/__/__/Drivers/STM32F4xx_HAL_Driver/Src/stm32f4xx_hal_i2c.c.obj
                0x0800377c                HAL_I2C_GetError
 *fill*         0x08003792        0x2 
 .text.I2C_RequestMemoryWrite
                0x08003794      0x12c cmake/stm32cubemx/CMakeFiles/STM32_Drivers.dir/__/__/Drivers/STM32F4xx_HAL_Driver/Src/stm32f4xx_hal_i2c.c.obj
 .text.I2C_RequestMemoryRead
                0x080038c0      0x1d0 cmake/stm32cubemx/CMakeFiles/STM32_Drivers.dir/__/__/Drivers/STM32F4xx_HAL_Driver/Src/stm32f4xx_hal_i2c.c.obj
 .text.I2C_WaitOnFlagUntilTimeout
                0x08003a90       0xf4 cmake/stm32cubemx/CMakeFiles/STM32_Drivers.dir/__/__/Drivers/STM32F4xx_HAL_Driver/Src/stm32f4xx_hal_i2c.c.obj
 .text.I2C_WaitOnMasterAddressFlagUntilTimeout
                0x08003b84      0x140 cmake/stm32cubemx/CMakeFiles/STM32_Drivers.dir/__/__/Drivers/STM32F4xx_HAL_Driver/Src/stm32f4xx_hal_i2c.c.obj
 .text.I2C_WaitOnTXEFlagUntilTimeout
                0x08003cc4       0x90 cmake/stm32cubemx/CMakeFiles/STM32_Drivers.dir/__/__/Drivers/STM32F4xx_HAL_Driver/Src/stm32f4xx_hal_i2c.c.obj
 .text.I2C_WaitOnBTFFlagUntilTimeout
                0x08003d54       0x90 cmake/stm32cubemx/CMakeFiles/STM32_Drivers.dir/__/__/Drivers/STM32F4xx_HAL_Driver/Src/stm32f4xx_hal_i2c.c.obj
 .text.I2C_WaitOnRXNEFlagUntilTimeout
                0x08003de4       0xba cmake/stm32cubemx/CMakeFiles/STM32_Drivers.dir/__/__/Drivers/STM32F4xx_HAL_Driver/Src/stm32f4xx_hal_i2c.c.obj
 .text.I2C_IsAcknowledgeFailed
                0x08003e9e       0x5c cmake/stm32cubemx/CMakeFiles/STM32_Drivers.dir/__/__/Drivers/STM32F4xx_HAL_Driver/Src/stm32f4xx_hal_i2c.c.obj
 .text.HAL_UART_Init
                0x08003efa       0xa0 cmake/stm32cubemx/CMakeFiles/STM32_Drivers.dir/__/__/Drivers/STM32F4xx_HAL_Driver/Src/stm32f4xx_hal_uart.c.obj
                0x08003efa                HAL_UART_Init
 .text.HAL_UART_Transmit
                0x08003f9a      0x116 cmake/stm32cubemx/CMakeFiles/STM32_Drivers.dir/__/__/Drivers/STM32F4xx_HAL_Driver/Src/stm32f4xx_hal_uart.c.obj
                0x08003f9a                HAL_UART_Transmit
 .text.HAL_UART_Receive
                0x080040b0      0x12e cmake/stm32cubemx/CMakeFiles/STM32_Drivers.dir/__/__/Drivers/STM32F4xx_HAL_Driver/Src/stm32f4xx_hal_uart.c.obj
                0x080040b0                HAL_UART_Receive
 .text.HAL_UART_Receive_DMA
                0x080041de       0x4a cmake/stm32cubemx/CMakeFiles/STM32_Drivers.dir/__/__/Drivers/STM32F4xx_HAL_Driver/Src/stm32f4xx_hal_uart.c.obj
                0x080041de                HAL_UART_Receive_DMA
 .text.HAL_UART_RxCpltCallback
                0x08004228       0x12 cmake/stm32cubemx/CMakeFiles/STM32_Drivers.dir/__/__/Drivers/STM32F4xx_HAL_Driver/Src/stm32f4xx_hal_uart.c.obj
                0x08004228                HAL_UART_RxCpltCallback
 .text.HAL_UART_RxHalfCpltCallback
                0x0800423a       0x12 cmake/stm32cubemx/CMakeFiles/STM32_Drivers.dir/__/__/Drivers/STM32F4xx_HAL_Driver/Src/stm32f4xx_hal_uart.c.obj
                0x0800423a                HAL_UART_RxHalfCpltCallback
 .text.HAL_UART_ErrorCallback
                0x0800424c       0x12 cmake/stm32cubemx/CMakeFiles/STM32_Drivers.dir/__/__/Drivers/STM32F4xx_HAL_Driver/Src/stm32f4xx_hal_uart.c.obj
                0x0800424c                HAL_UART_ErrorCallback
 .text.HAL_UARTEx_RxEventCallback
                0x0800425e       0x16 cmake/stm32cubemx/CMakeFiles/STM32_Drivers.dir/__/__/Drivers/STM32F4xx_HAL_Driver/Src/stm32f4xx_hal_uart.c.obj
                0x0800425e                HAL_UARTEx_RxEventCallback
 .text.UART_DMAReceiveCplt
                0x08004274      0x12c cmake/stm32cubemx/CMakeFiles/STM32_Drivers.dir/__/__/Drivers/STM32F4xx_HAL_Driver/Src/stm32f4xx_hal_uart.c.obj
 .text.UART_DMARxHalfCplt
                0x080043a0       0x3c cmake/stm32cubemx/CMakeFiles/STM32_Drivers.dir/__/__/Drivers/STM32F4xx_HAL_Driver/Src/stm32f4xx_hal_uart.c.obj
 .text.UART_DMAError
                0x080043dc       0x8c cmake/stm32cubemx/CMakeFiles/STM32_Drivers.dir/__/__/Drivers/STM32F4xx_HAL_Driver/Src/stm32f4xx_hal_uart.c.obj
 .text.UART_WaitOnFlagUntilTimeout
                0x08004468       0xb2 cmake/stm32cubemx/CMakeFiles/STM32_Drivers.dir/__/__/Drivers/STM32F4xx_HAL_Driver/Src/stm32f4xx_hal_uart.c.obj
 *fill*         0x0800451a        0x2 
 .text.UART_Start_Receive_DMA
                0x0800451c      0x14c cmake/stm32cubemx/CMakeFiles/STM32_Drivers.dir/__/__/Drivers/STM32F4xx_HAL_Driver/Src/stm32f4xx_hal_uart.c.obj
                0x0800451c                UART_Start_Receive_DMA
 .text.UART_EndTxTransfer
                0x08004668       0x4e cmake/stm32cubemx/CMakeFiles/STM32_Drivers.dir/__/__/Drivers/STM32F4xx_HAL_Driver/Src/stm32f4xx_hal_uart.c.obj
 .text.UART_EndRxTransfer
                0x080046b6       0xc4 cmake/stm32cubemx/CMakeFiles/STM32_Drivers.dir/__/__/Drivers/STM32F4xx_HAL_Driver/Src/stm32f4xx_hal_uart.c.obj
 *fill*         0x0800477a        0x2 
 .text.UART_SetConfig
                0x0800477c      0x4e8 cmake/stm32cubemx/CMakeFiles/STM32_Drivers.dir/__/__/Drivers/STM32F4xx_HAL_Driver/Src/stm32f4xx_hal_uart.c.obj
 .text.vListInitialise
                0x08004c64       0x3e cmake/stm32cubemx/CMakeFiles/FreeRTOS.dir/__/__/Middlewares/Third_Party/FreeRTOS/Source/list.c.obj
                0x08004c64                vListInitialise
 .text.vListInitialiseItem
                0x08004ca2       0x18 cmake/stm32cubemx/CMakeFiles/FreeRTOS.dir/__/__/Middlewares/Third_Party/FreeRTOS/Source/list.c.obj
                0x08004ca2                vListInitialiseItem
 .text.vListInsertEnd
                0x08004cba       0x46 cmake/stm32cubemx/CMakeFiles/FreeRTOS.dir/__/__/Middlewares/Third_Party/FreeRTOS/Source/list.c.obj
                0x08004cba                vListInsertEnd
 .text.vListInsert
                0x08004d00       0x70 cmake/stm32cubemx/CMakeFiles/FreeRTOS.dir/__/__/Middlewares/Third_Party/FreeRTOS/Source/list.c.obj
                0x08004d00                vListInsert
 .text.uxListRemove
                0x08004d70       0x52 cmake/stm32cubemx/CMakeFiles/FreeRTOS.dir/__/__/Middlewares/Third_Party/FreeRTOS/Source/list.c.obj
                0x08004d70                uxListRemove
 *fill*         0x08004dc2        0x2 
 .text.xQueueGenericReset
                0x08004dc4       0xd4 cmake/stm32cubemx/CMakeFiles/FreeRTOS.dir/__/__/Middlewares/Third_Party/FreeRTOS/Source/queue.c.obj
                0x08004dc4                xQueueGenericReset
 .text.xQueueGenericCreateStatic
                0x08004e98       0xfa cmake/stm32cubemx/CMakeFiles/FreeRTOS.dir/__/__/Middlewares/Third_Party/FreeRTOS/Source/queue.c.obj
                0x08004e98                xQueueGenericCreateStatic
 .text.xQueueGenericCreate
                0x08004f92       0x76 cmake/stm32cubemx/CMakeFiles/FreeRTOS.dir/__/__/Middlewares/Third_Party/FreeRTOS/Source/queue.c.obj
                0x08004f92                xQueueGenericCreate
 .text.prvInitialiseNewQueue
                0x08005008       0x46 cmake/stm32cubemx/CMakeFiles/FreeRTOS.dir/__/__/Middlewares/Third_Party/FreeRTOS/Source/queue.c.obj
 *fill*         0x0800504e        0x2 
 .text.xQueueGenericSend
                0x08005050      0x204 cmake/stm32cubemx/CMakeFiles/FreeRTOS.dir/__/__/Middlewares/Third_Party/FreeRTOS/Source/queue.c.obj
                0x08005050                xQueueGenericSend
 .text.xQueueGenericSendFromISR
                0x08005254      0x13c cmake/stm32cubemx/CMakeFiles/FreeRTOS.dir/__/__/Middlewares/Third_Party/FreeRTOS/Source/queue.c.obj
                0x08005254                xQueueGenericSendFromISR
 .text.xQueueReceive
                0x08005390      0x1c4 cmake/stm32cubemx/CMakeFiles/FreeRTOS.dir/__/__/Middlewares/Third_Party/FreeRTOS/Source/queue.c.obj
                0x08005390                xQueueReceive
 .text.xQueueReceiveFromISR
                0x08005554      0x104 cmake/stm32cubemx/CMakeFiles/FreeRTOS.dir/__/__/Middlewares/Third_Party/FreeRTOS/Source/queue.c.obj
                0x08005554                xQueueReceiveFromISR
 .text.prvCopyDataToQueue
                0x08005658       0xd4 cmake/stm32cubemx/CMakeFiles/FreeRTOS.dir/__/__/Middlewares/Third_Party/FreeRTOS/Source/queue.c.obj
 .text.prvCopyDataFromQueue
                0x0800572c       0x4c cmake/stm32cubemx/CMakeFiles/FreeRTOS.dir/__/__/Middlewares/Third_Party/FreeRTOS/Source/queue.c.obj
 .text.prvUnlockQueue
                0x08005778       0xa4 cmake/stm32cubemx/CMakeFiles/FreeRTOS.dir/__/__/Middlewares/Third_Party/FreeRTOS/Source/queue.c.obj
 .text.prvIsQueueEmpty
                0x0800581c       0x2c cmake/stm32cubemx/CMakeFiles/FreeRTOS.dir/__/__/Middlewares/Third_Party/FreeRTOS/Source/queue.c.obj
 .text.prvIsQueueFull
                0x08005848       0x30 cmake/stm32cubemx/CMakeFiles/FreeRTOS.dir/__/__/Middlewares/Third_Party/FreeRTOS/Source/queue.c.obj
 .text.vQueueAddToRegistry
                0x08005878       0x50 cmake/stm32cubemx/CMakeFiles/FreeRTOS.dir/__/__/Middlewares/Third_Party/FreeRTOS/Source/queue.c.obj
                0x08005878                vQueueAddToRegistry
 .text.vQueueWaitForMessageRestricted
                0x080058c8       0x68 cmake/stm32cubemx/CMakeFiles/FreeRTOS.dir/__/__/Middlewares/Third_Party/FreeRTOS/Source/queue.c.obj
                0x080058c8                vQueueWaitForMessageRestricted
 .text.xTaskCreateStatic
                0x08005930       0xc0 cmake/stm32cubemx/CMakeFiles/FreeRTOS.dir/__/__/Middlewares/Third_Party/FreeRTOS/Source/tasks.c.obj
                0x08005930                xTaskCreateStatic
 .text.xTaskCreate
                0x080059f0       0x8a cmake/stm32cubemx/CMakeFiles/FreeRTOS.dir/__/__/Middlewares/Third_Party/FreeRTOS/Source/tasks.c.obj
                0x080059f0                xTaskCreate
 .text.prvInitialiseNewTask
                0x08005a7a      0x120 cmake/stm32cubemx/CMakeFiles/FreeRTOS.dir/__/__/Middlewares/Third_Party/FreeRTOS/Source/tasks.c.obj
 *fill*         0x08005b9a        0x2 
 .text.prvAddNewTaskToReadyList
                0x08005b9c       0xe0 cmake/stm32cubemx/CMakeFiles/FreeRTOS.dir/__/__/Middlewares/Third_Party/FreeRTOS/Source/tasks.c.obj
 .text.vTaskDelay
                0x08005c7c       0x6c cmake/stm32cubemx/CMakeFiles/FreeRTOS.dir/__/__/Middlewares/Third_Party/FreeRTOS/Source/tasks.c.obj
                0x08005c7c                vTaskDelay
 .text.vTaskStartScheduler
                0x08005ce8       0xd0 cmake/stm32cubemx/CMakeFiles/FreeRTOS.dir/__/__/Middlewares/Third_Party/FreeRTOS/Source/tasks.c.obj
                0x08005ce8                vTaskStartScheduler
 .text.vTaskSuspendAll
                0x08005db8       0x1c cmake/stm32cubemx/CMakeFiles/FreeRTOS.dir/__/__/Middlewares/Third_Party/FreeRTOS/Source/tasks.c.obj
                0x08005db8                vTaskSuspendAll
 .text.xTaskResumeAll
                0x08005dd4      0x13c cmake/stm32cubemx/CMakeFiles/FreeRTOS.dir/__/__/Middlewares/Third_Party/FreeRTOS/Source/tasks.c.obj
                0x08005dd4                xTaskResumeAll
 .text.xTaskGetTickCount
                0x08005f10       0x1c cmake/stm32cubemx/CMakeFiles/FreeRTOS.dir/__/__/Middlewares/Third_Party/FreeRTOS/Source/tasks.c.obj
                0x08005f10                xTaskGetTickCount
 .text.xTaskIncrementTick
                0x08005f2c      0x174 cmake/stm32cubemx/CMakeFiles/FreeRTOS.dir/__/__/Middlewares/Third_Party/FreeRTOS/Source/tasks.c.obj
                0x08005f2c                xTaskIncrementTick
 .text.vTaskSwitchContext
                0x080060a0      0x108 cmake/stm32cubemx/CMakeFiles/FreeRTOS.dir/__/__/Middlewares/Third_Party/FreeRTOS/Source/tasks.c.obj
                0x080060a0                vTaskSwitchContext
 .text.vTaskPlaceOnEventList
                0x080061a8       0x4c cmake/stm32cubemx/CMakeFiles/FreeRTOS.dir/__/__/Middlewares/Third_Party/FreeRTOS/Source/tasks.c.obj
                0x080061a8                vTaskPlaceOnEventList
 .text.vTaskPlaceOnEventListRestricted
                0x080061f4       0x58 cmake/stm32cubemx/CMakeFiles/FreeRTOS.dir/__/__/Middlewares/Third_Party/FreeRTOS/Source/tasks.c.obj
                0x080061f4                vTaskPlaceOnEventListRestricted
 .text.xTaskRemoveFromEventList
                0x0800624c       0xc8 cmake/stm32cubemx/CMakeFiles/FreeRTOS.dir/__/__/Middlewares/Third_Party/FreeRTOS/Source/tasks.c.obj
                0x0800624c                xTaskRemoveFromEventList
 .text.vTaskInternalSetTimeOutState
                0x08006314       0x2c cmake/stm32cubemx/CMakeFiles/FreeRTOS.dir/__/__/Middlewares/Third_Party/FreeRTOS/Source/tasks.c.obj
                0x08006314                vTaskInternalSetTimeOutState
 .text.xTaskCheckForTimeOut
                0x08006340       0xc8 cmake/stm32cubemx/CMakeFiles/FreeRTOS.dir/__/__/Middlewares/Third_Party/FreeRTOS/Source/tasks.c.obj
                0x08006340                xTaskCheckForTimeOut
 .text.vTaskMissedYield
                0x08006408       0x18 cmake/stm32cubemx/CMakeFiles/FreeRTOS.dir/__/__/Middlewares/Third_Party/FreeRTOS/Source/tasks.c.obj
                0x08006408                vTaskMissedYield
 .text.prvIdleTask
                0x08006420       0x30 cmake/stm32cubemx/CMakeFiles/FreeRTOS.dir/__/__/Middlewares/Third_Party/FreeRTOS/Source/tasks.c.obj
 .text.prvInitialiseTaskLists
                0x08006450       0x80 cmake/stm32cubemx/CMakeFiles/FreeRTOS.dir/__/__/Middlewares/Third_Party/FreeRTOS/Source/tasks.c.obj
 .text.prvCheckTasksWaitingTermination
                0x080064d0       0x5c cmake/stm32cubemx/CMakeFiles/FreeRTOS.dir/__/__/Middlewares/Third_Party/FreeRTOS/Source/tasks.c.obj
 .text.prvDeleteTCB
                0x0800652c       0x60 cmake/stm32cubemx/CMakeFiles/FreeRTOS.dir/__/__/Middlewares/Third_Party/FreeRTOS/Source/tasks.c.obj
 .text.prvResetNextTaskUnblockTime
                0x0800658c       0x40 cmake/stm32cubemx/CMakeFiles/FreeRTOS.dir/__/__/Middlewares/Third_Party/FreeRTOS/Source/tasks.c.obj
 .text.xTaskGetSchedulerState
                0x080065cc       0x3c cmake/stm32cubemx/CMakeFiles/FreeRTOS.dir/__/__/Middlewares/Third_Party/FreeRTOS/Source/tasks.c.obj
                0x080065cc                xTaskGetSchedulerState
 .text.xTaskPriorityDisinherit
                0x08006608       0xe0 cmake/stm32cubemx/CMakeFiles/FreeRTOS.dir/__/__/Middlewares/Third_Party/FreeRTOS/Source/tasks.c.obj
                0x08006608                xTaskPriorityDisinherit
 .text.prvAddCurrentTaskToDelayedList
                0x080066e8       0xa8 cmake/stm32cubemx/CMakeFiles/FreeRTOS.dir/__/__/Middlewares/Third_Party/FreeRTOS/Source/tasks.c.obj
 .text.xTimerCreateTimerTask
                0x08006790       0x94 cmake/stm32cubemx/CMakeFiles/FreeRTOS.dir/__/__/Middlewares/Third_Party/FreeRTOS/Source/timers.c.obj
                0x08006790                xTimerCreateTimerTask
 .text.xTimerGenericCommand
                0x08006824       0x9c cmake/stm32cubemx/CMakeFiles/FreeRTOS.dir/__/__/Middlewares/Third_Party/FreeRTOS/Source/timers.c.obj
                0x08006824                xTimerGenericCommand
 .text.prvProcessExpiredTimer
                0x080068c0       0x9c cmake/stm32cubemx/CMakeFiles/FreeRTOS.dir/__/__/Middlewares/Third_Party/FreeRTOS/Source/timers.c.obj
 .text.prvTimerTask
                0x0800695c       0x26 cmake/stm32cubemx/CMakeFiles/FreeRTOS.dir/__/__/Middlewares/Third_Party/FreeRTOS/Source/timers.c.obj
 *fill*         0x08006982        0x2 
 .text.prvProcessTimerOrBlockTask
                0x08006984       0x9c cmake/stm32cubemx/CMakeFiles/FreeRTOS.dir/__/__/Middlewares/Third_Party/FreeRTOS/Source/timers.c.obj
 .text.prvGetNextExpireTime
                0x08006a20       0x44 cmake/stm32cubemx/CMakeFiles/FreeRTOS.dir/__/__/Middlewares/Third_Party/FreeRTOS/Source/timers.c.obj
 .text.prvSampleTimeNow
                0x08006a64       0x40 cmake/stm32cubemx/CMakeFiles/FreeRTOS.dir/__/__/Middlewares/Third_Party/FreeRTOS/Source/timers.c.obj
 .text.prvInsertTimerInActiveList
                0x08006aa4       0x84 cmake/stm32cubemx/CMakeFiles/FreeRTOS.dir/__/__/Middlewares/Third_Party/FreeRTOS/Source/timers.c.obj
 .text.prvProcessReceivedCommands
                0x08006b28      0x1d8 cmake/stm32cubemx/CMakeFiles/FreeRTOS.dir/__/__/Middlewares/Third_Party/FreeRTOS/Source/timers.c.obj
 .text.prvSwitchTimerLists
                0x08006d00       0xcc cmake/stm32cubemx/CMakeFiles/FreeRTOS.dir/__/__/Middlewares/Third_Party/FreeRTOS/Source/timers.c.obj
 .text.prvCheckForValidListAndQueue
                0x08006dcc       0x80 cmake/stm32cubemx/CMakeFiles/FreeRTOS.dir/__/__/Middlewares/Third_Party/FreeRTOS/Source/timers.c.obj
 .text.__NVIC_SetPriority
                0x08006e4c       0x54 cmake/stm32cubemx/CMakeFiles/FreeRTOS.dir/__/__/Middlewares/Third_Party/FreeRTOS/Source/CMSIS_RTOS_V2/cmsis_os2.c.obj
 .text.SysTick_Handler
                0x08006ea0       0x20 cmake/stm32cubemx/CMakeFiles/FreeRTOS.dir/__/__/Middlewares/Third_Party/FreeRTOS/Source/CMSIS_RTOS_V2/cmsis_os2.c.obj
                0x08006ea0                SysTick_Handler
 .text.SVC_Setup
                0x08006ec0       0x12 cmake/stm32cubemx/CMakeFiles/FreeRTOS.dir/__/__/Middlewares/Third_Party/FreeRTOS/Source/CMSIS_RTOS_V2/cmsis_os2.c.obj
 *fill*         0x08006ed2        0x2 
 .text.osKernelInitialize
                0x08006ed4       0x44 cmake/stm32cubemx/CMakeFiles/FreeRTOS.dir/__/__/Middlewares/Third_Party/FreeRTOS/Source/CMSIS_RTOS_V2/cmsis_os2.c.obj
                0x08006ed4                osKernelInitialize
 .text.osKernelStart
                0x08006f18       0x4c cmake/stm32cubemx/CMakeFiles/FreeRTOS.dir/__/__/Middlewares/Third_Party/FreeRTOS/Source/CMSIS_RTOS_V2/cmsis_os2.c.obj
                0x08006f18                osKernelStart
 .text.osThreadNew
                0x08006f64      0x124 cmake/stm32cubemx/CMakeFiles/FreeRTOS.dir/__/__/Middlewares/Third_Party/FreeRTOS/Source/CMSIS_RTOS_V2/cmsis_os2.c.obj
                0x08006f64                osThreadNew
 .text.osDelay  0x08007088       0x36 cmake/stm32cubemx/CMakeFiles/FreeRTOS.dir/__/__/Middlewares/Third_Party/FreeRTOS/Source/CMSIS_RTOS_V2/cmsis_os2.c.obj
                0x08007088                osDelay
 .text.osMessageQueueNew
                0x080070be       0xe6 cmake/stm32cubemx/CMakeFiles/FreeRTOS.dir/__/__/Middlewares/Third_Party/FreeRTOS/Source/CMSIS_RTOS_V2/cmsis_os2.c.obj
                0x080070be                osMessageQueueNew
 .text.osMessageQueuePut
                0x080071a4       0xc0 cmake/stm32cubemx/CMakeFiles/FreeRTOS.dir/__/__/Middlewares/Third_Party/FreeRTOS/Source/CMSIS_RTOS_V2/cmsis_os2.c.obj
                0x080071a4                osMessageQueuePut
 .text.osMessageQueueGet
                0x08007264       0xbc cmake/stm32cubemx/CMakeFiles/FreeRTOS.dir/__/__/Middlewares/Third_Party/FreeRTOS/Source/CMSIS_RTOS_V2/cmsis_os2.c.obj
                0x08007264                osMessageQueueGet
 .text.vApplicationGetIdleTaskMemory
                0x08007320       0x30 cmake/stm32cubemx/CMakeFiles/FreeRTOS.dir/__/__/Middlewares/Third_Party/FreeRTOS/Source/CMSIS_RTOS_V2/cmsis_os2.c.obj
                0x08007320                vApplicationGetIdleTaskMemory
 .text.vApplicationGetTimerTaskMemory
                0x08007350       0x34 cmake/stm32cubemx/CMakeFiles/FreeRTOS.dir/__/__/Middlewares/Third_Party/FreeRTOS/Source/CMSIS_RTOS_V2/cmsis_os2.c.obj
                0x08007350                vApplicationGetTimerTaskMemory
 .text.pvPortMalloc
                0x08007384      0x19c cmake/stm32cubemx/CMakeFiles/FreeRTOS.dir/__/__/Middlewares/Third_Party/FreeRTOS/Source/portable/MemMang/heap_4.c.obj
                0x08007384                pvPortMalloc
 .text.vPortFree
                0x08007520       0xc8 cmake/stm32cubemx/CMakeFiles/FreeRTOS.dir/__/__/Middlewares/Third_Party/FreeRTOS/Source/portable/MemMang/heap_4.c.obj
                0x08007520                vPortFree
 .text.prvHeapInit
                0x080075e8       0xc4 cmake/stm32cubemx/CMakeFiles/FreeRTOS.dir/__/__/Middlewares/Third_Party/FreeRTOS/Source/portable/MemMang/heap_4.c.obj
 .text.prvInsertBlockIntoFreeList
                0x080076ac       0xb0 cmake/stm32cubemx/CMakeFiles/FreeRTOS.dir/__/__/Middlewares/Third_Party/FreeRTOS/Source/portable/MemMang/heap_4.c.obj
 .text.pxPortInitialiseStack
                0x0800775c       0x68 cmake/stm32cubemx/CMakeFiles/FreeRTOS.dir/__/__/Middlewares/Third_Party/FreeRTOS/Source/portable/GCC/ARM_CM4F/port.c.obj
                0x0800775c                pxPortInitialiseStack
 .text.prvTaskExitError
                0x080077c4       0x58 cmake/stm32cubemx/CMakeFiles/FreeRTOS.dir/__/__/Middlewares/Third_Party/FreeRTOS/Source/portable/GCC/ARM_CM4F/port.c.obj
 *fill*         0x0800781c        0x4 
 .text.SVC_Handler
                0x08007820       0x28 cmake/stm32cubemx/CMakeFiles/FreeRTOS.dir/__/__/Middlewares/Third_Party/FreeRTOS/Source/portable/GCC/ARM_CM4F/port.c.obj
                0x08007820                SVC_Handler
 .text.prvPortStartFirstTask
                0x08007848       0x28 cmake/stm32cubemx/CMakeFiles/FreeRTOS.dir/__/__/Middlewares/Third_Party/FreeRTOS/Source/portable/GCC/ARM_CM4F/port.c.obj
 .text.xPortStartScheduler
                0x08007870      0x144 cmake/stm32cubemx/CMakeFiles/FreeRTOS.dir/__/__/Middlewares/Third_Party/FreeRTOS/Source/portable/GCC/ARM_CM4F/port.c.obj
                0x08007870                xPortStartScheduler
 .text.vPortEnterCritical
                0x080079b4       0x60 cmake/stm32cubemx/CMakeFiles/FreeRTOS.dir/__/__/Middlewares/Third_Party/FreeRTOS/Source/portable/GCC/ARM_CM4F/port.c.obj
                0x080079b4                vPortEnterCritical
 .text.vPortExitCritical
                0x08007a14       0x54 cmake/stm32cubemx/CMakeFiles/FreeRTOS.dir/__/__/Middlewares/Third_Party/FreeRTOS/Source/portable/GCC/ARM_CM4F/port.c.obj
                0x08007a14                vPortExitCritical
 *fill*         0x08007a68        0x8 
 .text.PendSV_Handler
                0x08007a70       0x68 cmake/stm32cubemx/CMakeFiles/FreeRTOS.dir/__/__/Middlewares/Third_Party/FreeRTOS/Source/portable/GCC/ARM_CM4F/port.c.obj
                0x08007a70                PendSV_Handler
 .text.xPortSysTickHandler
                0x08007ad8       0x44 cmake/stm32cubemx/CMakeFiles/FreeRTOS.dir/__/__/Middlewares/Third_Party/FreeRTOS/Source/portable/GCC/ARM_CM4F/port.c.obj
                0x08007ad8                xPortSysTickHandler
 .text.vPortSetupTimerInterrupt
                0x08007b1c       0x44 cmake/stm32cubemx/CMakeFiles/FreeRTOS.dir/__/__/Middlewares/Third_Party/FreeRTOS/Source/portable/GCC/ARM_CM4F/port.c.obj
                0x08007b1c                vPortSetupTimerInterrupt
 .text.vPortEnableVFP
                0x08007b60       0x14 cmake/stm32cubemx/CMakeFiles/FreeRTOS.dir/__/__/Middlewares/Third_Party/FreeRTOS/Source/portable/GCC/ARM_CM4F/port.c.obj
 .text.vPortValidateInterruptPriority
                0x08007b74       0x80 cmake/stm32cubemx/CMakeFiles/FreeRTOS.dir/__/__/Middlewares/Third_Party/FreeRTOS/Source/portable/GCC/ARM_CM4F/port.c.obj
                0x08007b74                vPortValidateInterruptPriority
 .text.main     0x08007bf4       0x44 CMakeFiles/Robot_Myself.dir/Core/Src/main.c.obj
                0x08007bf4                main
 .text.SystemClock_Config
                0x08007c38       0xd4 CMakeFiles/Robot_Myself.dir/Core/Src/main.c.obj
                0x08007c38                SystemClock_Config
 .text.HAL_TIM_PeriodElapsedCallback
                0x08007d0c       0x24 CMakeFiles/Robot_Myself.dir/Core/Src/main.c.obj
                0x08007d0c                HAL_TIM_PeriodElapsedCallback
 .text.Error_Handler
                0x08007d30        0xc CMakeFiles/Robot_Myself.dir/Core/Src/main.c.obj
                0x08007d30                Error_Handler
 .text.MX_GPIO_Init
                0x08007d3c       0xa0 CMakeFiles/Robot_Myself.dir/Core/Src/gpio.c.obj
                0x08007d3c                MX_GPIO_Init
 .text.MX_FREERTOS_Init
                0x08007ddc       0xa8 CMakeFiles/Robot_Myself.dir/Core/Src/freertos.c.obj
                0x08007ddc                MX_FREERTOS_Init
 .text.StartDefaultTask
                0x08007e84       0x10 CMakeFiles/Robot_Myself.dir/Core/Src/freertos.c.obj
                0x08007e84                StartDefaultTask
 .text.StartTask02
                0x08007e94      0x2c4 CMakeFiles/Robot_Myself.dir/Core/Src/freertos.c.obj
                0x08007e94                StartTask02
 .text.StartTask03
                0x08008158       0x2c CMakeFiles/Robot_Myself.dir/Core/Src/freertos.c.obj
                0x08008158                StartTask03
 .text.StartTask04
                0x08008184       0x64 CMakeFiles/Robot_Myself.dir/Core/Src/freertos.c.obj
                0x08008184                StartTask04
 .text.ParsePercentCommand
                0x080081e8       0x62 CMakeFiles/Robot_Myself.dir/Core/Src/freertos.c.obj
 *fill*         0x0800824a        0x2 
 .text.ParseDirectionCommand
                0x0800824c       0xd4 CMakeFiles/Robot_Myself.dir/Core/Src/freertos.c.obj
 .text.ParseDirectionSpeedCommand
                0x08008320      0x128 CMakeFiles/Robot_Myself.dir/Core/Src/freertos.c.obj
 .text.ParseSteeringCommand
                0x08008448       0xdc CMakeFiles/Robot_Myself.dir/Core/Src/freertos.c.obj
 .text.ParsePitchOffsetCommand
                0x08008524       0xc8 CMakeFiles/Robot_Myself.dir/Core/Src/freertos.c.obj
 .text.ParsePidCommand
                0x080085ec      0x104 CMakeFiles/Robot_Myself.dir/Core/Src/freertos.c.obj
 .text.ParsePitchQueryCommand
                0x080086f0       0xfc CMakeFiles/Robot_Myself.dir/Core/Src/freertos.c.obj
 .text.ParseControlModeCommand
                0x080087ec      0x110 CMakeFiles/Robot_Myself.dir/Core/Src/freertos.c.obj
 .text.ProcessUartCommandByte
                0x080088fc      0x51c CMakeFiles/Robot_Myself.dir/Core/Src/freertos.c.obj
 .text.PollUartSpeedCommandDma
                0x08008e18       0x6c CMakeFiles/Robot_Myself.dir/Core/Src/freertos.c.obj
 .text.vApplicationStackOverflowHook
                0x08008e84       0x5c CMakeFiles/Robot_Myself.dir/Core/Src/freertos.c.obj
                0x08008e84                vApplicationStackOverflowHook
 .text.MX_DMA_Init
                0x08008ee0       0x40 CMakeFiles/Robot_Myself.dir/Core/Src/dma.c.obj
                0x08008ee0                MX_DMA_Init
 .text.MX_I2C1_Init
                0x08008f20       0x5c CMakeFiles/Robot_Myself.dir/Core/Src/i2c.c.obj
                0x08008f20                MX_I2C1_Init
 .text.MX_I2C2_Init
                0x08008f7c       0x5c CMakeFiles/Robot_Myself.dir/Core/Src/i2c.c.obj
                0x08008f7c                MX_I2C2_Init
 .text.MX_I2C3_Init
                0x08008fd8       0x5c CMakeFiles/Robot_Myself.dir/Core/Src/i2c.c.obj
                0x08008fd8                MX_I2C3_Init
 .text.HAL_I2C_MspInit
                0x08009034      0x1a8 CMakeFiles/Robot_Myself.dir/Core/Src/i2c.c.obj
                0x08009034                HAL_I2C_MspInit
 .text.Core_ProbeMpuWhoAmI
                0x080091dc       0x8c CMakeFiles/Robot_Myself.dir/Core/Src/core.c.obj
 .text.Core_RowToScale
                0x08009268       0x70 CMakeFiles/Robot_Myself.dir/Core/Src/core.c.obj
 .text.Core_OrientationMatrixToScalar
                0x080092d8       0x48 CMakeFiles/Robot_Myself.dir/Core/Src/core.c.obj
 .text.Core_AutoZeroPitchAtBoot
                0x08009320      0x138 CMakeFiles/Robot_Myself.dir/Core/Src/core.c.obj
 .text.Core_Clamp
                0x08009458       0x50 CMakeFiles/Robot_Myself.dir/Core/Src/core.c.obj
 .text.Core_NormalizeAngle
                0x080094a8       0x94 CMakeFiles/Robot_Myself.dir/Core/Src/core.c.obj
 .text.Core_QuaternionToPitchRad
                0x0800953c       0xe4 CMakeFiles/Robot_Myself.dir/Core/Src/core.c.obj
 .text.Core_InitMpu
                0x08009620      0x2d0 CMakeFiles/Robot_Myself.dir/Core/Src/core.c.obj
 .text.Core_ControlInit
                0x080098f0       0xe8 CMakeFiles/Robot_Myself.dir/Core/Src/core.c.obj
                0x080098f0                Core_ControlInit
 .text.Core_ImuUpdate1ms
                0x080099d8      0x130 CMakeFiles/Robot_Myself.dir/Core/Src/core.c.obj
                0x080099d8                Core_ImuUpdate1ms
 .text.Core_BalanceStep1ms
                0x08009b08      0x130 CMakeFiles/Robot_Myself.dir/Core/Src/core.c.obj
                0x08009b08                Core_BalanceStep1ms
 .text.Core_GetPitchDeg
                0x08009c38       0x1c CMakeFiles/Robot_Myself.dir/Core/Src/core.c.obj
                0x08009c38                Core_GetPitchDeg
 .text.Core_SetPitchOffsetRad
                0x08009c54       0x38 CMakeFiles/Robot_Myself.dir/Core/Src/core.c.obj
                0x08009c54                Core_SetPitchOffsetRad
 .text.Core_GetPitchOffsetRad
                0x08009c8c       0x1c CMakeFiles/Robot_Myself.dir/Core/Src/core.c.obj
                0x08009c8c                Core_GetPitchOffsetRad
 .text.Core_SetBalancePid
                0x08009ca8       0x54 CMakeFiles/Robot_Myself.dir/Core/Src/core.c.obj
                0x08009ca8                Core_SetBalancePid
 .text.Core_GetBalancePid
                0x08009cfc       0x4c CMakeFiles/Robot_Myself.dir/Core/Src/core.c.obj
                0x08009cfc                Core_GetBalancePid
 .text.Core_ResetBalanceIntegrator
                0x08009d48       0x24 CMakeFiles/Robot_Myself.dir/Core/Src/core.c.obj
                0x08009d48                Core_ResetBalanceIntegrator
 .text.BLDC_IsRawAngleLikelyValid
                0x08009d6c       0x30 CMakeFiles/Robot_Myself.dir/Core/Src/brushless_motor.c.obj
 .text.BLDC_Clamp
                0x08009d9c       0x50 CMakeFiles/Robot_Myself.dir/Core/Src/brushless_motor.c.obj
 .text.BLDC_NormalizeAngle
                0x08009dec       0x64 CMakeFiles/Robot_Myself.dir/Core/Src/brushless_motor.c.obj
 .text.BLDC_StopPwmOutput
                0x08009e50       0x28 CMakeFiles/Robot_Myself.dir/Core/Src/brushless_motor.c.obj
 .text.BLDC_StopPwmOutput2
                0x08009e78       0x28 CMakeFiles/Robot_Myself.dir/Core/Src/brushless_motor.c.obj
 .text.BLDC_PIController
                0x08009ea0       0x68 CMakeFiles/Robot_Myself.dir/Core/Src/brushless_motor.c.obj
 .text.BLDC_IsPositiveNegativeFlip
                0x08009f08       0x94 CMakeFiles/Robot_Myself.dir/Core/Src/brushless_motor.c.obj
 .text.BLDC_ReadRawAngleFromI2C
                0x08009f9c       0x6a CMakeFiles/Robot_Myself.dir/Core/Src/brushless_motor.c.obj
 *fill*         0x0800a006        0x2 
 .text.BLDC_DetectSensorConfig
                0x0800a008      0x114 CMakeFiles/Robot_Myself.dir/Core/Src/brushless_motor.c.obj
 .text.BLDC_PrintI2cBusDevices
                0x0800a11c       0x88 CMakeFiles/Robot_Myself.dir/Core/Src/brushless_motor.c.obj
 .text.BLDC_PrintI2CDeviceInfo
                0x0800a1a4       0xdc CMakeFiles/Robot_Myself.dir/Core/Src/brushless_motor.c.obj
                0x0800a1a4                BLDC_PrintI2CDeviceInfo
 .text.BLDC_ReadMechanicalAngle
                0x0800a280       0xa8 CMakeFiles/Robot_Myself.dir/Core/Src/brushless_motor.c.obj
 .text.BLDC_ReadMechanicalAngle2
                0x0800a328       0x88 CMakeFiles/Robot_Myself.dir/Core/Src/brushless_motor.c.obj
 .text.BLDC_InvParkTransform
                0x0800a3b0       0x7a CMakeFiles/Robot_Myself.dir/Core/Src/brushless_motor.c.obj
 *fill*         0x0800a42a        0x2 
 .text.BLDC_SetSpwmFromAlphaBeta
                0x0800a42c      0x174 CMakeFiles/Robot_Myself.dir/Core/Src/brushless_motor.c.obj
 .text.BLDC_SetSpwmFromAlphaBeta2
                0x0800a5a0      0x158 CMakeFiles/Robot_Myself.dir/Core/Src/brushless_motor.c.obj
 .text.BLDC_CalibrateM1ElectricalZero
                0x0800a6f8      0x180 CMakeFiles/Robot_Myself.dir/Core/Src/brushless_motor.c.obj
 .text.BLDC_CalibrateM2ElectricalZero
                0x0800a878      0x144 CMakeFiles/Robot_Myself.dir/Core/Src/brushless_motor.c.obj
 .text.BLDC_EstimateSpeedRps
                0x0800a9bc       0x98 CMakeFiles/Robot_Myself.dir/Core/Src/brushless_motor.c.obj
 .text.BLDC_Init
                0x0800aa54      0x1ec CMakeFiles/Robot_Myself.dir/Core/Src/brushless_motor.c.obj
                0x0800aa54                BLDC_Init
 .text.BLDC_SetTargetSpeedRps
                0x0800ac40       0x68 CMakeFiles/Robot_Myself.dir/Core/Src/brushless_motor.c.obj
                0x0800ac40                BLDC_SetTargetSpeedRps
 .text.BLDC_SetTargetSpeed2Rps
                0x0800aca8       0x20 CMakeFiles/Robot_Myself.dir/Core/Src/brushless_motor.c.obj
                0x0800aca8                BLDC_SetTargetSpeed2Rps
 .text.BLDC_ControlStep_1ms
                0x0800acc8      0x808 CMakeFiles/Robot_Myself.dir/Core/Src/brushless_motor.c.obj
                0x0800acc8                BLDC_ControlStep_1ms
 .text.BLDC_GetMeasuredSpeedRps
                0x0800b4d0       0x1c CMakeFiles/Robot_Myself.dir/Core/Src/brushless_motor.c.obj
                0x0800b4d0                BLDC_GetMeasuredSpeedRps
 .text.BLDC_GetMeasuredSpeed2Rps
                0x0800b4ec       0x1c CMakeFiles/Robot_Myself.dir/Core/Src/brushless_motor.c.obj
                0x0800b4ec                BLDC_GetMeasuredSpeed2Rps
 .text.SteeringPercentToPulse
                0x0800b508       0x34 CMakeFiles/Robot_Myself.dir/Core/Src/steering_engine.c.obj
 .text.SteeringEngine_Init
                0x0800b53c       0x6c CMakeFiles/Robot_Myself.dir/Core/Src/steering_engine.c.obj
                0x0800b53c                SteeringEngine_Init
 .text.SteeringEngine_SetPercent
                0x0800b5a8       0x94 CMakeFiles/Robot_Myself.dir/Core/Src/steering_engine.c.obj
                0x0800b5a8                SteeringEngine_SetPercent
 .text.SteeringEngine_SetSteeringPercent
                0x0800b63c       0x68 CMakeFiles/Robot_Myself.dir/Core/Src/steering_engine.c.obj
                0x0800b63c                SteeringEngine_SetSteeringPercent
 .text.stm32_i2c_write
                0x0800b6a4       0xbc CMakeFiles/Robot_Myself.dir/Core/Src/inv_mpu.c.obj
 .text.stm32_i2c_read
                0x0800b760       0xbc CMakeFiles/Robot_Myself.dir/Core/Src/inv_mpu.c.obj
 .text.reg_int_cb
                0x0800b81c       0x14 CMakeFiles/Robot_Myself.dir/Core/Src/inv_mpu.c.obj
 .text.set_int_enable
                0x0800b830       0xb4 CMakeFiles/Robot_Myself.dir/Core/Src/inv_mpu.c.obj
 .text.mpu_init
                0x0800b8e4      0x224 CMakeFiles/Robot_Myself.dir/Core/Src/inv_mpu.c.obj
                0x0800b8e4                mpu_init
 .text.mpu_lp_accel_mode
                0x0800bb08       0xfc CMakeFiles/Robot_Myself.dir/Core/Src/inv_mpu.c.obj
                0x0800bb08                mpu_lp_accel_mode
 .text.mpu_reset_fifo
                0x0800bc04      0x208 CMakeFiles/Robot_Myself.dir/Core/Src/inv_mpu.c.obj
                0x0800bc04                mpu_reset_fifo
 .text.mpu_set_gyro_fsr
                0x0800be0c       0xa8 CMakeFiles/Robot_Myself.dir/Core/Src/inv_mpu.c.obj
                0x0800be0c                mpu_set_gyro_fsr
 .text.mpu_get_accel_fsr
                0x0800beb4       0x70 CMakeFiles/Robot_Myself.dir/Core/Src/inv_mpu.c.obj
                0x0800beb4                mpu_get_accel_fsr
 .text.mpu_set_accel_fsr
                0x0800bf24       0xa0 CMakeFiles/Robot_Myself.dir/Core/Src/inv_mpu.c.obj
                0x0800bf24                mpu_set_accel_fsr
 .text.mpu_set_lpf
                0x0800bfc4       0x9c CMakeFiles/Robot_Myself.dir/Core/Src/inv_mpu.c.obj
                0x0800bfc4                mpu_set_lpf
 .text.mpu_set_sample_rate
                0x0800c060       0xcc CMakeFiles/Robot_Myself.dir/Core/Src/inv_mpu.c.obj
                0x0800c060                mpu_set_sample_rate
 .text.mpu_configure_fifo
                0x0800c12c       0xa4 CMakeFiles/Robot_Myself.dir/Core/Src/inv_mpu.c.obj
                0x0800c12c                mpu_configure_fifo
 .text.mpu_set_sensors
                0x0800c1d0      0x10c CMakeFiles/Robot_Myself.dir/Core/Src/inv_mpu.c.obj
                0x0800c1d0                mpu_set_sensors
 .text.mpu_read_fifo_stream
                0x0800c2dc      0x100 CMakeFiles/Robot_Myself.dir/Core/Src/inv_mpu.c.obj
                0x0800c2dc                mpu_read_fifo_stream
 .text.mpu_set_bypass
                0x0800c3dc      0x18c CMakeFiles/Robot_Myself.dir/Core/Src/inv_mpu.c.obj
                0x0800c3dc                mpu_set_bypass
 .text.mpu_set_int_latched
                0x0800c568       0x88 CMakeFiles/Robot_Myself.dir/Core/Src/inv_mpu.c.obj
                0x0800c568                mpu_set_int_latched
 .text.mpu_write_mem
                0x0800c5f0       0xa4 CMakeFiles/Robot_Myself.dir/Core/Src/inv_mpu.c.obj
                0x0800c5f0                mpu_write_mem
 .text.mpu_read_mem
                0x0800c694       0xa4 CMakeFiles/Robot_Myself.dir/Core/Src/inv_mpu.c.obj
                0x0800c694                mpu_read_mem
 .text.mpu_load_firmware
                0x0800c738       0xfc CMakeFiles/Robot_Myself.dir/Core/Src/inv_mpu.c.obj
                0x0800c738                mpu_load_firmware
 .text.mpu_set_dmp_state
                0x0800c834       0xa8 CMakeFiles/Robot_Myself.dir/Core/Src/inv_mpu.c.obj
                0x0800c834                mpu_set_dmp_state
 .text.stm32_get_ms
                0x0800c8dc       0x28 CMakeFiles/Robot_Myself.dir/Core/Src/inv_mpu_dmp_motion_driver.c.obj
 .text.dmp_load_motion_driver_firmware
                0x0800c904       0x20 CMakeFiles/Robot_Myself.dir/Core/Src/inv_mpu_dmp_motion_driver.c.obj
                0x0800c904                dmp_load_motion_driver_firmware
 .text.dmp_set_orientation
                0x0800c924      0x1d8 CMakeFiles/Robot_Myself.dir/Core/Src/inv_mpu_dmp_motion_driver.c.obj
                0x0800c924                dmp_set_orientation
 .text.dmp_set_fifo_rate
                0x0800cafc       0x90 CMakeFiles/Robot_Myself.dir/Core/Src/inv_mpu_dmp_motion_driver.c.obj
                0x0800cafc                dmp_set_fifo_rate
 .text.dmp_set_tap_thresh
                0x0800cb8c      0x23c CMakeFiles/Robot_Myself.dir/Core/Src/inv_mpu_dmp_motion_driver.c.obj
                0x0800cb8c                dmp_set_tap_thresh
 .text.dmp_set_tap_axes
                0x0800cdc8       0x64 CMakeFiles/Robot_Myself.dir/Core/Src/inv_mpu_dmp_motion_driver.c.obj
                0x0800cdc8                dmp_set_tap_axes
 .text.dmp_set_tap_count
                0x0800ce2c       0x42 CMakeFiles/Robot_Myself.dir/Core/Src/inv_mpu_dmp_motion_driver.c.obj
                0x0800ce2c                dmp_set_tap_count
 *fill*         0x0800ce6e        0x2 
 .text.dmp_set_tap_time
                0x0800ce70       0x44 CMakeFiles/Robot_Myself.dir/Core/Src/inv_mpu_dmp_motion_driver.c.obj
                0x0800ce70                dmp_set_tap_time
 .text.dmp_set_tap_time_multi
                0x0800ceb4       0x44 CMakeFiles/Robot_Myself.dir/Core/Src/inv_mpu_dmp_motion_driver.c.obj
                0x0800ceb4                dmp_set_tap_time_multi
 .text.dmp_set_shake_reject_thresh
                0x0800cef8       0x60 CMakeFiles/Robot_Myself.dir/Core/Src/inv_mpu_dmp_motion_driver.c.obj
                0x0800cef8                dmp_set_shake_reject_thresh
 .text.dmp_set_shake_reject_time
                0x0800cf58       0x44 CMakeFiles/Robot_Myself.dir/Core/Src/inv_mpu_dmp_motion_driver.c.obj
                0x0800cf58                dmp_set_shake_reject_time
 .text.dmp_set_shake_reject_timeout
                0x0800cf9c       0x44 CMakeFiles/Robot_Myself.dir/Core/Src/inv_mpu_dmp_motion_driver.c.obj
                0x0800cf9c                dmp_set_shake_reject_timeout
 .text.dmp_enable_feature
                0x0800cfe0      0x250 CMakeFiles/Robot_Myself.dir/Core/Src/inv_mpu_dmp_motion_driver.c.obj
                0x0800cfe0                dmp_enable_feature
 .text.dmp_enable_gyro_cal
                0x0800d230       0x60 CMakeFiles/Robot_Myself.dir/Core/Src/inv_mpu_dmp_motion_driver.c.obj
                0x0800d230                dmp_enable_gyro_cal
 .text.dmp_enable_lp_quat
                0x0800d290       0x4e CMakeFiles/Robot_Myself.dir/Core/Src/inv_mpu_dmp_motion_driver.c.obj
                0x0800d290                dmp_enable_lp_quat
 .text.dmp_enable_6x_lp_quat
                0x0800d2de       0x4e CMakeFiles/Robot_Myself.dir/Core/Src/inv_mpu_dmp_motion_driver.c.obj
                0x0800d2de                dmp_enable_6x_lp_quat
 .text.decode_gesture
                0x0800d32c       0x88 CMakeFiles/Robot_Myself.dir/Core/Src/inv_mpu_dmp_motion_driver.c.obj
 .text.dmp_read_fifo
                0x0800d3b4      0x2e4 CMakeFiles/Robot_Myself.dir/Core/Src/inv_mpu_dmp_motion_driver.c.obj
                0x0800d3b4                dmp_read_fifo
 .text.MX_TIM2_Init
                0x0800d698      0x134 CMakeFiles/Robot_Myself.dir/Core/Src/tim.c.obj
                0x0800d698                MX_TIM2_Init
 .text.MX_TIM3_Init
                0x0800d7cc      0x11c CMakeFiles/Robot_Myself.dir/Core/Src/tim.c.obj
                0x0800d7cc                MX_TIM3_Init
 .text.MX_TIM4_Init
                0x0800d8e8      0x11c CMakeFiles/Robot_Myself.dir/Core/Src/tim.c.obj
                0x0800d8e8                MX_TIM4_Init
 .text.HAL_TIM_Base_MspInit
                0x0800da04       0x94 CMakeFiles/Robot_Myself.dir/Core/Src/tim.c.obj
                0x0800da04                HAL_TIM_Base_MspInit
 .text.HAL_TIM_MspPostInit
                0x0800da98      0x1c8 CMakeFiles/Robot_Myself.dir/Core/Src/tim.c.obj
                0x0800da98                HAL_TIM_MspPostInit
 .text.MX_USART2_UART_Init
                0x0800dc60       0x54 CMakeFiles/Robot_Myself.dir/Core/Src/usart.c.obj
                0x0800dc60                MX_USART2_UART_Init
 .text.HAL_UART_MspInit
                0x0800dcb4       0xf4 CMakeFiles/Robot_Myself.dir/Core/Src/usart.c.obj
                0x0800dcb4                HAL_UART_MspInit
 .text.NMI_Handler
                0x0800dda8        0x8 CMakeFiles/Robot_Myself.dir/Core/Src/stm32f4xx_it.c.obj
                0x0800dda8                NMI_Handler
 .text.HardFault_Handler
                0x0800ddb0       0x54 CMakeFiles/Robot_Myself.dir/Core/Src/stm32f4xx_it.c.obj
                0x0800ddb0                HardFault_Handler
 .text.MemManage_Handler
                0x0800de04        0x8 CMakeFiles/Robot_Myself.dir/Core/Src/stm32f4xx_it.c.obj
                0x0800de04                MemManage_Handler
 .text.BusFault_Handler
                0x0800de0c        0x8 CMakeFiles/Robot_Myself.dir/Core/Src/stm32f4xx_it.c.obj
                0x0800de0c                BusFault_Handler
 .text.UsageFault_Handler
                0x0800de14        0x8 CMakeFiles/Robot_Myself.dir/Core/Src/stm32f4xx_it.c.obj
                0x0800de14                UsageFault_Handler
 .text.DebugMon_Handler
                0x0800de1c        0xc CMakeFiles/Robot_Myself.dir/Core/Src/stm32f4xx_it.c.obj
                0x0800de1c                DebugMon_Handler
 .text.DMA1_Stream5_IRQHandler
                0x0800de28       0x14 CMakeFiles/Robot_Myself.dir/Core/Src/stm32f4xx_it.c.obj
                0x0800de28                DMA1_Stream5_IRQHandler
 .text.TIM1_UP_TIM10_IRQHandler
                0x0800de3c       0x14 CMakeFiles/Robot_Myself.dir/Core/Src/stm32f4xx_it.c.obj
                0x0800de3c                TIM1_UP_TIM10_IRQHandler
 .text.HAL_MspInit
                0x0800de50       0x58 CMakeFiles/Robot_Myself.dir/Core/Src/stm32f4xx_hal_msp.c.obj
                0x0800de50                HAL_MspInit
 .text.HAL_InitTick
                0x0800dea8       0xe8 CMakeFiles/Robot_Myself.dir/Core/Src/stm32f4xx_hal_timebase_tim.c.obj
                0x0800dea8                HAL_InitTick
 .text._sbrk    0x0800df90       0x6c CMakeFiles/Robot_Myself.dir/Core/Src/sysmem.c.obj
                0x0800df90                _sbrk
 .text._read    0x0800dffc       0x3a CMakeFiles/Robot_Myself.dir/Core/Src/syscalls.c.obj
                0x0800dffc                _read
 .text._write   0x0800e036       0x38 CMakeFiles/Robot_Myself.dir/Core/Src/syscalls.c.obj
                0x0800e036                _write
 .text._close   0x0800e06e       0x16 CMakeFiles/Robot_Myself.dir/Core/Src/syscalls.c.obj
                0x0800e06e                _close
 .text._fstat   0x0800e084       0x1e CMakeFiles/Robot_Myself.dir/Core/Src/syscalls.c.obj
                0x0800e084                _fstat
 .text._isatty  0x0800e0a2       0x14 CMakeFiles/Robot_Myself.dir/Core/Src/syscalls.c.obj
                0x0800e0a2                _isatty
 .text._lseek   0x0800e0b6       0x18 CMakeFiles/Robot_Myself.dir/Core/Src/syscalls.c.obj
                0x0800e0b6                _lseek
 *fill*         0x0800e0ce        0x2 
 .text.__io_putchar
                0x0800e0d0       0x2c CMakeFiles/Robot_Myself.dir/Core/Src/syscalls.c.obj
                0x0800e0d0                __io_putchar
 .text.__io_getchar
                0x0800e0fc       0x34 CMakeFiles/Robot_Myself.dir/Core/Src/syscalls.c.obj
                0x0800e0fc                __io_getchar
 .text.Reset_Handler
                0x0800e130       0x50 CMakeFiles/Robot_Myself.dir/startup_stm32f407xx.s.obj
                0x0800e130                Reset_Handler
 .text.Default_Handler
                0x0800e180        0x2 CMakeFiles/Robot_Myself.dir/startup_stm32f407xx.s.obj
                0x0800e180                RTC_Alarm_IRQHandler
                0x0800e180                HASH_RNG_IRQHandler
                0x0800e180                EXTI2_IRQHandler
                0x0800e180                TIM8_CC_IRQHandler
                0x0800e180                TIM1_CC_IRQHandler
                0x0800e180                DMA2_Stream5_IRQHandler
                0x0800e180                PVD_IRQHandler
                0x0800e180                SDIO_IRQHandler
                0x0800e180                TAMP_STAMP_IRQHandler
                0x0800e180                CAN2_RX1_IRQHandler
                0x0800e180                EXTI3_IRQHandler
                0x0800e180                TIM8_TRG_COM_TIM14_IRQHandler
                0x0800e180                TIM8_UP_TIM13_IRQHandler
                0x0800e180                I2C3_ER_IRQHandler
                0x0800e180                EXTI0_IRQHandler
                0x0800e180                I2C2_EV_IRQHandler
                0x0800e180                DMA1_Stream2_IRQHandler
                0x0800e180                CAN1_RX0_IRQHandler
                0x0800e180                FPU_IRQHandler
                0x0800e180                OTG_HS_WKUP_IRQHandler
                0x0800e180                CAN2_SCE_IRQHandler
                0x0800e180                DMA2_Stream2_IRQHandler
                0x0800e180                SPI1_IRQHandler
                0x0800e180                TIM6_DAC_IRQHandler
                0x0800e180                TIM1_BRK_TIM9_IRQHandler
                0x0800e180                DCMI_IRQHandler
                0x0800e180                CAN2_RX0_IRQHandler
                0x0800e180                DMA2_Stream3_IRQHandler
                0x0800e180                USART6_IRQHandler
                0x0800e180                USART3_IRQHandler
                0x0800e180                CAN1_RX1_IRQHandler
                0x0800e180                UART5_IRQHandler
                0x0800e180                DMA2_Stream0_IRQHandler
                0x0800e180                TIM4_IRQHandler
                0x0800e180                I2C1_EV_IRQHandler
                0x0800e180                DMA1_Stream6_IRQHandler
                0x0800e180                DMA1_Stream1_IRQHandler
                0x0800e180                UART4_IRQHandler
                0x0800e180                TIM3_IRQHandler
                0x0800e180                RCC_IRQHandler
                0x0800e180                TIM8_BRK_TIM12_IRQHandler
                0x0800e180                Default_Handler
                0x0800e180                EXTI15_10_IRQHandler
                0x0800e180                ADC_IRQHandler
                0x0800e180                DMA1_Stream7_IRQHandler
                0x0800e180                TIM7_IRQHandler
                0x0800e180                CAN2_TX_IRQHandler
                0x0800e180                TIM5_IRQHandler
                0x0800e180                DMA2_Stream7_IRQHandler
                0x0800e180                I2C3_EV_IRQHandler
                0x0800e180                EXTI9_5_IRQHandler
                0x0800e180                RTC_WKUP_IRQHandler
                0x0800e180                ETH_WKUP_IRQHandler
                0x0800e180                SPI2_IRQHandler
                0x0800e180                OTG_HS_EP1_IN_IRQHandler
                0x0800e180                DMA1_Stream0_IRQHandler
                0x0800e180                CAN1_TX_IRQHandler
                0x0800e180                EXTI4_IRQHandler
                0x0800e180                FSMC_IRQHandler
                0x0800e180                ETH_IRQHandler
                0x0800e180                OTG_HS_EP1_OUT_IRQHandler
                0x0800e180                WWDG_IRQHandler
                0x0800e180                TIM2_IRQHandler
                0x0800e180                OTG_FS_WKUP_IRQHandler
                0x0800e180                TIM1_TRG_COM_TIM11_IRQHandler
                0x0800e180                OTG_HS_IRQHandler
                0x0800e180                EXTI1_IRQHandler
                0x0800e180                USART2_IRQHandler
                0x0800e180                I2C2_ER_IRQHandler
                0x0800e180                DMA2_Stream1_IRQHandler
                0x0800e180                CAN1_SCE_IRQHandler
                0x0800e180                FLASH_IRQHandler
                0x0800e180                DMA2_Stream4_IRQHandler
                0x0800e180                USART1_IRQHandler
                0x0800e180                OTG_FS_IRQHandler
                0x0800e180                SPI3_IRQHandler
                0x0800e180                DMA1_Stream4_IRQHandler
                0x0800e180                I2C1_ER_IRQHandler
                0x0800e180                DMA2_Stream6_IRQHandler
                0x0800e180                DMA1_Stream3_IRQHandler
 *fill*         0x0800e182        0x2 
 .text.asinf    0x0800e184       0x58 /usr/share/arm-gnu-toolchain-15.2.rel1-x86_64-arm-none-eabi/bin/../lib/gcc/arm-none-eabi/15.2.1/../../../../arm-none-eabi/lib/thumb/v7e-m+fp/hard/libm.a(libm_a-wf_asin.o)
                0x0800e184                asinf
 .text.atan2f   0x0800e1dc        0x4 /usr/share/arm-gnu-toolchain-15.2.rel1-x86_64-arm-none-eabi/bin/../lib/gcc/arm-none-eabi/15.2.1/../../../../arm-none-eabi/lib/thumb/v7e-m+fp/hard/libm.a(libm_a-wf_atan2.o)
                0x0800e1dc                atan2f
 .text.cosf     0x0800e1e0       0x70 /usr/share/arm-gnu-toolchain-15.2.rel1-x86_64-arm-none-eabi/bin/../lib/gcc/arm-none-eabi/15.2.1/../../../../arm-none-eabi/lib/thumb/v7e-m+fp/hard/libm.a(libm_a-sf_cos.o)
                0x0800e1e0                cosf
 .text.fabsf    0x0800e250       0x10 /usr/share/arm-gnu-toolchain-15.2.rel1-x86_64-arm-none-eabi/bin/../lib/gcc/arm-none-eabi/15.2.1/../../../../arm-none-eabi/lib/thumb/v7e-m+fp/hard/libm.a(libm_a-sf_fabs.o)
                0x0800e250                fabsf
 .text.sinf     0x0800e260       0x74 /usr/share/arm-gnu-toolchain-15.2.rel1-x86_64-arm-none-eabi/bin/../lib/gcc/arm-none-eabi/15.2.1/../../../../arm-none-eabi/lib/thumb/v7e-m+fp/hard/libm.a(libm_a-sf_sin.o)
                0x0800e260                sinf
 .text.nanf     0x0800e2d4        0xc /usr/share/arm-gnu-toolchain-15.2.rel1-x86_64-arm-none-eabi/bin/../lib/gcc/arm-none-eabi/15.2.1/../../../../arm-none-eabi/lib/thumb/v7e-m+fp/hard/libm.a(libm_a-sf_nan.o)
                0x0800e2d4                nanf
 .text.__kernel_cosf
                0x0800e2e0      0x104 /usr/share/arm-gnu-toolchain-15.2.rel1-x86_64-arm-none-eabi/bin/../lib/gcc/arm-none-eabi/15.2.1/../../../../arm-none-eabi/lib/thumb/v7e-m+fp/hard/libm.a(libm_a-kf_cos.o)
                0x0800e2e0                __kernel_cosf
 .text.__kernel_sinf
                0x0800e3e4       0x90 /usr/share/arm-gnu-toolchain-15.2.rel1-x86_64-arm-none-eabi/bin/../lib/gcc/arm-none-eabi/15.2.1/../../../../arm-none-eabi/lib/thumb/v7e-m+fp/hard/libm.a(libm_a-kf_sin.o)
                0x0800e3e4                __kernel_sinf
 .text.__ieee754_asinf
                0x0800e474      0x214 /usr/share/arm-gnu-toolchain-15.2.rel1-x86_64-arm-none-eabi/bin/../lib/gcc/arm-none-eabi/15.2.1/../../../../arm-none-eabi/lib/thumb/v7e-m+fp/hard/libm.a(libm_a-ef_asin.o)
                0x0800e474                __ieee754_asinf
 .text.__ieee754_atan2f
                0x0800e688      0x144 /usr/share/arm-gnu-toolchain-15.2.rel1-x86_64-arm-none-eabi/bin/../lib/gcc/arm-none-eabi/15.2.1/../../../../arm-none-eabi/lib/thumb/v7e-m+fp/hard/libm.a(libm_a-ef_atan2.o)
                0x0800e688                __ieee754_atan2f
 .text.__ieee754_rem_pio2f
                0x0800e7cc      0x26c /usr/share/arm-gnu-toolchain-15.2.rel1-x86_64-arm-none-eabi/bin/../lib/gcc/arm-none-eabi/15.2.1/../../../../arm-none-eabi/lib/thumb/v7e-m+fp/hard/libm.a(libm_a-ef_rem_pio2.o)
                0x0800e7cc                __ieee754_rem_pio2f
 .text.atanf    0x0800ea38      0x1b8 /usr/share/arm-gnu-toolchain-15.2.rel1-x86_64-arm-none-eabi/bin/../lib/gcc/arm-none-eabi/15.2.1/../../../../arm-none-eabi/lib/thumb/v7e-m+fp/hard/libm.a(libm_a-sf_atan.o)
                0x0800ea38                atanf
 .text.__ieee754_sqrtf
                0x0800ebf0        0x8 /usr/share/arm-gnu-toolchain-15.2.rel1-x86_64-arm-none-eabi/bin/../lib/gcc/arm-none-eabi/15.2.1/../../../../arm-none-eabi/lib/thumb/v7e-m+fp/hard/libm.a(libm_a-ef_sqrt.o)
                0x0800ebf0                __ieee754_sqrtf
 .text.__kernel_rem_pio2f
                0x0800ebf8      0x698 /usr/share/arm-gnu-toolchain-15.2.rel1-x86_64-arm-none-eabi/bin/../lib/gcc/arm-none-eabi/15.2.1/../../../../arm-none-eabi/lib/thumb/v7e-m+fp/hard/libm.a(libm_a-kf_rem_pio2.o)
                0x0800ebf8                __kernel_rem_pio2f
 .text.scalbnf  0x0800f290       0xdc /usr/share/arm-gnu-toolchain-15.2.rel1-x86_64-arm-none-eabi/bin/../lib/gcc/arm-none-eabi/15.2.1/../../../../arm-none-eabi/lib/thumb/v7e-m+fp/hard/libm.a(libm_a-sf_scalbn.o)
                0x0800f290                scalbnf
 .text.floorf   0x0800f36c       0x94 /usr/share/arm-gnu-toolchain-15.2.rel1-x86_64-arm-none-eabi/bin/../lib/gcc/arm-none-eabi/15.2.1/../../../../arm-none-eabi/lib/thumb/v7e-m+fp/hard/libm.a(libm_a-sf_floor.o)
                0x0800f36c                floorf
 .text.__udivmoddi4
                0x0800f400      0x320 /usr/share/arm-gnu-toolchain-15.2.rel1-x86_64-arm-none-eabi/bin/../lib/gcc/arm-none-eabi/15.2.1/thumb/v7e-m+fp/hard/libgcc.a(_udivmoddi4.o)
                0x0800f400                __udivmoddi4
 .text._strtol_l.isra.0
                0x0800f720       0xf4 /usr/share/arm-gnu-toolchain-15.2.rel1-x86_64-arm-none-eabi/bin/../lib/gcc/arm-none-eabi/15.2.1/../../../../arm-none-eabi/lib/thumb/v7e-m+fp/hard/libg_nano.a(libc_a-strtol.o)
 .text._strtol_r
                0x0800f814        0x4 /usr/share/arm-gnu-toolchain-15.2.rel1-x86_64-arm-none-eabi/bin/../lib/gcc/arm-none-eabi/15.2.1/../../../../arm-none-eabi/lib/thumb/v7e-m+fp/hard/libg_nano.a(libc_a-strtol.o)
                0x0800f814                _strtol_r
 .text.strtol   0x0800f818       0x14 /usr/share/arm-gnu-toolchain-15.2.rel1-x86_64-arm-none-eabi/bin/../lib/gcc/arm-none-eabi/15.2.1/../../../../arm-none-eabi/lib/thumb/v7e-m+fp/hard/libg_nano.a(libc_a-strtol.o)
                0x0800f818                strtol
 .text.std      0x0800f82c       0x6c /usr/share/arm-gnu-toolchain-15.2.rel1-x86_64-arm-none-eabi/bin/../lib/gcc/arm-none-eabi/15.2.1/../../../../arm-none-eabi/lib/thumb/v7e-m+fp/hard/libg_nano.a(libc_a-findfp.o)
 .text.stdio_exit_handler
                0x0800f898       0x18 /usr/share/arm-gnu-toolchain-15.2.rel1-x86_64-arm-none-eabi/bin/../lib/gcc/arm-none-eabi/15.2.1/../../../../arm-none-eabi/lib/thumb/v7e-m+fp/hard/libg_nano.a(libc_a-findfp.o)
 .text.cleanup_stdio
                0x0800f8b0       0x40 /usr/share/arm-gnu-toolchain-15.2.rel1-x86_64-arm-none-eabi/bin/../lib/gcc/arm-none-eabi/15.2.1/../../../../arm-none-eabi/lib/thumb/v7e-m+fp/hard/libg_nano.a(libc_a-findfp.o)
 .text.global_stdio_init.part.0
                0x0800f8f0       0x40 /usr/share/arm-gnu-toolchain-15.2.rel1-x86_64-arm-none-eabi/bin/../lib/gcc/arm-none-eabi/15.2.1/../../../../arm-none-eabi/lib/thumb/v7e-m+fp/hard/libg_nano.a(libc_a-findfp.o)
 .text.__sfp_lock_acquire
                0x0800f930        0xc /usr/share/arm-gnu-toolchain-15.2.rel1-x86_64-arm-none-eabi/bin/../lib/gcc/arm-none-eabi/15.2.1/../../../../arm-none-eabi/lib/thumb/v7e-m+fp/hard/libg_nano.a(libc_a-findfp.o)
                0x0800f930                __sfp_lock_acquire
 .text.__sfp_lock_release
                0x0800f93c        0xc /usr/share/arm-gnu-toolchain-15.2.rel1-x86_64-arm-none-eabi/bin/../lib/gcc/arm-none-eabi/15.2.1/../../../../arm-none-eabi/lib/thumb/v7e-m+fp/hard/libg_nano.a(libc_a-findfp.o)
                0x0800f93c                __sfp_lock_release
 .text.__sinit  0x0800f948       0x30 /usr/share/arm-gnu-toolchain-15.2.rel1-x86_64-arm-none-eabi/bin/../lib/gcc/arm-none-eabi/15.2.1/../../../../arm-none-eabi/lib/thumb/v7e-m+fp/hard/libg_nano.a(libc_a-findfp.o)
                0x0800f948                __sinit
 .text._fwalk_sglue
                0x0800f978       0x3a /usr/share/arm-gnu-toolchain-15.2.rel1-x86_64-arm-none-eabi/bin/../lib/gcc/arm-none-eabi/15.2.1/../../../../arm-none-eabi/lib/thumb/v7e-m+fp/hard/libg_nano.a(libc_a-fwalk.o)
                0x0800f978                _fwalk_sglue
 *fill*         0x0800f9b2        0x2 
 .text.printf   0x0800f9b4       0x24 /usr/share/arm-gnu-toolchain-15.2.rel1-x86_64-arm-none-eabi/bin/../lib/gcc/arm-none-eabi/15.2.1/../../../../arm-none-eabi/lib/thumb/v7e-m+fp/hard/libg_nano.a(libc_a-printf.o)
                0x0800f9b4                printf
                0x0800f9b4                iprintf
 .text._puts_r  0x0800f9d8       0xaa /usr/share/arm-gnu-toolchain-15.2.rel1-x86_64-arm-none-eabi/bin/../lib/gcc/arm-none-eabi/15.2.1/../../../../arm-none-eabi/lib/thumb/v7e-m+fp/hard/libg_nano.a(libc_a-puts.o)
                0x0800f9d8                _puts_r
 *fill*         0x0800fa82        0x2 
 .text.puts     0x0800fa84       0x10 /usr/share/arm-gnu-toolchain-15.2.rel1-x86_64-arm-none-eabi/bin/../lib/gcc/arm-none-eabi/15.2.1/../../../../arm-none-eabi/lib/thumb/v7e-m+fp/hard/libg_nano.a(libc_a-puts.o)
                0x0800fa84                puts
 .text.sscanf   0x0800fa94       0x58 /usr/share/arm-gnu-toolchain-15.2.rel1-x86_64-arm-none-eabi/bin/../lib/gcc/arm-none-eabi/15.2.1/../../../../arm-none-eabi/lib/thumb/v7e-m+fp/hard/libg_nano.a(libc_a-sscanf.o)
                0x0800fa94                sscanf
                0x0800fa94                siscanf
 .text.__sread  0x0800faec       0x22 /usr/share/arm-gnu-toolchain-15.2.rel1-x86_64-arm-none-eabi/bin/../lib/gcc/arm-none-eabi/15.2.1/../../../../arm-none-eabi/lib/thumb/v7e-m+fp/hard/libg_nano.a(libc_a-stdio.o)
                0x0800faec                __sread
 .text.__seofread
                0x0800fb0e        0x4 /usr/share/arm-gnu-toolchain-15.2.rel1-x86_64-arm-none-eabi/bin/../lib/gcc/arm-none-eabi/15.2.1/../../../../arm-none-eabi/lib/thumb/v7e-m+fp/hard/libg_nano.a(libc_a-stdio.o)
                0x0800fb0e                __seofread
 .text.__swrite
                0x0800fb12       0x38 /usr/share/arm-gnu-toolchain-15.2.rel1-x86_64-arm-none-eabi/bin/../lib/gcc/arm-none-eabi/15.2.1/../../../../arm-none-eabi/lib/thumb/v7e-m+fp/hard/libg_nano.a(libc_a-stdio.o)
                0x0800fb12                __swrite
 .text.__sseek  0x0800fb4a       0x26 /usr/share/arm-gnu-toolchain-15.2.rel1-x86_64-arm-none-eabi/bin/../lib/gcc/arm-none-eabi/15.2.1/../../../../arm-none-eabi/lib/thumb/v7e-m+fp/hard/libg_nano.a(libc_a-stdio.o)
                0x0800fb4a                __sseek
 .text.__sclose
                0x0800fb70        0x8 /usr/share/arm-gnu-toolchain-15.2.rel1-x86_64-arm-none-eabi/bin/../lib/gcc/arm-none-eabi/15.2.1/../../../../arm-none-eabi/lib/thumb/v7e-m+fp/hard/libg_nano.a(libc_a-stdio.o)
                0x0800fb70                __sclose
 .text.__swbuf_r
                0x0800fb78       0x7a /usr/share/arm-gnu-toolchain-15.2.rel1-x86_64-arm-none-eabi/bin/../lib/gcc/arm-none-eabi/15.2.1/../../../../arm-none-eabi/lib/thumb/v7e-m+fp/hard/libg_nano.a(libc_a-wbuf.o)
                0x0800fb78                __swbuf_r
 *fill*         0x0800fbf2        0x2 
 .text.__swsetup_r
                0x0800fbf4       0xa8 /usr/share/arm-gnu-toolchain-15.2.rel1-x86_64-arm-none-eabi/bin/../lib/gcc/arm-none-eabi/15.2.1/../../../../arm-none-eabi/lib/thumb/v7e-m+fp/hard/libg_nano.a(libc_a-wsetup.o)
                0x0800fbf4                __swsetup_r
 .text.memcmp   0x0800fc9c       0x20 /usr/share/arm-gnu-toolchain-15.2.rel1-x86_64-arm-none-eabi/bin/../lib/gcc/arm-none-eabi/15.2.1/../../../../arm-none-eabi/lib/thumb/v7e-m+fp/hard/libg_nano.a(libc_a-memcmp.o)
                0x0800fc9c                memcmp
 .text.memset   0x0800fcbc       0x10 /usr/share/arm-gnu-toolchain-15.2.rel1-x86_64-arm-none-eabi/bin/../lib/gcc/arm-none-eabi/15.2.1/../../../../arm-none-eabi/lib/thumb/v7e-m+fp/hard/libg_nano.a(libc_a-memset.o)
                0x0800fcbc                memset
 .text._close_r
                0x0800fccc       0x20 /usr/share/arm-gnu-toolchain-15.2.rel1-x86_64-arm-none-eabi/bin/../lib/gcc/arm-none-eabi/15.2.1/../../../../arm-none-eabi/lib/thumb/v7e-m+fp/hard/libg_nano.a(libc_a-closer.o)
                0x0800fccc                _close_r
 .text._lseek_r
                0x0800fcec       0x24 /usr/share/arm-gnu-toolchain-15.2.rel1-x86_64-arm-none-eabi/bin/../lib/gcc/arm-none-eabi/15.2.1/../../../../arm-none-eabi/lib/thumb/v7e-m+fp/hard/libg_nano.a(libc_a-lseekr.o)
                0x0800fcec                _lseek_r
 .text._read_r  0x0800fd10       0x24 /usr/share/arm-gnu-toolchain-15.2.rel1-x86_64-arm-none-eabi/bin/../lib/gcc/arm-none-eabi/15.2.1/../../../../arm-none-eabi/lib/thumb/v7e-m+fp/hard/libg_nano.a(libc_a-readr.o)
                0x0800fd10                _read_r
 .text._write_r
                0x0800fd34       0x24 /usr/share/arm-gnu-toolchain-15.2.rel1-x86_64-arm-none-eabi/bin/../lib/gcc/arm-none-eabi/15.2.1/../../../../arm-none-eabi/lib/thumb/v7e-m+fp/hard/libg_nano.a(libc_a-writer.o)
                0x0800fd34                _write_r
 .text.__errno  0x0800fd58        0xc /usr/share/arm-gnu-toolchain-15.2.rel1-x86_64-arm-none-eabi/bin/../lib/gcc/arm-none-eabi/15.2.1/../../../../arm-none-eabi/lib/thumb/v7e-m+fp/hard/libg_nano.a(libc_a-errno.o)
                0x0800fd58                __errno
 .text.__libc_init_array
                0x0800fd64       0x48 /usr/share/arm-gnu-toolchain-15.2.rel1-x86_64-arm-none-eabi/bin/../lib/gcc/arm-none-eabi/15.2.1/../../../../arm-none-eabi/lib/thumb/v7e-m+fp/hard/libg_nano.a(libc_a-init.o)
                0x0800fd64                __libc_init_array
 .text.__retarget_lock_init_recursive
                0x0800fdac        0x2 /usr/share/arm-gnu-toolchain-15.2.rel1-x86_64-arm-none-eabi/bin/../lib/gcc/arm-none-eabi/15.2.1/../../../../arm-none-eabi/lib/thumb/v7e-m+fp/hard/libg_nano.a(libc_a-lock.o)
                0x0800fdac                __retarget_lock_init_recursive
 .text.__retarget_lock_acquire_recursive
                0x0800fdae        0x2 /usr/share/arm-gnu-toolchain-15.2.rel1-x86_64-arm-none-eabi/bin/../lib/gcc/arm-none-eabi/15.2.1/../../../../arm-none-eabi/lib/thumb/v7e-m+fp/hard/libg_nano.a(libc_a-lock.o)
                0x0800fdae                __retarget_lock_acquire_recursive
 .text.__retarget_lock_release_recursive
                0x0800fdb0        0x2 /usr/share/arm-gnu-toolchain-15.2.rel1-x86_64-arm-none-eabi/bin/../lib/gcc/arm-none-eabi/15.2.1/../../../../arm-none-eabi/lib/thumb/v7e-m+fp/hard/libg_nano.a(libc_a-lock.o)
                0x0800fdb0                __retarget_lock_release_recursive
 .text.memcpy   0x0800fdb2       0x1c /usr/share/arm-gnu-toolchain-15.2.rel1-x86_64-arm-none-eabi/bin/../lib/gcc/arm-none-eabi/15.2.1/../../../../arm-none-eabi/lib/thumb/v7e-m+fp/hard/libg_nano.a(libc_a-memcpy-stub.o)
                0x0800fdb2                memcpy
 *fill*         0x0800fdce        0x2 
 .text._free_r  0x0800fdd0       0x98 /usr/share/arm-gnu-toolchain-15.2.rel1-x86_64-arm-none-eabi/bin/../lib/gcc/arm-none-eabi/15.2.1/../../../../arm-none-eabi/lib/thumb/v7e-m+fp/hard/libg_nano.a(libc_a-freer.o)
                0x0800fdd0                _free_r
 .text.sbrk_aligned
                0x0800fe68       0x44 /usr/share/arm-gnu-toolchain-15.2.rel1-x86_64-arm-none-eabi/bin/../lib/gcc/arm-none-eabi/15.2.1/../../../../arm-none-eabi/lib/thumb/v7e-m+fp/hard/libg_nano.a(libc_a-mallocr.o)
 .text._malloc_r
                0x0800feac       0xf8 /usr/share/arm-gnu-toolchain-15.2.rel1-x86_64-arm-none-eabi/bin/../lib/gcc/arm-none-eabi/15.2.1/../../../../arm-none-eabi/lib/thumb/v7e-m+fp/hard/libg_nano.a(libc_a-mallocr.o)
                0x0800feac                _malloc_r
 .text.__malloc_lock
                0x0800ffa4        0xc /usr/share/arm-gnu-toolchain-15.2.rel1-x86_64-arm-none-eabi/bin/../lib/gcc/arm-none-eabi/15.2.1/../../../../arm-none-eabi/lib/thumb/v7e-m+fp/hard/libg_nano.a(libc_a-mlock.o)
                0x0800ffa4                __malloc_lock
 .text.__malloc_unlock
                0x0800ffb0        0xc /usr/share/arm-gnu-toolchain-15.2.rel1-x86_64-arm-none-eabi/bin/../lib/gcc/arm-none-eabi/15.2.1/../../../../arm-none-eabi/lib/thumb/v7e-m+fp/hard/libg_nano.a(libc_a-mlock.o)
                0x0800ffb0                __malloc_unlock
 .text._sungetc_r
                0x0800ffbc       0x7a /usr/share/arm-gnu-toolchain-15.2.rel1-x86_64-arm-none-eabi/bin/../lib/gcc/arm-none-eabi/15.2.1/../../../../arm-none-eabi/lib/thumb/v7e-m+fp/hard/libg_nano.a(libc_a-nano-svfscanf.o)
                0x0800ffbc                _sungetc_r
 .text.__ssrefill_r
                0x08010036       0x3a /usr/share/arm-gnu-toolchain-15.2.rel1-x86_64-arm-none-eabi/bin/../lib/gcc/arm-none-eabi/15.2.1/../../../../arm-none-eabi/lib/thumb/v7e-m+fp/hard/libg_nano.a(libc_a-nano-svfscanf.o)
                0x08010036                __ssrefill_r
 .text.__ssvfscanf_r
                0x08010070      0x2e8 /usr/share/arm-gnu-toolchain-15.2.rel1-x86_64-arm-none-eabi/bin/../lib/gcc/arm-none-eabi/15.2.1/../../../../arm-none-eabi/lib/thumb/v7e-m+fp/hard/libg_nano.a(libc_a-nano-svfscanf.o)
                0x08010070                __ssvfscanf_r
                0x08010070                __ssvfiscanf_r
 .text.__sfputc_r
                0x08010358       0x2a /usr/share/arm-gnu-toolchain-15.2.rel1-x86_64-arm-none-eabi/bin/../lib/gcc/arm-none-eabi/15.2.1/../../../../arm-none-eabi/lib/thumb/v7e-m+fp/hard/libg_nano.a(libc_a-nano-vfprintf.o)
 .text.__sfputs_r
                0x08010382       0x24 /usr/share/arm-gnu-toolchain-15.2.rel1-x86_64-arm-none-eabi/bin/../lib/gcc/arm-none-eabi/15.2.1/../../../../arm-none-eabi/lib/thumb/v7e-m+fp/hard/libg_nano.a(libc_a-nano-vfprintf.o)
                0x08010382                __sfputs_r
 *fill*         0x080103a6        0x2 
 .text._vfprintf_r
                0x080103a8      0x228 /usr/share/arm-gnu-toolchain-15.2.rel1-x86_64-arm-none-eabi/bin/../lib/gcc/arm-none-eabi/15.2.1/../../../../arm-none-eabi/lib/thumb/v7e-m+fp/hard/libg_nano.a(libc_a-nano-vfprintf.o)
                0x080103a8                _vfiprintf_r
                0x080103a8                _vfprintf_r
 .text._printf_common
                0x080105d0       0xea /usr/share/arm-gnu-toolchain-15.2.rel1-x86_64-arm-none-eabi/bin/../lib/gcc/arm-none-eabi/15.2.1/../../../../arm-none-eabi/lib/thumb/v7e-m+fp/hard/libg_nano.a(libc_a-nano-vfprintf_i.o)
                0x080105d0                _printf_common
 *fill*         0x080106ba        0x2 
 .text._printf_i
                0x080106bc      0x254 /usr/share/arm-gnu-toolchain-15.2.rel1-x86_64-arm-none-eabi/bin/../lib/gcc/arm-none-eabi/15.2.1/../../../../arm-none-eabi/lib/thumb/v7e-m+fp/hard/libg_nano.a(libc_a-nano-vfprintf_i.o)
                0x080106bc                _printf_i
 .text._scanf_chars
                0x08010910       0xb4 /usr/share/arm-gnu-toolchain-15.2.rel1-x86_64-arm-none-eabi/bin/../lib/gcc/arm-none-eabi/15.2.1/../../../../arm-none-eabi/lib/thumb/v7e-m+fp/hard/libg_nano.a(libc_a-nano-vfscanf_i.o)
                0x08010910                _scanf_chars
 .text._scanf_i
                0x080109c4      0x1d8 /usr/share/arm-gnu-toolchain-15.2.rel1-x86_64-arm-none-eabi/bin/../lib/gcc/arm-none-eabi/15.2.1/../../../../arm-none-eabi/lib/thumb/v7e-m+fp/hard/libg_nano.a(libc_a-nano-vfscanf_i.o)
                0x080109c4                _scanf_i
 .text.__sflush_r
                0x08010b9c      0x100 /usr/share/arm-gnu-toolchain-15.2.rel1-x86_64-arm-none-eabi/bin/../lib/gcc/arm-none-eabi/15.2.1/../../../../arm-none-eabi/lib/thumb/v7e-m+fp/hard/libg_nano.a(libc_a-fflush.o)
                0x08010b9c                __sflush_r
 .text._fflush_r
                0x08010c9c       0x50 /usr/share/arm-gnu-toolchain-15.2.rel1-x86_64-arm-none-eabi/bin/../lib/gcc/arm-none-eabi/15.2.1/../../../../arm-none-eabi/lib/thumb/v7e-m+fp/hard/libg_nano.a(libc_a-fflush.o)
                0x08010c9c                _fflush_r
 .text.__swhatbuf_r
                0x08010cec       0x48 /usr/share/arm-gnu-toolchain-15.2.rel1-x86_64-arm-none-eabi/bin/../lib/gcc/arm-none-eabi/15.2.1/../../../../arm-none-eabi/lib/thumb/v7e-m+fp/hard/libg_nano.a(libc_a-makebuf.o)
                0x08010cec                __swhatbuf_r
 .text.__smakebuf_r
                0x08010d34       0x72 /usr/share/arm-gnu-toolchain-15.2.rel1-x86_64-arm-none-eabi/bin/../lib/gcc/arm-none-eabi/15.2.1/../../../../arm-none-eabi/lib/thumb/v7e-m+fp/hard/libg_nano.a(libc_a-makebuf.o)
                0x08010d34                __smakebuf_r
 .text.__sccl   0x08010da6       0x72 /usr/share/arm-gnu-toolchain-15.2.rel1-x86_64-arm-none-eabi/bin/../lib/gcc/arm-none-eabi/15.2.1/../../../../arm-none-eabi/lib/thumb/v7e-m+fp/hard/libg_nano.a(libc_a-sccl.o)
                0x08010da6                __sccl
 .text.__submore
                0x08010e18       0x74 /usr/share/arm-gnu-toolchain-15.2.rel1-x86_64-arm-none-eabi/bin/../lib/gcc/arm-none-eabi/15.2.1/../../../../arm-none-eabi/lib/thumb/v7e-m+fp/hard/libg_nano.a(libc_a-ungetc.o)
                0x08010e18                __submore
 .text._fstat_r
                0x08010e8c       0x24 /usr/share/arm-gnu-toolchain-15.2.rel1-x86_64-arm-none-eabi/bin/../lib/gcc/arm-none-eabi/15.2.1/../../../../arm-none-eabi/lib/thumb/v7e-m+fp/hard/libg_nano.a(libc_a-fstatr.o)
                0x08010e8c                _fstat_r
 .text._isatty_r
                0x08010eb0       0x20 /usr/share/arm-gnu-toolchain-15.2.rel1-x86_64-arm-none-eabi/bin/../lib/gcc/arm-none-eabi/15.2.1/../../../../arm-none-eabi/lib/thumb/v7e-m+fp/hard/libg_nano.a(libc_a-isattyr.o)
                0x08010eb0                _isatty_r
 .text._sbrk_r  0x08010ed0       0x20 /usr/share/arm-gnu-toolchain-15.2.rel1-x86_64-arm-none-eabi/bin/../lib/gcc/arm-none-eabi/15.2.1/../../../../arm-none-eabi/lib/thumb/v7e-m+fp/hard/libg_nano.a(libc_a-sbrkr.o)
                0x08010ed0                _sbrk_r
 .text._realloc_r
                0x08010ef0       0x5c /usr/share/arm-gnu-toolchain-15.2.rel1-x86_64-arm-none-eabi/bin/../lib/gcc/arm-none-eabi/15.2.1/../../../../arm-none-eabi/lib/thumb/v7e-m+fp/hard/libg_nano.a(libc_a-reallocr.o)
                0x08010ef0                _realloc_r
 .text._strtoul_l.isra.0
                0x08010f4c       0xdc /usr/share/arm-gnu-toolchain-15.2.rel1-x86_64-arm-none-eabi/bin/../lib/gcc/arm-none-eabi/15.2.1/../../../../arm-none-eabi/lib/thumb/v7e-m+fp/hard/libg_nano.a(libc_a-strtoul.o)
 .text._strtoul_r