/home/coco/Robot_Myself/Core/Src/brushless_motor.c:115:13:BLDC_IsRawAngleLikelyValid	16	static
/home/coco/Robot_Myself/Core/Src/brushless_motor.c:122:14:BLDC_Clamp	24	static
/home/coco/Robot_Myself/Core/Src/brushless_motor.c:136:14:BLDC_NormalizeAngle	16	static
/home/coco/Robot_Myself/Core/Src/brushless_motor.c:150:13:BLDC_StopPwmOutput	4	static
/home/coco/Robot_Myself/Core/Src/brushless_motor.c:184:13:BLDC_StopPwmOutput2	4	static
/home/coco/Robot_Myself/Core/Src/brushless_motor.c:192:14:BLDC_PIController	40	static
/home/coco/Robot_Myself/Core/Src/brushless_motor.c:204:13:BLDC_IsPositiveNegativeFlip	24	static
/home/coco/Robot_Myself/Core/Src/brushless_motor.c:217:6:BLDC_IsM1AssistModeActive	4	static
/home/coco/Robot_Myself/Core/Src/brushless_motor.c:222:7:BLDC_GetM1AppliedVq	4	static
/home/coco/Robot_Myself/Core/Src/brushless_motor.c:227:10:BLDC_GetM1AssistReleaseCount	4	static
/home/coco/Robot_Myself/Core/Src/brushless_motor.c:233:13:BLDC_ReadRawAngleFromI2C	48	static
/home/coco/Robot_Myself/Core/Src/brushless_motor.c:254:13:BLDC_DetectSensorConfig	40	static
/home/coco/Robot_Myself/Core/Src/brushless_motor.c:314:13:BLDC_PrintI2cBusDevices	32	static
/home/coco/Robot_Myself/Core/Src/brushless_motor.c:338:6:BLDC_PrintI2CDeviceInfo	16	static
/home/coco/Robot_Myself/Core/Src/brushless_motor.c:371:13:BLDC_ReadMechanicalAngle	24	static
/home/coco/Robot_Myself/Core/Src/brushless_motor.c:397:13:BLDC_ReadMechanicalAngle2	24	static
/home/coco/Robot_Myself/Core/Src/brushless_motor.c:419:13:BLDC_InvParkTransform	40	static
/home/coco/Robot_Myself/Core/Src/brushless_motor.c:429:13:BLDC_SetSpwmFromAlphaBeta	48	static
/home/coco/Robot_Myself/Core/Src/brushless_motor.c:460:13:BLDC_SetSpwmFromAlphaBeta2	48	static
/home/coco/Robot_Myself/Core/Src/brushless_motor.c:488:13:BLDC_CalibrateM1ElectricalZero	40	static
/home/coco/Robot_Myself/Core/Src/brushless_motor.c:542:13:BLDC_CalibrateM2ElectricalZero	40	static
/home/coco/Robot_Myself/Core/Src/brushless_motor.c:588:14:BLDC_EstimateSpeedRps	24	static
/home/coco/Robot_Myself/Core/Src/brushless_motor.c:606:6:BLDC_Init	8	static
/home/coco/Robot_Myself/Core/Src/brushless_motor.c:671:6:BLDC_SetTargetSpeedRps	16	static
/home/coco/Robot_Myself/Core/Src/brushless_motor.c:686:6:BLDC_SetTargetSpeed2Rps	16	static
/home/coco/Robot_Myself/Core/Src/brushless_motor.c:691:7:BLDC_GetTargetSpeedRps	4	static
/home/coco/Robot_Myself/Core/Src/brushless_motor.c:696:7:BLDC_GetTargetSpeed2Rps	4	static
/home/coco/Robot_Myself/Core/Src/brushless_motor.c:702:6:BLDC_ControlStep_1ms	96	static
/home/coco/Robot_Myself/Core/Src/brushless_motor.c:934:7:BLDC_GetMeasuredSpeedRps	4	static
/home/coco/Robot_Myself/Core/Src/brushless_motor.c:940:7:BLDC_GetMechanicalAngleRad	4	static
/home/coco/Robot_Myself/Core/Src/brushless_motor.c:946:7:BLDC_GetMechanicalAngle2Rad	4	static
/home/coco/Robot_Myself/Core/Src/brushless_motor.c:952:7:BLDC_GetMeasuredSpeed2Rps	4	static
/home/coco/Robot_Myself/Core/Src/brushless_motor.c:957:10:BLDC_GetLastRawAngleM1	4	static
/home/coco/Robot_Myself/Core/Src/brushless_motor.c:962:6:BLDC_GetLastRawAngleM1Valid	4	static
/home/coco/Robot_Myself/Core/Src/brushless_motor.c:967:6:BLDC_ReadRawAngleM1Now	24	static
/home/coco/Robot_Myself/Core/Src/brushless_motor.c:996:9:BLDC_GetCurrentRawA	4	static
/home/coco/Robot_Myself/Core/Src/brushless_motor.c:1001:9:BLDC_GetCurrentRawB	4	static
/home/coco/Robot_Myself/Core/Src/brushless_motor.c:1006:7:BLDC_GetCurrentD	4	static
/home/coco/Robot_Myself/Core/Src/brushless_motor.c:1011:7:BLDC_GetCurrentQ	4	static
/home/coco/Robot_Myself/Core/Src/brushless_motor.c:1016:7:BLDC_GetUa	4	static
/home/coco/Robot_Myself/Core/Src/brushless_motor.c:1021:7:BLDC_GetUb	4	static
/home/coco/Robot_Myself/Core/Src/brushless_motor.c:1026:7:BLDC_GetUc	4	static
