/home/coco/Robot_Myself/Core/Src/brushless_motor.c:114:13:BLDC_IsRawAngleLikelyValid	16	static
/home/coco/Robot_Myself/Core/Src/brushless_motor.c:121:14:BLDC_Clamp	24	static
/home/coco/Robot_Myself/Core/Src/brushless_motor.c:135:14:BLDC_NormalizeAngle	16	static
/home/coco/Robot_Myself/Core/Src/brushless_motor.c:149:13:BLDC_StopPwmOutput	4	static
/home/coco/Robot_Myself/Core/Src/brushless_motor.c:183:13:BLDC_StopPwmOutput2	4	static
/home/coco/Robot_Myself/Core/Src/brushless_motor.c:191:14:BLDC_PIController	40	static
/home/coco/Robot_Myself/Core/Src/brushless_motor.c:203:13:BLDC_IsPositiveNegativeFlip	24	static
/home/coco/Robot_Myself/Core/Src/brushless_motor.c:216:6:BLDC_IsM1AssistModeActive	4	static
/home/coco/Robot_Myself/Core/Src/brushless_motor.c:221:7:BLDC_GetM1AppliedVq	4	static
/home/coco/Robot_Myself/Core/Src/brushless_motor.c:226:10:BLDC_GetM1AssistReleaseCount	4	static
/home/coco/Robot_Myself/Core/Src/brushless_motor.c:232:13:BLDC_ReadRawAngleFromI2C	48	static
/home/coco/Robot_Myself/Core/Src/brushless_motor.c:253:13:BLDC_DetectSensorConfig	40	static
/home/coco/Robot_Myself/Core/Src/brushless_motor.c:313:13:BLDC_PrintI2cBusDevices	32	static
/home/coco/Robot_Myself/Core/Src/brushless_motor.c:337:6:BLDC_PrintI2CDeviceInfo	16	static
/home/coco/Robot_Myself/Core/Src/brushless_motor.c:370:13:BLDC_ReadMechanicalAngle	24	static
/home/coco/Robot_Myself/Core/Src/brushless_motor.c:396:13:BLDC_ReadMechanicalAngle2	24	static
/home/coco/Robot_Myself/Core/Src/brushless_motor.c:418:13:BLDC_InvParkTransform	40	static
/home/coco/Robot_Myself/Core/Src/brushless_motor.c:428:13:BLDC_SetSpwmFromAlphaBeta	48	static
/home/coco/Robot_Myself/Core/Src/brushless_motor.c:459:13:BLDC_SetSpwmFromAlphaBeta2	48	static
/home/coco/Robot_Myself/Core/Src/brushless_motor.c:487:13:BLDC_CalibrateM1ElectricalZero	40	static
/home/coco/Robot_Myself/Core/Src/brushless_motor.c:541:13:BLDC_CalibrateM2ElectricalZero	40	static
/home/coco/Robot_Myself/Core/Src/brushless_motor.c:587:14:BLDC_EstimateSpeedRps	24	static
/home/coco/Robot_Myself/Core/Src/brushless_motor.c:605:6:BLDC_Init	8	static
/home/coco/Robot_Myself/Core/Src/brushless_motor.c:670:6:BLDC_SetTargetSpeedRps	16	static
/home/coco/Robot_Myself/Core/Src/brushless_motor.c:685:6:BLDC_SetTargetSpeed2Rps	16	static
/home/coco/Robot_Myself/Core/Src/brushless_motor.c:691:6:BLDC_ControlStep_1ms	96	static
/home/coco/Robot_Myself/Core/Src/brushless_motor.c:916:7:BLDC_GetMeasuredSpeedRps	4	static
/home/coco/Robot_Myself/Core/Src/brushless_motor.c:922:7:BLDC_GetMechanicalAngleRad	4	static
/home/coco/Robot_Myself/Core/Src/brushless_motor.c:928:7:BLDC_GetMechanicalAngle2Rad	4	static
/home/coco/Robot_Myself/Core/Src/brushless_motor.c:934:7:BLDC_GetMeasuredSpeed2Rps	4	static
/home/coco/Robot_Myself/Core/Src/brushless_motor.c:939:10:BLDC_GetLastRawAngleM1	4	static
/home/coco/Robot_Myself/Core/Src/brushless_motor.c:944:6:BLDC_GetLastRawAngleM1Valid	4	static
/home/coco/Robot_Myself/Core/Src/brushless_motor.c:949:6:BLDC_ReadRawAngleM1Now	24	static
/home/coco/Robot_Myself/Core/Src/brushless_motor.c:978:9:BLDC_GetCurrentRawA	4	static
/home/coco/Robot_Myself/Core/Src/brushless_motor.c:983:9:BLDC_GetCurrentRawB	4	static
/home/coco/Robot_Myself/Core/Src/brushless_motor.c:988:7:BLDC_GetCurrentD	4	static
/home/coco/Robot_Myself/Core/Src/brushless_motor.c:993:7:BLDC_GetCurrentQ	4	static
/home/coco/Robot_Myself/Core/Src/brushless_motor.c:998:7:BLDC_GetUa	4	static
/home/coco/Robot_Myself/Core/Src/brushless_motor.c:1003:7:BLDC_GetUb	4	static
/home/coco/Robot_Myself/Core/Src/brushless_motor.c:1008:7:BLDC_GetUc	4	static
