/home/coco/Robot_Myself/Core/Src/core.c:46:13:Core_ProbeMpuWhoAmI	40	static
/home/coco/Robot_Myself/Core/Src/core.c:70:17:Core_RowToScale	16	static
/home/coco/Robot_Myself/Core/Src/core.c:99:17:Core_OrientationMatrixToScalar	24	static
/home/coco/Robot_Myself/Core/Src/core.c:110:13:Core_AutoZeroPitchAtBoot	80	static
/home/coco/Robot_Myself/Core/Src/core.c:158:14:Core_Clamp	24	static
/home/coco/Robot_Myself/Core/Src/core.c:171:14:Core_NormalizeAngle	16	static
/home/coco/Robot_Myself/Core/Src/core.c:188:14:Core_QuaternionToPitchRad	40	static
/home/coco/Robot_Myself/Core/Src/core.c:214:13:Core_InitMpu	48	static
/home/coco/Robot_Myself/Core/Src/core.c:346:6:Core_ControlInit	8	static
/home/coco/Robot_Myself/Core/Src/core.c:380:6:Core_ImuUpdate1ms	64	static
/home/coco/Robot_Myself/Core/Src/core.c:424:6:Core_BalanceStep1ms	24	static
/home/coco/Robot_Myself/Core/Src/core.c:457:6:Core_ControlStep1ms	8	static
/home/coco/Robot_Myself/Core/Src/core.c:463:7:Core_GetPitchRad	4	static
/home/coco/Robot_Myself/Core/Src/core.c:468:7:Core_GetPitchDeg	4	static
/home/coco/Robot_Myself/Core/Src/core.c:473:6:Core_SetPitchOffsetRad	16	static
/home/coco/Robot_Myself/Core/Src/core.c:480:7:Core_GetPitchOffsetRad	4	static
/home/coco/Robot_Myself/Core/Src/core.c:485:6:Core_SetBalancePid	24	static
/home/coco/Robot_Myself/Core/Src/core.c:494:6:Core_GetBalancePid	24	static
/home/coco/Robot_Myself/Core/Src/core.c:510:6:Core_ResetBalanceIntegrator	4	static
/home/coco/Robot_Myself/Core/Src/core.c:516:6:Core_IsImuReady	4	static
/home/coco/Robot_Myself/Core/Src/core.c:521:6:Core_IsImuSampleValid	4	static
/home/coco/Robot_Myself/Core/Src/core.c:526:10:Core_GetImuOkCount	4	static
/home/coco/Robot_Myself/Core/Src/core.c:531:10:Core_GetImuFailCount	4	static
/home/coco/Robot_Myself/Core/Src/core.c:536:10:Core_GetImuInitStage	4	static
/home/coco/Robot_Myself/Core/Src/core.c:541:9:Core_GetImuInitLastRet	4	static
