/home/fanzeny/桌面/Robot_Myself/Core/Src/core.c:42:14:Core_Clamp	24	static
/home/fanzeny/桌面/Robot_Myself/Core/Src/core.c:55:14:Core_NormalizeAngle	16	static
/home/fanzeny/桌面/Robot_Myself/Core/Src/core.c:72:14:Core_QuaternionToPitchRad	40	static
/home/fanzeny/桌面/Robot_Myself/Core/Src/core.c:98:13:Core_InitMpu	48	static
/home/fanzeny/桌面/Robot_Myself/Core/Src/core.c:208:6:Core_ControlInit	8	static
/home/fanzeny/桌面/Robot_Myself/Core/Src/core.c:232:6:Core_ImuUpdate1ms	64	static
/home/fanzeny/桌面/Robot_Myself/Core/Src/core.c:276:6:Core_BalanceStep1ms	24	static
/home/fanzeny/桌面/Robot_Myself/Core/Src/core.c:309:6:Core_ControlStep1ms	8	static
/home/fanzeny/桌面/Robot_Myself/Core/Src/core.c:315:7:Core_GetPitchRad	4	static
/home/fanzeny/桌面/Robot_Myself/Core/Src/core.c:320:7:Core_GetPitchDeg	4	static
/home/fanzeny/桌面/Robot_Myself/Core/Src/core.c:325:6:Core_SetPitchOffsetRad	16	static
/home/fanzeny/桌面/Robot_Myself/Core/Src/core.c:332:7:Core_GetPitchOffsetRad	4	static
/home/fanzeny/桌面/Robot_Myself/Core/Src/core.c:337:6:Core_SetBalancePid	24	static
/home/fanzeny/桌面/Robot_Myself/Core/Src/core.c:346:6:Core_GetBalancePid	24	static
/home/fanzeny/桌面/Robot_Myself/Core/Src/core.c:362:6:Core_ResetBalanceIntegrator	4	static
/home/fanzeny/桌面/Robot_Myself/Core/Src/core.c:368:6:Core_IsImuReady	4	static
/home/fanzeny/桌面/Robot_Myself/Core/Src/core.c:373:6:Core_IsImuSampleValid	4	static
/home/fanzeny/桌面/Robot_Myself/Core/Src/core.c:378:10:Core_GetImuOkCount	4	static
/home/fanzeny/桌面/Robot_Myself/Core/Src/core.c:383:10:Core_GetImuFailCount	4	static
/home/fanzeny/桌面/Robot_Myself/Core/Src/core.c:388:10:Core_GetImuInitStage	4	static
/home/fanzeny/桌面/Robot_Myself/Core/Src/core.c:393:9:Core_GetImuInitLastRet	4	static
