/home/coco/Robot_Myself/Core/Src/freertos.c:150:6:MX_FREERTOS_Init	8	static
/home/coco/Robot_Myself/Core/Src/freertos.c:208:6:StartDefaultTask	16	static
/home/coco/Robot_Myself/Core/Src/freertos.c:228:6:StartTask02	80	static
/home/coco/Robot_Myself/Core/Src/freertos.c:333:6:StartTask03	16	static
/home/coco/Robot_Myself/Core/Src/freertos.c:359:6:StartTask04	24	static
/home/coco/Robot_Myself/Core/Src/freertos.c:390:13:ParsePercentCommand	24	static
/home/coco/Robot_Myself/Core/Src/freertos.c:414:13:ParseDirectionCommand	40	static
/home/coco/Robot_Myself/Core/Src/freertos.c:443:13:ParseDirectionSpeedCommand	64	static
/home/coco/Robot_Myself/Core/Src/freertos.c:490:13:ParseSteeringCommand	40	static
/home/coco/Robot_Myself/Core/Src/freertos.c:527:13:ParsePitchOffsetCommand	40	static
/home/coco/Robot_Myself/Core/Src/freertos.c:558:13:ParsePidCommand	64	static
/home/coco/Robot_Myself/Core/Src/freertos.c:593:13:ParsePitchQueryCommand	32	static
/home/coco/Robot_Myself/Core/Src/freertos.c:618:13:ParseControlModeCommand	32	static
/home/coco/Robot_Myself/Core/Src/freertos.c:652:13:ProcessUartCommandByte	136	static
/home/coco/Robot_Myself/Core/Src/freertos.c:825:13:PollUartSpeedCommandDma	16	static
/home/coco/Robot_Myself/Core/Src/freertos.c:845:6:vApplicationStackOverflowHook	24	static
