/home/fanzeny/桌面/Robot_Myself/Core/Src/freertos.c:140:6:MX_FREERTOS_Init	8	static
/home/fanzeny/桌面/Robot_Myself/Core/Src/freertos.c:198:6:StartDefaultTask	16	static
/home/fanzeny/桌面/Robot_Myself/Core/Src/freertos.c:218:6:StartTask02	64	static
/home/fanzeny/桌面/Robot_Myself/Core/Src/freertos.c:310:6:StartTask03	16	static
/home/fanzeny/桌面/Robot_Myself/Core/Src/freertos.c:333:6:StartTask04	24	static
/home/fanzeny/桌面/Robot_Myself/Core/Src/freertos.c:364:13:ParsePercentCommand	24	static
/home/fanzeny/桌面/Robot_Myself/Core/Src/freertos.c:388:13:ParseDirectionCommand	40	static
/home/fanzeny/桌面/Robot_Myself/Core/Src/freertos.c:417:13:ParseDirectionSpeedCommand	64	static
/home/fanzeny/桌面/Robot_Myself/Core/Src/freertos.c:464:13:ParseSteeringCommand	40	static
/home/fanzeny/桌面/Robot_Myself/Core/Src/freertos.c:501:13:ParsePitchOffsetCommand	40	static
/home/fanzeny/桌面/Robot_Myself/Core/Src/freertos.c:532:13:ParsePidCommand	64	static
/home/fanzeny/桌面/Robot_Myself/Core/Src/freertos.c:567:13:ParsePitchQueryCommand	32	static
/home/fanzeny/桌面/Robot_Myself/Core/Src/freertos.c:589:13:ProcessUartCommandByte	136	static
/home/fanzeny/桌面/Robot_Myself/Core/Src/freertos.c:738:13:PollUartSpeedCommandDma	16	static
/home/fanzeny/桌面/Robot_Myself/Core/Src/freertos.c:758:6:vApplicationStackOverflowHook	16	static,ignoring_inline_asm
