/home/fanzeny/桌面/Robot_Myself/Core/Src/inv_mpu_dmp_motion_driver.c:55:12:stm32_get_ms	16	static
/home/fanzeny/桌面/Robot_Myself/Core/Src/inv_mpu_dmp_motion_driver.c:519:5:dmp_load_motion_driver_firmware	8	static
/home/fanzeny/桌面/Robot_Myself/Core/Src/inv_mpu_dmp_motion_driver.c:532:5:dmp_set_orientation	40	static
/home/fanzeny/桌面/Robot_Myself/Core/Src/inv_mpu_dmp_motion_driver.c:587:5:dmp_set_gyro_bias	80	static
/home/fanzeny/桌面/Robot_Myself/Core/Src/inv_mpu_dmp_motion_driver.c:639:5:dmp_set_accel_bias	112	static,ignoring_inline_asm
/home/fanzeny/桌面/Robot_Myself/Core/Src/inv_mpu_dmp_motion_driver.c:691:5:dmp_set_fifo_rate	40	static
/home/fanzeny/桌面/Robot_Myself/Core/Src/inv_mpu_dmp_motion_driver.c:717:5:dmp_get_fifo_rate	16	static
/home/fanzeny/桌面/Robot_Myself/Core/Src/inv_mpu_dmp_motion_driver.c:729:5:dmp_set_tap_thresh	32	static
/home/fanzeny/桌面/Robot_Myself/Core/Src/inv_mpu_dmp_motion_driver.c:795:5:dmp_set_tap_axes	24	static
/home/fanzeny/桌面/Robot_Myself/Core/Src/inv_mpu_dmp_motion_driver.c:813:5:dmp_set_tap_count	24	static
/home/fanzeny/桌面/Robot_Myself/Core/Src/inv_mpu_dmp_motion_driver.c:831:5:dmp_set_tap_time	24	static
/home/fanzeny/桌面/Robot_Myself/Core/Src/inv_mpu_dmp_motion_driver.c:847:5:dmp_set_tap_time_multi	24	static
/home/fanzeny/桌面/Robot_Myself/Core/Src/inv_mpu_dmp_motion_driver.c:865:5:dmp_set_shake_reject_thresh	24	static
/home/fanzeny/桌面/Robot_Myself/Core/Src/inv_mpu_dmp_motion_driver.c:884:5:dmp_set_shake_reject_time	24	static
/home/fanzeny/桌面/Robot_Myself/Core/Src/inv_mpu_dmp_motion_driver.c:902:5:dmp_set_shake_reject_timeout	24	static
/home/fanzeny/桌面/Robot_Myself/Core/Src/inv_mpu_dmp_motion_driver.c:917:5:dmp_get_pedometer_step_count	24	static
/home/fanzeny/桌面/Robot_Myself/Core/Src/inv_mpu_dmp_motion_driver.c:938:5:dmp_set_pedometer_step_count	24	static
/home/fanzeny/桌面/Robot_Myself/Core/Src/inv_mpu_dmp_motion_driver.c:954:5:dmp_get_pedometer_walk_time	24	static
/home/fanzeny/桌面/Robot_Myself/Core/Src/inv_mpu_dmp_motion_driver.c:974:5:dmp_set_pedometer_walk_time	24	static
/home/fanzeny/桌面/Robot_Myself/Core/Src/inv_mpu_dmp_motion_driver.c:1004:5:dmp_enable_feature	32	static
/home/fanzeny/桌面/Robot_Myself/Core/Src/inv_mpu_dmp_motion_driver.c:1126:5:dmp_get_enabled_features	16	static
/home/fanzeny/桌面/Robot_Myself/Core/Src/inv_mpu_dmp_motion_driver.c:1141:5:dmp_enable_gyro_cal	40	static
/home/fanzeny/桌面/Robot_Myself/Core/Src/inv_mpu_dmp_motion_driver.c:1159:5:dmp_enable_lp_quat	24	static
/home/fanzeny/桌面/Robot_Myself/Core/Src/inv_mpu_dmp_motion_driver.c:1183:5:dmp_enable_6x_lp_quat	24	static
/home/fanzeny/桌面/Robot_Myself/Core/Src/inv_mpu_dmp_motion_driver.c:1204:12:decode_gesture	24	static
/home/fanzeny/桌面/Robot_Myself/Core/Src/inv_mpu_dmp_motion_driver.c:1236:5:dmp_set_interrupt_mode	40	static
/home/fanzeny/桌面/Robot_Myself/Core/Src/inv_mpu_dmp_motion_driver.c:1275:5:dmp_read_fifo	80	static
/home/fanzeny/桌面/Robot_Myself/Core/Src/inv_mpu_dmp_motion_driver.c:1368:5:dmp_register_tap_cb	16	static
/home/fanzeny/桌面/Robot_Myself/Core/Src/inv_mpu_dmp_motion_driver.c:1379:5:dmp_register_android_orient_cb	16	static
