/home/coco/Robot_Myself/Core/Src/stm32f4xx_it.c:78:6:NMI_Handler	4	static
/home/coco/Robot_Myself/Core/Src/stm32f4xx_it.c:93:6:HardFault_Handler	4	static
/home/coco/Robot_Myself/Core/Src/stm32f4xx_it.c:115:6:MemManage_Handler	4	static
/home/coco/Robot_Myself/Core/Src/stm32f4xx_it.c:130:6:BusFault_Handler	4	static
/home/coco/Robot_Myself/Core/Src/stm32f4xx_it.c:145:6:UsageFault_Handler	4	static
/home/coco/Robot_Myself/Core/Src/stm32f4xx_it.c:160:6:DebugMon_Handler	4	static
/home/coco/Robot_Myself/Core/Src/stm32f4xx_it.c:180:6:DMA1_Stream5_IRQHandler	8	static
/home/coco/Robot_Myself/Core/Src/stm32f4xx_it.c:194:6:TIM1_UP_TIM10_IRQHandler	8	static
