/home/coco/Robot_Myself/Core/Src/syscalls.c:47:6:initialise_monitor_handles	4	static
/home/coco/Robot_Myself/Core/Src/syscalls.c:51:5:_getpid	4	static
/home/coco/Robot_Myself/Core/Src/syscalls.c:56:5:_kill	16	static
/home/coco/Robot_Myself/Core/Src/syscalls.c:64:6:_exit	16	static
/home/coco/Robot_Myself/Core/Src/syscalls.c:70:27:_read	32	static
/home/coco/Robot_Myself/Core/Src/syscalls.c:83:27:_write	32	static
/home/coco/Robot_Myself/Core/Src/syscalls.c:95:5:_close	16	static
/home/coco/Robot_Myself/Core/Src/syscalls.c:102:5:_fstat	16	static
/home/coco/Robot_Myself/Core/Src/syscalls.c:109:5:_isatty	16	static
/home/coco/Robot_Myself/Core/Src/syscalls.c:115:5:_lseek	24	static
/home/coco/Robot_Myself/Core/Src/syscalls.c:123:7:__io_putchar	24	static
/home/coco/Robot_Myself/Core/Src/syscalls.c:131:7:__io_getchar	16	static
/home/coco/Robot_Myself/Core/Src/syscalls.c:142:5:_open	12	static
/home/coco/Robot_Myself/Core/Src/syscalls.c:150:5:_wait	16	static
/home/coco/Robot_Myself/Core/Src/syscalls.c:157:5:_unlink	16	static
/home/coco/Robot_Myself/Core/Src/syscalls.c:164:9:_times	16	static
/home/coco/Robot_Myself/Core/Src/syscalls.c:170:5:_stat	16	static
/home/coco/Robot_Myself/Core/Src/syscalls.c:177:5:_link	16	static
/home/coco/Robot_Myself/Core/Src/syscalls.c:185:5:_fork	8	static
/home/coco/Robot_Myself/Core/Src/syscalls.c:191:5:_execve	24	static
